Archive member included because of file (symbol)

c:\Users\tooy0\AppData\Roaming\Code\User\globalStorage\vexrobotics.vexcode\sdk\cpp\IQ2\IQ2_20250520_15_00_00/vexiq2\libviq2rt.a(iq2_startup.c.o)
                              (vexStartup)
c:\Users\tooy0\AppData\Roaming\Code\User\globalStorage\vexrobotics.vexcode\sdk\cpp\IQ2\IQ2_20250520_15_00_00/vexiq2\libviq2rt.a(iq2_apijump.c.o)
                              c:\Users\tooy0\AppData\Roaming\Code\User\globalStorage\vexrobotics.vexcode\sdk\cpp\IQ2\IQ2_20250520_15_00_00/vexiq2\libviq2rt.a(iq2_startup.c.o) (vexTaskAdd)
c:\Users\tooy0\AppData\Roaming\Code\User\globalStorage\vexrobotics.vexcode\sdk\cpp\IQ2\IQ2_20250520_15_00_00/vexiq2\libviq2rt.a(iq2_apiversions.c.o)
                              c:\Users\tooy0\AppData\Roaming\Code\User\globalStorage\vexrobotics.vexcode\sdk\cpp\IQ2\IQ2_20250520_15_00_00/vexiq2\libviq2rt.a(iq2_apijump.c.o) (vexSystemVersion)
c:\Users\tooy0\AppData\Roaming\Code\User\globalStorage\vexrobotics.vexcode\sdk\cpp\IQ2\IQ2_20250520_15_00_00/vexiq2\libviq2rt.a(vex_global.cpp.o)
                              build/src/main.o (vex::wait(double, vex::timeUnits))
c:\Users\tooy0\AppData\Roaming\Code\User\globalStorage\vexrobotics.vexcode\sdk\cpp\IQ2\IQ2_20250520_15_00_00/vexiq2\libviq2rt.a(vex_color.cpp.o)
                              build/src/main.o (vex::color::~color())
c:\Users\tooy0\AppData\Roaming\Code\User\globalStorage\vexrobotics.vexcode\sdk\cpp\IQ2\IQ2_20250520_15_00_00/vexiq2\libviq2rt.a(vex_thread.cpp.o)
                              build/src/main.o (vex::thread::thread(int (*)()))
c:\Users\tooy0\AppData\Roaming\Code\User\globalStorage\vexrobotics.vexcode\sdk\cpp\IQ2\IQ2_20250520_15_00_00/vexiq2\libviq2rt.a(vex_brain.cpp.o)
                              build/src/main.o (vex::brain::~brain())
c:\Users\tooy0\AppData\Roaming\Code\User\globalStorage\vexrobotics.vexcode\sdk\cpp\IQ2\IQ2_20250520_15_00_00/vexiq2\libviq2rt.a(vex_timer.cpp.o)
                              c:\Users\tooy0\AppData\Roaming\Code\User\globalStorage\vexrobotics.vexcode\sdk\cpp\IQ2\IQ2_20250520_15_00_00/vexiq2\libviq2rt.a(vex_brain.cpp.o) (vex::timer::~timer())
c:\Users\tooy0\AppData\Roaming\Code\User\globalStorage\vexrobotics.vexcode\sdk\cpp\IQ2\IQ2_20250520_15_00_00/vexiq2\libviq2rt.a(vex_motor.cpp.o)
                              build/src/main.o (vex::motor::~motor())
c:\Users\tooy0\AppData\Roaming\Code\User\globalStorage\vexrobotics.vexcode\sdk\cpp\IQ2\IQ2_20250520_15_00_00/vexiq2\libviq2rt.a(vex_touchled.cpp.o)
                              build/src/main.o (vex::touchled::touchled(long))
c:\Users\tooy0\AppData\Roaming\Code\User\globalStorage\vexrobotics.vexcode\sdk\cpp\IQ2\IQ2_20250520_15_00_00/vexiq2\libviq2rt.a(vex_imu.cpp.o)
                              build/src/main.o (vex::inertial::~inertial())
c:\Users\tooy0\AppData\Roaming\Code\User\globalStorage\vexrobotics.vexcode\sdk\cpp\IQ2\IQ2_20250520_15_00_00/vexiq2\libviq2rt.a(vex_distance.cpp.o)
                              build/src/main.o (vex::distance::distance(long))
c:\Users\tooy0\AppData\Roaming\Code\User\globalStorage\vexrobotics.vexcode\sdk\cpp\IQ2\IQ2_20250520_15_00_00/vexiq2\libviq2rt.a(vex_pneumatic.cpp.o)
                              build/src/main.o (vex::pneumatic::pneumatic(long, bool))
c:\Users\tooy0\AppData\Roaming\Code\User\globalStorage\vexrobotics.vexcode\sdk\cpp\IQ2\IQ2_20250520_15_00_00/vexiq2\libviq2rt.a(vex_motorgroup.cpp.o)
                              build/src/main.o (vex::motor_group::motor_group())
c:\Users\tooy0\AppData\Roaming\Code\User\globalStorage\vexrobotics.vexcode\sdk\cpp\IQ2\IQ2_20250520_15_00_00/vexiq2\libviq2rt.a(vex_controller.cpp.o)
                              build/src/main.o (vex::controller::controller())
c:\Users\tooy0\AppData\Roaming\Code\User\globalStorage\vexrobotics.vexcode\sdk\cpp\IQ2\IQ2_20250520_15_00_00/vexiq2\libviq2rt.a(vex_event.cpp.o)
                              c:\Users\tooy0\AppData\Roaming\Code\User\globalStorage\vexrobotics.vexcode\sdk\cpp\IQ2\IQ2_20250520_15_00_00/vexiq2\libviq2rt.a(vex_brain.cpp.o) (vex::event::init(unsigned long, unsigned long, void (*)()))
c:\Users\tooy0\AppData\Roaming\Code\User\globalStorage\vexrobotics.vexcode\sdk\cpp\IQ2\IQ2_20250520_15_00_00/vexiq2\libviq2rt.a(vex_device.cpp.o)
                              c:\Users\tooy0\AppData\Roaming\Code\User\globalStorage\vexrobotics.vexcode\sdk\cpp\IQ2\IQ2_20250520_15_00_00/vexiq2\libviq2rt.a(vex_pneumatic.cpp.o) (vex::device::value())
c:\Users\tooy0\AppData\Roaming\Code\User\globalStorage\vexrobotics.vexcode\sdk\cpp\IQ2\IQ2_20250520_15_00_00/vexiq2/gcc/libs\libc_nano.a(lib_a-aeabi_atexit.o)
                              c:\Users\tooy0\AppData\Roaming\Code\User\globalStorage\vexrobotics.vexcode\sdk\cpp\IQ2\IQ2_20250520_15_00_00/vexiq2\libviq2rt.a(vex_color.cpp.o) (__aeabi_atexit)
c:\Users\tooy0\AppData\Roaming\Code\User\globalStorage\vexrobotics.vexcode\sdk\cpp\IQ2\IQ2_20250520_15_00_00/vexiq2/gcc/libs\libc_nano.a(lib_a-fclose.o)
[...]
Memory Configuration

Name             Origin             Length             Attributes
SRAM_1_2_3       0x20010000         0x00018000         xrw
*default*        0x00000000         0xffffffff

Linker script and memory map

                0x00000020                _STACK_SIZE = DEFINED (_STACK_SIZE)?_STACK_SIZE:0x20
                0x00001000                _HEAP_SIZE = DEFINED (_HEAP_SIZE)?_HEAP_SIZE:0x1000

.text           0x20010000     0x52f0
 *(.vectors)
 *(.boot_data)
 .boot_data     0x20010000       0x10 c:\Users\tooy0\AppData\Roaming\Code\User\globalStorage\vexrobotics.vexcode\sdk\cpp\IQ2\IQ2_20250520_15_00_00/vexiq2\libviq2rt.a(iq2_startup.c.o)
                0x20010000                vexCodeSig
                0x00000020                . = 0x20
 *fill*         0x20010010       0x10 
 *(.boot)
 .boot          0x20010020       0x64 c:\Users\tooy0\AppData\Roaming\Code\User\globalStorage\vexrobotics.vexcode\sdk\cpp\IQ2\IQ2_20250520_15_00_00/vexiq2\libviq2rt.a(iq2_startup.c.o)
                0x20010020                vexStartup
                0x200100c0                . = ALIGN (0x40)
 *fill*         0x20010084       0x3c 
 *(.freertos_vectors)
 *(.text)
 .text          0x200100c0      0x378 c:\Users\tooy0\AppData\Roaming\Code\User\globalStorage\vexrobotics.vexcode\sdk\cpp\IQ2\IQ2_20250520_15_00_00/vexiq2/gcc/libs\libgcc.a(_arm_addsubdf3.o)
                0x200100c0                __aeabi_drsub
                0x200100c8                __aeabi_dsub
                0x200100c8                __subdf3
                0x200100cc                __aeabi_dadd
                0x200100cc                __adddf3
                0x20010344                __floatunsidf
                0x20010344                __aeabi_ui2d
                0x20010364                __floatsidf
                0x20010364                __aeabi_i2d
                0x20010388                __aeabi_f2d
                0x20010388                __extendsfdf2
                0x200103cc                __floatundidf
                0x200103cc                __aeabi_ul2d
                0x200103dc                __floatdidf
                0x200103dc                __aeabi_l2d
 .text          0x20010438      0x424 c:\Users\tooy0\AppData\Roaming\Code\User\globalStorage\vexrobotics.vexcode\sdk\cpp\IQ2\IQ2_20250520_15_00_00/vexiq2/gcc/libs\libgcc.a(_arm_muldivdf3.o)
                0x20010438                __aeabi_dmul
                0x20010438                __muldf3
                0x2001068c                __divdf3
                0x2001068c                __aeabi_ddiv
 .text          0x2001085c      0x110 c:\Users\tooy0\AppData\Roaming\Code\User\globalStorage\vexrobotics.vexcode\sdk\cpp\IQ2\IQ2_20250520_15_00_00/vexiq2/gcc/libs\libgcc.a(_arm_cmpdf2.o)
                0x2001085c                __gtdf2
                0x2001085c                __gedf2
                0x20010864                __ltdf2
                0x20010864                __ledf2
                0x2001086c                __nedf2
                0x2001086c                __eqdf2
                0x2001086c                __cmpdf2
                0x200108e8                __aeabi_cdrcmple
                0x200108f8                __aeabi_cdcmpeq
                0x200108f8                __aeabi_cdcmple
                0x20010908                __aeabi_dcmpeq
                0x2001091c                __aeabi_dcmplt
                0x20010930                __aeabi_dcmple
                0x20010944                __aeabi_dcmpge
                0x20010958                __aeabi_dcmpgt
 .text          0x2001096c       0x2c c:\Users\tooy0\AppData\Roaming\Code\User\globalStorage\vexrobotics.vexcode\sdk\cpp\IQ2\IQ2_20250520_15_00_00/vexiq2/gcc/libs\libgcc.a(_arm_unorddf2.o)
                0x2001096c                __unorddf2
                0x2001096c                __aeabi_dcmpun
 .text          0x20010998       0x50 c:\Users\tooy0\AppData\Roaming\Code\User\globalStorage\vexrobotics.vexcode\sdk\cpp\IQ2\IQ2_20250520_15_00_00/vexiq2/gcc/libs\libgcc.a(_arm_fixdfsi.o)
                0x20010998                __aeabi_d2iz
                0x20010998                __fixdfsi
 *(.text.*)
 .text._Z20initializeRandomSeedv
                0x200109e8       0xc0 build/src/main.o
                0x200109e8                initializeRandomSeed()
 .text._Z10Place_beamv
                0x20010aa8      0x278 build/src/main.o
                0x20010aa8                Place_beam()
 .text._Z9Drop_downv
                0x20010d20      0x1b8 build/src/main.o
                0x20010d20                Drop_down()
 .text._Z14Drop_down_beamv
                0x20010ed8      0x190 build/src/main.o
                0x20010ed8                Drop_down_beam()
 .text._Z8Lup_Initv
                0x20011068       0x60 build/src/main.o
                0x20011068                Lup_Init()
 .text._Z10Ldown_Initv
                0x200110c8       0x60 build/src/main.o
                0x200110c8                Ldown_Init()
 .text._Z10Rdown_Initv
                0x20011128       0x78 build/src/main.o
                0x20011128                Rdown_Init()
 .text._Z12Grab_then_upv
                0x200111a0       0xc8 build/src/main.o
                0x200111a0                Grab_then_up()
 .text._Z8Rup_Initv
                0x20011268       0x70 build/src/main.o
                0x20011268                Rup_Init()
 .text._Z17Drop_down_Grab_Upv
                0x200112d8      0x4b0 build/src/main.o
                0x200112d8                Drop_down_Grab_Up()
 .text._Z10Spin_Robotv
                0x20011788      0x370 build/src/main.o
                0x20011788                Spin_Robot()
 .text._Z8standoffv
                0x20011af8      0x200 build/src/main.o
                0x20011af8                standoff()
 .text._Z20Pin_On_the_sidelinesv
                0x20011cf8      0x380 build/src/main.o
                0x20011cf8                Pin_On_the_sidelines()
 .text._Z4flipv
                0x20012078      0x2f8 build/src/main.o
                0x20012078                flip()
 .text._Z11LUp_pressedv
                0x20012370       0xd0 build/src/main.o
                0x20012370                LUp_pressed()
 .text._Z13LDown_pressedv
                0x20012440       0x30 build/src/main.o
                0x20012440                LDown_pressed()
 .text._Z5Drivev
                0x20012470      0x2a8 build/src/main.o
                0x20012470                Drive()
 .text._Z13control_drivev
                0x20012718       0x40 build/src/main.o
                0x20012718                control_drive()
 .text._Z5startv
                0x20012758      0x1b0 build/src/main.o
                0x20012758                start()
 .text._Z13FDown_pressedv
                0x20012908      0x120 build/src/main.o
                0x20012908                FDown_pressed()
 .text._Z11FUp_pressedv
                0x20012a28      0x1c0 build/src/main.o
                0x20012a28                FUp_pressed()
 .text._Z13RDown_pressedv
                0x20012be8       0x3e build/src/main.o
                0x20012be8                RDown_pressed()
 .text._Z13EDown_pressdev
                0x20012c26       0x14 build/src/main.o
                0x20012c26                EDown_pressde()
 .text._Z11RUp_pressedv
                0x20012c3a       0x56 build/src/main.o
                0x20012c3a                RUp_pressed()
 .text._Z4Timev
                0x20012c90       0xa8 build/src/main.o
                0x20012c90                Time()
 .text._Z11EUp_pressedv
                0x20012d38      0x120 build/src/main.o
                0x20012d38                EUp_pressed()
 .text._Z18ControllerDChangedv
                0x20012e58       0xc0 build/src/main.o
                0x20012e58                ControllerDChanged()
 .text._Z18ControllerCChangedv
                0x20012f18       0x50 build/src/main.o
                0x20012f18                ControllerCChanged()
 .text._Z26ControllerButtonR3_pressedv
                0x20012f68       0x48 build/src/main.o
                0x20012f68                ControllerButtonR3_pressed()
 .text.main     0x20012fb0       0xf4 build/src/main.o
                0x20012fb0                main
 .text._GLOBAL__sub_I_main.cpp
                0x200130a4      0x264 build/src/main.o
 .text.vexMain  0x20013308       0x60 c:\Users\tooy0\AppData\Roaming\Code\User\globalStorage\vexrobotics.vexcode\sdk\cpp\IQ2\IQ2_20250520_15_00_00/vexiq2\libviq2rt.a(iq2_startup.c.o)
                0x20013308                vexMain
 .text.__vex_function_prolog
                0x20013368       0x10 c:\Users\tooy0\AppData\Roaming\Code\User\globalStorage\vexrobotics.vexcode\sdk\cpp\IQ2\IQ2_20250520_15_00_00/vexiq2\libviq2rt.a(iq2_startup.c.o)
                0x20013368                __vex_function_prolog
 .text._init    0x20013378        0x2 c:\Users\tooy0\AppData\Roaming\Code\User\globalStorage\vexrobotics.vexcode\sdk\cpp\IQ2\IQ2_20250520_15_00_00/vexiq2\libviq2rt.a(iq2_startup.c.o)
                0x20013378                _init
 *fill*         0x2001337a        0x2 
 .text._sbrk    0x2001337c       0x38 c:\Users\tooy0\AppData\Roaming\Code\User\globalStorage\vexrobotics.vexcode\sdk\cpp\IQ2\IQ2_20250520_15_00_00/vexiq2\libviq2rt.a(iq2_startup.c.o)
                0x2001337c                _sbrk
 .text.__cxa_atexit
                0x200133b4        0x4 c:\Users\tooy0\AppData\Roaming\Code\User\globalStorage\vexrobotics.vexcode\sdk\cpp\IQ2\IQ2_20250520_15_00_00/vexiq2\libviq2rt.a(iq2_startup.c.o)
                0x200133b4                __cxa_atexit
 .text.vexTaskAdd
                0x200133b8        0xc c:\Users\tooy0\AppData\Roaming\Code\User\globalStorage\vexrobotics.vexcode\sdk\cpp\IQ2\IQ2_20250520_15_00_00/vexiq2\libviq2rt.a(iq2_apijump.c.o)
                0x200133b8                vexTaskAdd
 .text.vexTaskCheckTimeslice
                0x200133c4        0xc c:\Users\tooy0\AppData\Roaming\Code\User\globalStorage\vexrobotics.vexcode\sdk\cpp\IQ2\IQ2_20250520_15_00_00/vexiq2\libviq2rt.a(iq2_apijump.c.o)
                0x200133c4                vexTaskCheckTimeslice
 .text.vexTaskSleep
                0x200133d0        0xc c:\Users\tooy0\AppData\Roaming\Code\User\globalStorage\vexrobotics.vexcode\sdk\cpp\IQ2\IQ2_20250520_15_00_00/vexiq2\libviq2rt.a(iq2_apijump.c.o)
                0x200133d0                vexTaskSleep
 .text.vexTasksDump
                0x200133dc       0x18 c:\Users\tooy0\AppData\Roaming\Code\User\globalStorage\vexrobotics.vexcode\sdk\cpp\IQ2\IQ2_20250520_15_00_00/vexiq2\libviq2rt.a(iq2_apijump.c.o)
                0x200133dc                vexTasksDump
 .text.vexTaskGetTaskIndex
                0x200133f4        0xc c:\Users\tooy0\AppData\Roaming\Code\User\globalStorage\vexrobotics.vexcode\sdk\cpp\IQ2\IQ2_20250520_15_00_00/vexiq2\libviq2rt.a(iq2_apijump.c.o)
                0x200133f4                vexTaskGetTaskIndex
 .text.vexTaskCompletionIdSet
                0x20013400        0xc c:\Users\tooy0\AppData\Roaming\Code\User\globalStorage\vexrobotics.vexcode\sdk\cpp\IQ2\IQ2_20250520_15_00_00/vexiq2\libviq2rt.a(iq2_apijump.c.o)
                0x20013400                vexTaskCompletionIdSet
 .text.vexCriticalSection
                0x2001340c        0xc c:\Users\tooy0\AppData\Roaming\Code\User\globalStorage\vexrobotics.vexcode\sdk\cpp\IQ2\IQ2_20250520_15_00_00/vexiq2\libviq2rt.a(iq2_apijump.c.o)
                0x2001340c                vexCriticalSection
 .text.vexDisplayContextSwitch
                0x20013418        0xc c:\Users\tooy0\AppData\Roaming\Code\User\globalStorage\vexrobotics.vexcode\sdk\cpp\IQ2\IQ2_20250520_15_00_00/vexiq2\libviq2rt.a(iq2_apijump.c.o)
                0x20013418                vexDisplayContextSwitch
 .text.vexEventAdd
                0x20013424       0x24 c:\Users\tooy0\AppData\Roaming\Code\User\globalStorage\vexrobotics.vexcode\sdk\cpp\IQ2\IQ2_20250520_15_00_00/vexiq2\libviq2rt.a(iq2_apijump.c.o)
                0x20013424                vexEventAdd
 .text.vexEventUserIndexGet
                0x20013448       0x18 c:\Users\tooy0\AppData\Roaming\Code\User\globalStorage\vexrobotics.vexcode\sdk\cpp\IQ2\IQ2_20250520_15_00_00/vexiq2\libviq2rt.a(iq2_apijump.c.o)
                0x20013448                vexEventUserIndexGet
 .text.vexDebug
                0x20013460       0x2c c:\Users\tooy0\AppData\Roaming\Code\User\globalStorage\vexrobotics.vexcode\sdk\cpp\IQ2\IQ2_20250520_15_00_00/vexiq2\libviq2rt.a(iq2_apijump.c.o)
                0x20013460                vexDebug
 .text.vex_sprintf
                0x2001348c       0x30 c:\Users\tooy0\AppData\Roaming\Code\User\globalStorage\vexrobotics.vexcode\sdk\cpp\IQ2\IQ2_20250520_15_00_00/vexiq2\libviq2rt.a(iq2_apijump.c.o)
                0x2001348c                vex_sprintf
 .text.vex_vsnprintf
                0x200134bc       0x2c c:\Users\tooy0\AppData\Roaming\Code\User\globalStorage\vexrobotics.vexcode\sdk\cpp\IQ2\IQ2_20250520_15_00_00/vexiq2\libviq2rt.a(iq2_apijump.c.o)
                0x200134bc                vex_vsnprintf
 .text.vexSystemTimeGet
                0x200134e8       0x18 c:\Users\tooy0\AppData\Roaming\Code\User\globalStorage\vexrobotics.vexcode\sdk\cpp\IQ2\IQ2_20250520_15_00_00/vexiq2\libviq2rt.a(iq2_apijump.c.o)
                0x200134e8                vexSystemTimeGet
 .text.vexSystemExitRequest
                0x20013500       0x18 c:\Users\tooy0\AppData\Roaming\Code\User\globalStorage\vexrobotics.vexcode\sdk\cpp\IQ2\IQ2_20250520_15_00_00/vexiq2\libviq2rt.a(iq2_apijump.c.o)
                0x20013500                vexSystemExitRequest
 .text.vexDeviceGetByIndex
                0x20013518       0x1c c:\Users\tooy0\AppData\Roaming\Code\User\globalStorage\vexrobotics.vexcode\sdk\cpp\IQ2\IQ2_20250520_15_00_00/vexiq2\libviq2rt.a(iq2_apijump.c.o)
                0x20013518                vexDeviceGetByIndex
 .text.vexTouchledValueGet
                0x20013534       0x1c c:\Users\tooy0\AppData\Roaming\Code\User\globalStorage\vexrobotics.vexcode\sdk\cpp\IQ2\IQ2_20250520_15_00_00/vexiq2\libviq2rt.a(iq2_apijump.c.o)
                0x20013534                vexTouchledValueGet
 .text.vexTouchledRgbSet
                0x20013550       0x2c c:\Users\tooy0\AppData\Roaming\Code\User\globalStorage\vexrobotics.vexcode\sdk\cpp\IQ2\IQ2_20250520_15_00_00/vexiq2\libviq2rt.a(iq2_apijump.c.o)
                0x20013550                vexTouchledRgbSet
 .text.vexTouchledOn
                0x2001357c       0x1c c:\Users\tooy0\AppData\Roaming\Code\User\globalStorage\vexrobotics.vexcode\sdk\cpp\IQ2\IQ2_20250520_15_00_00/vexiq2\libviq2rt.a(iq2_apijump.c.o)
                0x2001357c                vexTouchledOn
 .text.vexTouchledBrightnessSet
                0x20013598       0x20 c:\Users\tooy0\AppData\Roaming\Code\User\globalStorage\vexrobotics.vexcode\sdk\cpp\IQ2\IQ2_20250520_15_00_00/vexiq2\libviq2rt.a(iq2_apijump.c.o)
                0x20013598                vexTouchledBrightnessSet
 .text.vexMotorVelocitySet
                0x200135b8       0x20 c:\Users\tooy0\AppData\Roaming\Code\User\globalStorage\vexrobotics.vexcode\sdk\cpp\IQ2\IQ2_20250520_15_00_00/vexiq2\libviq2rt.a(iq2_apijump.c.o)
                0x200135b8                vexMotorVelocitySet
 .text.vexMotorActualVelocityGet
                0x200135d8       0x1c c:\Users\tooy0\AppData\Roaming\Code\User\globalStorage\vexrobotics.vexcode\sdk\cpp\IQ2\IQ2_20250520_15_00_00/vexiq2\libviq2rt.a(iq2_apijump.c.o)
                0x200135d8                vexMotorActualVelocityGet
 .text.vexMotorModeGet
                0x200135f4       0x1c c:\Users\tooy0\AppData\Roaming\Code\User\globalStorage\vexrobotics.vexcode\sdk\cpp\IQ2\IQ2_20250520_15_00_00/vexiq2\libviq2rt.a(iq2_apijump.c.o)
                0x200135f4                vexMotorModeGet
 .text.vexMotorCurrentLimitSet
                0x20013610       0x20 c:\Users\tooy0\AppData\Roaming\Code\User\globalStorage\vexrobotics.vexcode\sdk\cpp\IQ2\IQ2_20250520_15_00_00/vexiq2\libviq2rt.a(iq2_apijump.c.o)
                0x20013610                vexMotorCurrentLimitSet
 .text.vexMotorZeroPositionFlagGet
                0x20013630       0x1c c:\Users\tooy0\AppData\Roaming\Code\User\globalStorage\vexrobotics.vexcode\sdk\cpp\IQ2\IQ2_20250520_15_00_00/vexiq2\libviq2rt.a(iq2_apijump.c.o)
                0x20013630                vexMotorZeroPositionFlagGet
 .text.vexMotorReverseFlagSet
                0x2001364c       0x20 c:\Users\tooy0\AppData\Roaming\Code\User\globalStorage\vexrobotics.vexcode\sdk\cpp\IQ2\IQ2_20250520_15_00_00/vexiq2\libviq2rt.a(iq2_apijump.c.o)
                0x2001364c                vexMotorReverseFlagSet
 .text.vexMotorEncoderUnitsSet
                0x2001366c       0x20 c:\Users\tooy0\AppData\Roaming\Code\User\globalStorage\vexrobotics.vexcode\sdk\cpp\IQ2\IQ2_20250520_15_00_00/vexiq2\libviq2rt.a(iq2_apijump.c.o)
                0x2001366c                vexMotorEncoderUnitsSet
 .text.vexMotorBrakeModeSet
                0x2001368c       0x20 c:\Users\tooy0\AppData\Roaming\Code\User\globalStorage\vexrobotics.vexcode\sdk\cpp\IQ2\IQ2_20250520_15_00_00/vexiq2\libviq2rt.a(iq2_apijump.c.o)
                0x2001368c                vexMotorBrakeModeSet
 .text.vexMotorPositionSet
                0x200136ac       0x34 c:\Users\tooy0\AppData\Roaming\Code\User\globalStorage\vexrobotics.vexcode\sdk\cpp\IQ2\IQ2_20250520_15_00_00/vexiq2\libviq2rt.a(iq2_apijump.c.o)
                0x200136ac                vexMotorPositionSet
 .text.vexMotorPositionGet
                0x200136e0       0x1c c:\Users\tooy0\AppData\Roaming\Code\User\globalStorage\vexrobotics.vexcode\sdk\cpp\IQ2\IQ2_20250520_15_00_00/vexiq2\libviq2rt.a(iq2_apijump.c.o)
                0x200136e0                vexMotorPositionGet
 .text.vexMotorAbsoluteTargetSet
                0x200136fc       0x38 c:\Users\tooy0\AppData\Roaming\Code\User\globalStorage\vexrobotics.vexcode\sdk\cpp\IQ2\IQ2_20250520_15_00_00/vexiq2\libviq2rt.a(iq2_apijump.c.o)
                0x200136fc                vexMotorAbsoluteTargetSet
 .text.vexMotorRelativeTargetSet
                0x20013734       0x38 c:\Users\tooy0\AppData\Roaming\Code\User\globalStorage\vexrobotics.vexcode\sdk\cpp\IQ2\IQ2_20250520_15_00_00/vexiq2\libviq2rt.a(iq2_apijump.c.o)
                0x20013734                vexMotorRelativeTargetSet
 .text.vexImuReset
                0x2001376c       0x1c c:\Users\tooy0\AppData\Roaming\Code\User\globalStorage\vexrobotics.vexcode\sdk\cpp\IQ2\IQ2_20250520_15_00_00/vexiq2\libviq2rt.a(iq2_apijump.c.o)
                0x2001376c                vexImuReset
 .text.vexImuHeadingGet
                0x20013788       0x1c c:\Users\tooy0\AppData\Roaming\Code\User\globalStorage\vexrobotics.vexcode\sdk\cpp\IQ2\IQ2_20250520_15_00_00/vexiq2\libviq2rt.a(iq2_apijump.c.o)
                0x20013788                vexImuHeadingGet
 .text.vexImuDegreesGet
                0x200137a4       0x1c c:\Users\tooy0\AppData\Roaming\Code\User\globalStorage\vexrobotics.vexcode\sdk\cpp\IQ2\IQ2_20250520_15_00_00/vexiq2\libviq2rt.a(iq2_apijump.c.o)
                0x200137a4                vexImuDegreesGet
 .text.vexImuRawAccelGet
                0x200137c0       0x20 c:\Users\tooy0\AppData\Roaming\Code\User\globalStorage\vexrobotics.vexcode\sdk\cpp\IQ2\IQ2_20250520_15_00_00/vexiq2\libviq2rt.a(iq2_apijump.c.o)
                0x200137c0                vexImuRawAccelGet
 .text.vexImuStatusGet
                0x200137e0       0x1c c:\Users\tooy0\AppData\Roaming\Code\User\globalStorage\vexrobotics.vexcode\sdk\cpp\IQ2\IQ2_20250520_15_00_00/vexiq2\libviq2rt.a(iq2_apijump.c.o)
                0x200137e0                vexImuStatusGet
 .text.vexDistanceDistanceGet
                0x200137fc       0x1c c:\Users\tooy0\AppData\Roaming\Code\User\globalStorage\vexrobotics.vexcode\sdk\cpp\IQ2\IQ2_20250520_15_00_00/vexiq2\libviq2rt.a(iq2_apijump.c.o)
                0x200137fc                vexDistanceDistanceGet
 .text.vexPneumaticCompressorSet
                0x20013818       0x20 c:\Users\tooy0\AppData\Roaming\Code\User\globalStorage\vexrobotics.vexcode\sdk\cpp\IQ2\IQ2_20250520_15_00_00/vexiq2\libviq2rt.a(iq2_apijump.c.o)
                0x20013818                vexPneumaticCompressorSet
 .text.vexPneumaticCylinderSet
                0x20013838       0x24 c:\Users\tooy0\AppData\Roaming\Code\User\globalStorage\vexrobotics.vexcode\sdk\cpp\IQ2\IQ2_20250520_15_00_00/vexiq2\libviq2rt.a(iq2_apijump.c.o)
                0x20013838                vexPneumaticCylinderSet
 .text.vexDisplayForegroundColor
                0x2001385c       0x1c c:\Users\tooy0\AppData\Roaming\Code\User\globalStorage\vexrobotics.vexcode\sdk\cpp\IQ2\IQ2_20250520_15_00_00/vexiq2\libviq2rt.a(iq2_apijump.c.o)
                0x2001385c                vexDisplayForegroundColor
 .text.vexDisplayBackgroundColor
                0x20013878       0x1c c:\Users\tooy0\AppData\Roaming\Code\User\globalStorage\vexrobotics.vexcode\sdk\cpp\IQ2\IQ2_20250520_15_00_00/vexiq2\libviq2rt.a(iq2_apijump.c.o)
                0x20013878                vexDisplayBackgroundColor
 .text.vexDisplayVPrintf
                0x20013894       0x38 c:\Users\tooy0\AppData\Roaming\Code\User\globalStorage\vexrobotics.vexcode\sdk\cpp\IQ2\IQ2_20250520_15_00_00/vexiq2\libviq2rt.a(iq2_apijump.c.o)
                0x20013894                vexDisplayVPrintf
 .text.vexDisplayTextReference
                0x200138cc       0x1c c:\Users\tooy0\AppData\Roaming\Code\User\globalStorage\vexrobotics.vexcode\sdk\cpp\IQ2\IQ2_20250520_15_00_00/vexiq2\libviq2rt.a(iq2_apijump.c.o)
                0x200138cc                vexDisplayTextReference
 .text.vexDisplayTextSize
                0x200138e8       0x20 c:\Users\tooy0\AppData\Roaming\Code\User\globalStorage\vexrobotics.vexcode\sdk\cpp\IQ2\IQ2_20250520_15_00_00/vexiq2\libviq2rt.a(iq2_apijump.c.o)
                0x200138e8                vexDisplayTextSize
 .text.vexDisplayFontNamedSet
                0x20013908       0x1c c:\Users\tooy0\AppData\Roaming\Code\User\globalStorage\vexrobotics.vexcode\sdk\cpp\IQ2\IQ2_20250520_15_00_00/vexiq2\libviq2rt.a(iq2_apijump.c.o)
                0x20013908                vexDisplayFontNamedSet
 .text.vexDisplayStringWidthGet
                0x20013924       0x1c c:\Users\tooy0\AppData\Roaming\Code\User\globalStorage\vexrobotics.vexcode\sdk\cpp\IQ2\IQ2_20250520_15_00_00/vexiq2\libviq2rt.a(iq2_apijump.c.o)
                0x20013924                vexDisplayStringWidthGet
 .text.vexControllerGet
                0x20013940       0x20 c:\Users\tooy0\AppData\Roaming\Code\User\globalStorage\vexrobotics.vexcode\sdk\cpp\IQ2\IQ2_20250520_15_00_00/vexiq2\libviq2rt.a(iq2_apijump.c.o)
                0x20013940                vexControllerGet
 .text._ZN3vex4waitEdNS_9timeUnitsE
                0x20013960       0x3c c:\Users\tooy0\AppData\Roaming\Code\User\globalStorage\vexrobotics.vexcode\sdk\cpp\IQ2\IQ2_20250520_15_00_00/vexiq2\libviq2rt.a(vex_global.cpp.o)
                0x20013960                vex::wait(double, vex::timeUnits)
 .text._ZN3vex5colorD2Ev
                0x2001399c        0x2 c:\Users\tooy0\AppData\Roaming\Code\User\globalStorage\vexrobotics.vexcode\sdk\cpp\IQ2\IQ2_20250520_15_00_00/vexiq2\libviq2rt.a(vex_color.cpp.o)
                0x2001399c                vex::color::~color()
                0x2001399c                vex::color::~color()
 .text._ZNK3vex5color3rgbEv
                0x2001399e        0x4 c:\Users\tooy0\AppData\Roaming\Code\User\globalStorage\vexrobotics.vexcode\sdk\cpp\IQ2\IQ2_20250520_15_00_00/vexiq2\libviq2rt.a(vex_color.cpp.o)
                0x2001399e                vex::color::rgb() const
 *fill*         0x200139a2        0x2 
 .text.startup._GLOBAL__sub_I__ZN3vex5color5blackE
                0x200139a4      0x18c c:\Users\tooy0\AppData\Roaming\Code\User\globalStorage\vexrobotics.vexcode\sdk\cpp\IQ2\IQ2_20250520_15_00_00/vexiq2\libviq2rt.a(vex_color.cpp.o)
 .text._ZN3vex6threadC2EPFivE
                0x20013b30       0x38 c:\Users\tooy0\AppData\Roaming\Code\User\globalStorage\vexrobotics.vexcode\sdk\cpp\IQ2\IQ2_20250520_15_00_00/vexiq2\libviq2rt.a(vex_thread.cpp.o)
                0x20013b30                vex::thread::thread(int (*)())
                0x20013b30                vex::thread::thread(int (*)())
 .text._ZN3vex6threadD2Ev
                0x20013b68        0x2 c:\Users\tooy0\AppData\Roaming\Code\User\globalStorage\vexrobotics.vexcode\sdk\cpp\IQ2\IQ2_20250520_15_00_00/vexiq2\libviq2rt.a(vex_thread.cpp.o)
                0x20013b68                vex::thread::~thread()
                0x20013b68                vex::thread::~thread()
 .text._ZN3vex11this_thread9sleep_forEm
                0x20013b6a        0x4 c:\Users\tooy0\AppData\Roaming\Code\User\globalStorage\vexrobotics.vexcode\sdk\cpp\IQ2\IQ2_20250520_15_00_00/vexiq2\libviq2rt.a(vex_thread.cpp.o)
                0x20013b6a                vex::this_thread::sleep_for(unsigned long)
 .text._ZN3vex5brainD2Ev
                0x20013b6e        0xe c:\Users\tooy0\AppData\Roaming\Code\User\globalStorage\vexrobotics.vexcode\sdk\cpp\IQ2\IQ2_20250520_15_00_00/vexiq2\libviq2rt.a(vex_brain.cpp.o)
                0x20013b6e                vex::brain::~brain()
                0x20013b6e                vex::brain::~brain()
 .text._ZN3vex5brain3lcd9setCursorEll
                0x20013b7c       0x40 c:\Users\tooy0\AppData\Roaming\Code\User\globalStorage\vexrobotics.vexcode\sdk\cpp\IQ2\IQ2_20250520_15_00_00/vexiq2\libviq2rt.a(vex_brain.cpp.o)
                0x20013b7c                vex::brain::lcd::setCursor(long, long)
 .text._ZN3vex5brain3lcd7setFontENS_8fontTypeE
                0x20013bbc      0x144 c:\Users\tooy0\AppData\Roaming\Code\User\globalStorage\vexrobotics.vexcode\sdk\cpp\IQ2\IQ2_20250520_15_00_00/vexiq2\libviq2rt.a(vex_brain.cpp.o)
                0x20013bbc                vex::brain::lcd::setFont(vex::fontType)
 .text._ZN3vex5brain3lcdC2Ev
                0x20013d00       0x34 c:\Users\tooy0\AppData\Roaming\Code\User\globalStorage\vexrobotics.vexcode\sdk\cpp\IQ2\IQ2_20250520_15_00_00/vexiq2\libviq2rt.a(vex_brain.cpp.o)
                0x20013d00                vex::brain::lcd::lcd()
                0x20013d00                vex::brain::lcd::lcd()
 .text._ZN3vex5brainC2Ev
                0x20013d34       0x32 c:\Users\tooy0\AppData\Roaming\Code\User\globalStorage\vexrobotics.vexcode\sdk\cpp\IQ2\IQ2_20250520_15_00_00/vexiq2\libviq2rt.a(vex_brain.cpp.o)
                0x20013d34                vex::brain::brain()
                0x20013d34                vex::brain::brain()
 .text._ZN3vex5brain3lcd10rowToPixelEl
                0x20013d66       0x24 c:\Users\tooy0\AppData\Roaming\Code\User\globalStorage\vexrobotics.vexcode\sdk\cpp\IQ2\IQ2_20250520_15_00_00/vexiq2\libviq2rt.a(vex_brain.cpp.o)
                0x20013d66                vex::brain::lcd::rowToPixel(long)
 .text._ZN3vex5brain3lcd5printEPKcz
                0x20013d8a       0x7e c:\Users\tooy0\AppData\Roaming\Code\User\globalStorage\vexrobotics.vexcode\sdk\cpp\IQ2\IQ2_20250520_15_00_00/vexiq2\libviq2rt.a(vex_brain.cpp.o)
                0x20013d8a                vex::brain::lcd::print(char const*, ...)
 .text._ZN3vex5brain11programStopEv
                0x20013e08        0x4 c:\Users\tooy0\AppData\Roaming\Code\User\globalStorage\vexrobotics.vexcode\sdk\cpp\IQ2\IQ2_20250520_15_00_00/vexiq2\libviq2rt.a(vex_brain.cpp.o)
                0x20013e08                vex::brain::programStop()
 .text._ZN3vex5timerD2Ev
                0x20013e0c        0x2 c:\Users\tooy0\AppData\Roaming\Code\User\globalStorage\vexrobotics.vexcode\sdk\cpp\IQ2\IQ2_20250520_15_00_00/vexiq2\libviq2rt.a(vex_timer.cpp.o)
                0x20013e0c                vex::timer::~timer()
                0x20013e0c                vex::timer::~timer()
 .text._ZN3vex5timer5clearEv
                0x20013e0e       0x10 c:\Users\tooy0\AppData\Roaming\Code\User\globalStorage\vexrobotics.vexcode\sdk\cpp\IQ2\IQ2_20250520_15_00_00/vexiq2\libviq2rt.a(vex_timer.cpp.o)
                0x20013e0e                vex::timer::clear()
 .text._ZN3vex5timerC2Ev
                0x20013e1e        0xc c:\Users\tooy0\AppData\Roaming\Code\User\globalStorage\vexrobotics.vexcode\sdk\cpp\IQ2\IQ2_20250520_15_00_00/vexiq2\libviq2rt.a(vex_timer.cpp.o)
                0x20013e1e                vex::timer::timer()
                0x20013e1e                vex::timer::timer()
 .text._ZN3vex5timer5resetEv
                0x20013e2a        0x4 c:\Users\tooy0\AppData\Roaming\Code\User\globalStorage\vexrobotics.vexcode\sdk\cpp\IQ2\IQ2_20250520_15_00_00/vexiq2\libviq2rt.a(vex_timer.cpp.o)
                0x20013e2a                vex::timer::reset()
 *fill*         0x20013e2e        0x2 
 .text._ZNK3vex5timer4timeENS_9timeUnitsE
                0x20013e30       0x30 c:\Users\tooy0\AppData\Roaming\Code\User\globalStorage\vexrobotics.vexcode\sdk\cpp\IQ2\IQ2_20250520_15_00_00/vexiq2\libviq2rt.a(vex_timer.cpp.o)
                0x20013e30                vex::timer::time(vex::timeUnits) const
 .text._ZNK3vex5timer5valueEv
                0x20013e60        0x6 c:\Users\tooy0\AppData\Roaming\Code\User\globalStorage\vexrobotics.vexcode\sdk\cpp\IQ2\IQ2_20250520_15_00_00/vexiq2\libviq2rt.a(vex_timer.cpp.o)
                0x20013e60                vex::timer::value() const
 .text._ZN3vex5motor9installedEv
                0x20013e66        0xe c:\Users\tooy0\AppData\Roaming\Code\User\globalStorage\vexrobotics.vexcode\sdk\cpp\IQ2\IQ2_20250520_15_00_00/vexiq2\libviq2rt.a(vex_motor.cpp.o)
                0x20013e66                vex::motor::installed()
 .text._ZN3vex5motorD2Ev
                0x20013e74       0x14 c:\Users\tooy0\AppData\Roaming\Code\User\globalStorage\vexrobotics.vexcode\sdk\cpp\IQ2\IQ2_20250520_15_00_00/vexiq2\libviq2rt.a(vex_motor.cpp.o)
                0x20013e74                vex::motor::~motor()
                0x20013e74                vex::motor::~motor()
 .text._ZN3vex5motor15defaultStoppingENS_9brakeTypeE
                0x20013e88       0x1a c:\Users\tooy0\AppData\Roaming\Code\User\globalStorage\vexrobotics.vexcode\sdk\cpp\IQ2\IQ2_20250520_15_00_00/vexiq2\libviq2rt.a(vex_motor.cpp.o)
                0x20013e88                vex::motor::defaultStopping(vex::brakeType)
 .text._ZN3vex5motor11setStoppingENS_9brakeTypeE
                0x20013ea2        0x4 c:\Users\tooy0\AppData\Roaming\Code\User\globalStorage\vexrobotics.vexcode\sdk\cpp\IQ2\IQ2_20250520_15_00_00/vexiq2\libviq2rt.a(vex_motor.cpp.o)
                0x20013ea2                vex::motor::setStopping(vex::brakeType)
 *fill*         0x20013ea6        0x2 
 .text._ZN3vex5motorC2El
                0x20013ea8       0x60 c:\Users\tooy0\AppData\Roaming\Code\User\globalStorage\vexrobotics.vexcode\sdk\cpp\IQ2\IQ2_20250520_15_00_00/vexiq2\libviq2rt.a(vex_motor.cpp.o)
                0x20013ea8                vex::motor::motor(long)
                0x20013ea8                vex::motor::motor(long)
 .text._ZN3vex5motorC2Elb
                0x20013f08       0x16 c:\Users\tooy0\AppData\Roaming\Code\User\globalStorage\vexrobotics.vexcode\sdk\cpp\IQ2\IQ2_20250520_15_00_00/vexiq2\libviq2rt.a(vex_motor.cpp.o)
                0x20013f08                vex::motor::motor(long, bool)
                0x20013f08                vex::motor::motor(long, bool)
 .text._ZN3vex5motor14isSpinningModeEv
                0x20013f1e       0x16 c:\Users\tooy0\AppData\Roaming\Code\User\globalStorage\vexrobotics.vexcode\sdk\cpp\IQ2\IQ2_20250520_15_00_00/vexiq2\libviq2rt.a(vex_motor.cpp.o)
                0x20013f1e                vex::motor::isSpinningMode()
 .text._ZN3vex5motor10isSpinningEv
                0x20013f34       0x20 c:\Users\tooy0\AppData\Roaming\Code\User\globalStorage\vexrobotics.vexcode\sdk\cpp\IQ2\IQ2_20250520_15_00_00/vexiq2\libviq2rt.a(vex_motor.cpp.o)
                0x20013f34                vex::motor::isSpinning()
 .text._ZN3vex5motor4stopENS_9brakeTypeE
                0x20013f54       0x1e c:\Users\tooy0\AppData\Roaming\Code\User\globalStorage\vexrobotics.vexcode\sdk\cpp\IQ2\IQ2_20250520_15_00_00/vexiq2\libviq2rt.a(vex_motor.cpp.o)
                0x20013f54                vex::motor::stop(vex::brakeType)
 .text._ZN3vex5motor4stopEv
                0x20013f72        0x6 c:\Users\tooy0\AppData\Roaming\Code\User\globalStorage\vexrobotics.vexcode\sdk\cpp\IQ2\IQ2_20250520_15_00_00/vexiq2\libviq2rt.a(vex_motor.cpp.o)
                0x20013f72                vex::motor::stop()
 .text._ZN3vex5motor12setMaxTorqueEdNS_12percentUnitsE
                0x20013f78       0x98 c:\Users\tooy0\AppData\Roaming\Code\User\globalStorage\vexrobotics.vexcode\sdk\cpp\IQ2\IQ2_20250520_15_00_00/vexiq2\libviq2rt.a(vex_motor.cpp.o)
                0x20013f78                vex::motor::setMaxTorque(double, vex::percentUnits)
 .text._ZN3vex5motor16velocityToScaledEdNS_13velocityUnitsE
                0x20014010       0x70 c:\Users\tooy0\AppData\Roaming\Code\User\globalStorage\vexrobotics.vexcode\sdk\cpp\IQ2\IQ2_20250520_15_00_00/vexiq2\libviq2rt.a(vex_motor.cpp.o)
                0x20014010                vex::motor::velocityToScaled(double, vex::velocityUnits)
 .text._ZN3vex5motor8velocityENS_13velocityUnitsE
                0x20014080       0x18 c:\Users\tooy0\AppData\Roaming\Code\User\globalStorage\vexrobotics.vexcode\sdk\cpp\IQ2\IQ2_20250520_15_00_00/vexiq2\libviq2rt.a(vex_motor.cpp.o)
                0x20014080                vex::motor::velocity(vex::velocityUnits)
 .text._ZN3vex5motor5valueEv
                0x20014098       0x12 c:\Users\tooy0\AppData\Roaming\Code\User\globalStorage\vexrobotics.vexcode\sdk\cpp\IQ2\IQ2_20250520_15_00_00/vexiq2\libviq2rt.a(vex_motor.cpp.o)
                0x20014098                vex::motor::value()
 *fill*         0x200140aa        0x6 
 .text._ZN3vex5motor16scaledToVelocityEdNS_13velocityUnitsE
                0x200140b0       0x74 c:\Users\tooy0\AppData\Roaming\Code\User\globalStorage\vexrobotics.vexcode\sdk\cpp\IQ2\IQ2_20250520_15_00_00/vexiq2\libviq2rt.a(vex_motor.cpp.o)
                0x200140b0                vex::motor::scaledToVelocity(double, vex::velocityUnits)
 .text._ZN3vex5motor4spinENS_13directionTypeEdNS_13velocityUnitsE
                0x20014124       0x32 c:\Users\tooy0\AppData\Roaming\Code\User\globalStorage\vexrobotics.vexcode\sdk\cpp\IQ2\IQ2_20250520_15_00_00/vexiq2\libviq2rt.a(vex_motor.cpp.o)
                0x20014124                vex::motor::spin(vex::directionType, double, vex::velocityUnits)
 .text._ZN3vex5motor4spinENS_13directionTypeE
                0x20014156       0x1e c:\Users\tooy0\AppData\Roaming\Code\User\globalStorage\vexrobotics.vexcode\sdk\cpp\IQ2\IQ2_20250520_15_00_00/vexiq2\libviq2rt.a(vex_motor.cpp.o)
                0x20014156                vex::motor::spin(vex::directionType)
 .text._ZN3vex5motor11setVelocityEdNS_13velocityUnitsE
                0x20014174       0x54 c:\Users\tooy0\AppData\Roaming\Code\User\globalStorage\vexrobotics.vexcode\sdk\cpp\IQ2\IQ2_20250520_15_00_00/vexiq2\libviq2rt.a(vex_motor.cpp.o)
                0x20014174                vex::motor::setVelocity(double, vex::velocityUnits)
 .text._ZN3vex5motor16setRotationUnitsENS_13rotationUnitsE
                0x200141c8       0x12 c:\Users\tooy0\AppData\Roaming\Code\User\globalStorage\vexrobotics.vexcode\sdk\cpp\IQ2\IQ2_20250520_15_00_00/vexiq2\libviq2rt.a(vex_motor.cpp.o)
                0x200141c8                vex::motor::setRotationUnits(vex::rotationUnits)
 .text._ZN3vex5motor11setPositionEdNS_13rotationUnitsE
                0x200141da       0x3e c:\Users\tooy0\AppData\Roaming\Code\User\globalStorage\vexrobotics.vexcode\sdk\cpp\IQ2\IQ2_20250520_15_00_00/vexiq2\libviq2rt.a(vex_motor.cpp.o)
                0x200141da                vex::motor::setPosition(double, vex::rotationUnits)
 .text._ZN3vex5motor13resetPositionEv
                0x20014218       0x18 c:\Users\tooy0\AppData\Roaming\Code\User\globalStorage\vexrobotics.vexcode\sdk\cpp\IQ2\IQ2_20250520_15_00_00/vexiq2\libviq2rt.a(vex_motor.cpp.o)
                0x20014218                vex::motor::resetPosition()
 .text._ZN3vex5motor6spinToEdNS_13rotationUnitsEdNS_13velocityUnitsEb
                0x20014230       0xc0 c:\Users\tooy0\AppData\Roaming\Code\User\globalStorage\vexrobotics.vexcode\sdk\cpp\IQ2\IQ2_20250520_15_00_00/vexiq2\libviq2rt.a(vex_motor.cpp.o)
                0x20014230                vex::motor::spinTo(double, vex::rotationUnits, double, vex::velocityUnits, bool)
 .text._ZN3vex5motor6spinToEdNS_13rotationUnitsEb
                0x200142f0       0x3a c:\Users\tooy0\AppData\Roaming\Code\User\globalStorage\vexrobotics.vexcode\sdk\cpp\IQ2\IQ2_20250520_15_00_00/vexiq2\libviq2rt.a(vex_motor.cpp.o)
                0x200142f0                vex::motor::spinTo(double, vex::rotationUnits, bool)
 .text._ZN3vex5motor7spinForEdNS_13rotationUnitsEdNS_13velocityUnitsEb
                0x2001432a       0xe0 c:\Users\tooy0\AppData\Roaming\Code\User\globalStorage\vexrobotics.vexcode\sdk\cpp\IQ2\IQ2_20250520_15_00_00/vexiq2\libviq2rt.a(vex_motor.cpp.o)
                0x2001432a                vex::motor::spinFor(double, vex::rotationUnits, double, vex::velocityUnits, bool)
 .text._ZN3vex5motor7spinForEdNS_13rotationUnitsEb
                0x2001440a       0x3a c:\Users\tooy0\AppData\Roaming\Code\User\globalStorage\vexrobotics.vexcode\sdk\cpp\IQ2\IQ2_20250520_15_00_00/vexiq2\libviq2rt.a(vex_motor.cpp.o)
                0x2001440a                vex::motor::spinFor(double, vex::rotationUnits, bool)
 .text._ZN3vex5motor7spinForENS_13directionTypeEdNS_13rotationUnitsEb
                0x20014444       0x40 c:\Users\tooy0\AppData\Roaming\Code\User\globalStorage\vexrobotics.vexcode\sdk\cpp\IQ2\IQ2_20250520_15_00_00/vexiq2\libviq2rt.a(vex_motor.cpp.o)
                0x20014444                vex::motor::spinFor(vex::directionType, double, vex::rotationUnits, bool)
 .text._ZN3vex5motor8positionENS_13rotationUnitsE
                0x20014484       0x3c c:\Users\tooy0\AppData\Roaming\Code\User\globalStorage\vexrobotics.vexcode\sdk\cpp\IQ2\IQ2_20250520_15_00_00/vexiq2\libviq2rt.a(vex_motor.cpp.o)
                0x20014484                vex::motor::position(vex::rotationUnits)
 .text._ZN3vex8touchled9installedEv
                0x200144c0        0xe c:\Users\tooy0\AppData\Roaming\Code\User\globalStorage\vexrobotics.vexcode\sdk\cpp\IQ2\IQ2_20250520_15_00_00/vexiq2\libviq2rt.a(vex_touchled.cpp.o)
                0x200144c0                vex::touchled::installed()
 *fill*         0x200144ce        0x2 
 .text._ZN3vex8touchledC2El
                0x200144d0       0x28 c:\Users\tooy0\AppData\Roaming\Code\User\globalStorage\vexrobotics.vexcode\sdk\cpp\IQ2\IQ2_20250520_15_00_00/vexiq2\libviq2rt.a(vex_touchled.cpp.o)
                0x200144d0                vex::touchled::touchled(long)
                0x200144d0                vex::touchled::touchled(long)
 .text._ZN3vex8touchledD2Ev
                0x200144f8       0x14 c:\Users\tooy0\AppData\Roaming\Code\User\globalStorage\vexrobotics.vexcode\sdk\cpp\IQ2\IQ2_20250520_15_00_00/vexiq2\libviq2rt.a(vex_touchled.cpp.o)
                0x200144f8                vex::touchled::~touchled()
                0x200144f8                vex::touchled::~touchled()
 .text._ZN3vex8touchled8pressingEv
                0x2001450c       0x10 c:\Users\tooy0\AppData\Roaming\Code\User\globalStorage\vexrobotics.vexcode\sdk\cpp\IQ2\IQ2_20250520_15_00_00/vexiq2\libviq2rt.a(vex_touchled.cpp.o)
                0x2001450c                vex::touchled::pressing()
 .text._ZN3vex8touchled5valueEv
                0x2001451c        0x8 c:\Users\tooy0\AppData\Roaming\Code\User\globalStorage\vexrobotics.vexcode\sdk\cpp\IQ2\IQ2_20250520_15_00_00/vexiq2\libviq2rt.a(vex_touchled.cpp.o)
                0x2001451c                vex::touchled::value()
 .text._ZN3vex8touchled14_setBrightnessEm
                0x20014524       0x22 c:\Users\tooy0\AppData\Roaming\Code\User\globalStorage\vexrobotics.vexcode\sdk\cpp\IQ2\IQ2_20250520_15_00_00/vexiq2\libviq2rt.a(vex_touchled.cpp.o)
                0x20014524                vex::touchled::_setBrightness(unsigned long)
 .text._ZN3vex8touchled9_setColorEm
                0x20014546       0x2c c:\Users\tooy0\AppData\Roaming\Code\User\globalStorage\vexrobotics.vexcode\sdk\cpp\IQ2\IQ2_20250520_15_00_00/vexiq2\libviq2rt.a(vex_touchled.cpp.o)
                0x20014546                vex::touchled::_setColor(unsigned long)
 .text._ZN3vex8touchled8setColorENS_5colorE
                0x20014572       0x2e c:\Users\tooy0\AppData\Roaming\Code\User\globalStorage\vexrobotics.vexcode\sdk\cpp\IQ2\IQ2_20250520_15_00_00/vexiq2\libviq2rt.a(vex_touchled.cpp.o)
                0x20014572                vex::touchled::setColor(vex::color)
 .text._ZN3vex8inertial11getTurnTypeEv
                0x200145a0        0x4 c:\Users\tooy0\AppData\Roaming\Code\User\globalStorage\vexrobotics.vexcode\sdk\cpp\IQ2\IQ2_20250520_15_00_00/vexiq2\libviq2rt.a(vex_imu.cpp.o)
                0x200145a0                vex::inertial::getTurnType()
 .text._ZThn20_N3vex8inertial11getTurnTypeEv
                0x200145a4        0x8 c:\Users\tooy0\AppData\Roaming\Code\User\globalStorage\vexrobotics.vexcode\sdk\cpp\IQ2\IQ2_20250520_15_00_00/vexiq2\libviq2rt.a(vex_imu.cpp.o)
                0x200145a4                non-virtual thunk to vex::inertial::getTurnType()
 .text._ZN3vex8inertial10setHeadingEdNS_13rotationUnitsE
                0x200145ac       0x48 c:\Users\tooy0\AppData\Roaming\Code\User\globalStorage\vexrobotics.vexcode\sdk\cpp\IQ2\IQ2_20250520_15_00_00/vexiq2\libviq2rt.a(vex_imu.cpp.o)
                0x200145ac                vex::inertial::setHeading(double, vex::rotationUnits)
 .text._ZThn20_N3vex8inertial10setHeadingEdNS_13rotationUnitsE
                0x200145f4        0x8 c:\Users\tooy0\AppData\Roaming\Code\User\globalStorage\vexrobotics.vexcode\sdk\cpp\IQ2\IQ2_20250520_15_00_00/vexiq2\libviq2rt.a(vex_imu.cpp.o)
                0x200145f4                non-virtual thunk to vex::inertial::setHeading(double, vex::rotationUnits)
 .text._ZN3vex8inertial11setRotationEdNS_13rotationUnitsE
                0x200145fc       0x48 c:\Users\tooy0\AppData\Roaming\Code\User\globalStorage\vexrobotics.vexcode\sdk\cpp\IQ2\IQ2_20250520_15_00_00/vexiq2\libviq2rt.a(vex_imu.cpp.o)
                0x200145fc                vex::inertial::setRotation(double, vex::rotationUnits)
 .text._ZThn20_N3vex8inertial11setRotationEdNS_13rotationUnitsE
                0x20014644        0x8 c:\Users\tooy0\AppData\Roaming\Code\User\globalStorage\vexrobotics.vexcode\sdk\cpp\IQ2\IQ2_20250520_15_00_00/vexiq2\libviq2rt.a(vex_imu.cpp.o)
                0x20014644                non-virtual thunk to vex::inertial::setRotation(double, vex::rotationUnits)
 .text._ZN3vex8inertialD2Ev
                0x2001464c       0x14 c:\Users\tooy0\AppData\Roaming\Code\User\globalStorage\vexrobotics.vexcode\sdk\cpp\IQ2\IQ2_20250520_15_00_00/vexiq2\libviq2rt.a(vex_imu.cpp.o)
                0x2001464c                vex::inertial::~inertial()
                0x2001464c                vex::inertial::~inertial()
 .text._ZThn20_N3vex8inertialD1Ev
                0x20014660        0x8 c:\Users\tooy0\AppData\Roaming\Code\User\globalStorage\vexrobotics.vexcode\sdk\cpp\IQ2\IQ2_20250520_15_00_00/vexiq2\libviq2rt.a(vex_imu.cpp.o)
                0x20014660                non-virtual thunk to vex::inertial::~inertial()
 .text._ZN3vex8inertialD0Ev
                0x20014668       0x12 c:\Users\tooy0\AppData\Roaming\Code\User\globalStorage\vexrobotics.vexcode\sdk\cpp\IQ2\IQ2_20250520_15_00_00/vexiq2\libviq2rt.a(vex_imu.cpp.o)
                0x20014668                vex::inertial::~inertial()
 .text._ZThn20_N3vex8inertialD0Ev
                0x2001467a        0x8 c:\Users\tooy0\AppData\Roaming\Code\User\globalStorage\vexrobotics.vexcode\sdk\cpp\IQ2\IQ2_20250520_15_00_00/vexiq2\libviq2rt.a(vex_imu.cpp.o)
                0x2001467a                non-virtual thunk to vex::inertial::~inertial()
 .text._ZN3vex8inertial9installedEv
                0x20014682       0x10 c:\Users\tooy0\AppData\Roaming\Code\User\globalStorage\vexrobotics.vexcode\sdk\cpp\IQ2\IQ2_20250520_15_00_00/vexiq2\libviq2rt.a(vex_imu.cpp.o)
                0x20014682                vex::inertial::installed()
 *fill*         0x20014692        0x6 
 .text._ZN3vex8inertial5angleENS_13rotationUnitsE
                0x20014698       0x74 c:\Users\tooy0\AppData\Roaming\Code\User\globalStorage\vexrobotics.vexcode\sdk\cpp\IQ2\IQ2_20250520_15_00_00/vexiq2\libviq2rt.a(vex_imu.cpp.o)
                0x20014698                vex::inertial::angle(vex::rotationUnits)
 .text._ZThn20_N3vex8inertial5angleENS_13rotationUnitsE
                0x2001470c        0x8 c:\Users\tooy0\AppData\Roaming\Code\User\globalStorage\vexrobotics.vexcode\sdk\cpp\IQ2\IQ2_20250520_15_00_00/vexiq2\libviq2rt.a(vex_imu.cpp.o)
                0x2001470c                non-virtual thunk to vex::inertial::angle(vex::rotationUnits)
 .text._ZN3vex8inertial7headingENS_13rotationUnitsE
                0x20014714        0x4 c:\Users\tooy0\AppData\Roaming\Code\User\globalStorage\vexrobotics.vexcode\sdk\cpp\IQ2\IQ2_20250520_15_00_00/vexiq2\libviq2rt.a(vex_imu.cpp.o)
                0x20014714                vex::inertial::heading(vex::rotationUnits)
 .text._ZThn20_N3vex8inertial7headingENS_13rotationUnitsE
                0x20014718        0x8 c:\Users\tooy0\AppData\Roaming\Code\User\globalStorage\vexrobotics.vexcode\sdk\cpp\IQ2\IQ2_20250520_15_00_00/vexiq2\libviq2rt.a(vex_imu.cpp.o)
                0x20014718                non-virtual thunk to vex::inertial::heading(vex::rotationUnits)
 .text._ZN3vex8inertial5valueEv
                0x20014720       0x12 c:\Users\tooy0\AppData\Roaming\Code\User\globalStorage\vexrobotics.vexcode\sdk\cpp\IQ2\IQ2_20250520_15_00_00/vexiq2\libviq2rt.a(vex_imu.cpp.o)
                0x20014720                vex::inertial::value()
 *fill*         0x20014732        0x2 
 .text._ZN3vex8inertial8rotationENS_13rotationUnitsE
                0x20014734       0x38 c:\Users\tooy0\AppData\Roaming\Code\User\globalStorage\vexrobotics.vexcode\sdk\cpp\IQ2\IQ2_20250520_15_00_00/vexiq2\libviq2rt.a(vex_imu.cpp.o)
                0x20014734                vex::inertial::rotation(vex::rotationUnits)
 .text._ZThn20_N3vex8inertial8rotationENS_13rotationUnitsE
                0x2001476c        0x8 c:\Users\tooy0\AppData\Roaming\Code\User\globalStorage\vexrobotics.vexcode\sdk\cpp\IQ2\IQ2_20250520_15_00_00/vexiq2\libviq2rt.a(vex_imu.cpp.o)
                0x2001476c                non-virtual thunk to vex::inertial::rotation(vex::rotationUnits)
 .text._ZN3vex8inertial13isCalibratingEv
                0x20014774       0x22 c:\Users\tooy0\AppData\Roaming\Code\User\globalStorage\vexrobotics.vexcode\sdk\cpp\IQ2\IQ2_20250520_15_00_00/vexiq2\libviq2rt.a(vex_imu.cpp.o)
                0x20014774                vex::inertial::isCalibrating()
 .text._ZThn20_N3vex8inertial13isCalibratingEv
                0x20014796        0x8 c:\Users\tooy0\AppData\Roaming\Code\User\globalStorage\vexrobotics.vexcode\sdk\cpp\IQ2\IQ2_20250520_15_00_00/vexiq2\libviq2rt.a(vex_imu.cpp.o)
                0x20014796                non-virtual thunk to vex::inertial::isCalibrating()
 *fill*         0x2001479e        0x2 
 .text._ZN3vex8inertialC2ElNS_8turnTypeE
                0x200147a0       0x30 c:\Users\tooy0\AppData\Roaming\Code\User\globalStorage\vexrobotics.vexcode\sdk\cpp\IQ2\IQ2_20250520_15_00_00/vexiq2\libviq2rt.a(vex_imu.cpp.o)
                0x200147a0                vex::inertial::inertial(long, vex::turnType)
                0x200147a0                vex::inertial::inertial(long, vex::turnType)
 .text._ZN3vex8inertialC2ENS_8turnTypeE
                0x200147d0       0x18 c:\Users\tooy0\AppData\Roaming\Code\User\globalStorage\vexrobotics.vexcode\sdk\cpp\IQ2\IQ2_20250520_15_00_00/vexiq2\libviq2rt.a(vex_imu.cpp.o)
                0x200147d0                vex::inertial::inertial(vex::turnType)
                0x200147d0                vex::inertial::inertial(vex::turnType)
 .text._ZN3vex8inertial16startCalibrationEl
                0x200147e8       0x16 c:\Users\tooy0\AppData\Roaming\Code\User\globalStorage\vexrobotics.vexcode\sdk\cpp\IQ2\IQ2_20250520_15_00_00/vexiq2\libviq2rt.a(vex_imu.cpp.o)
                0x200147e8                vex::inertial::startCalibration(long)
 .text._ZN3vex8inertial9calibrateEl
                0x200147fe        0xa c:\Users\tooy0\AppData\Roaming\Code\User\globalStorage\vexrobotics.vexcode\sdk\cpp\IQ2\IQ2_20250520_15_00_00/vexiq2\libviq2rt.a(vex_imu.cpp.o)
                0x200147fe                vex::inertial::calibrate(long)
                0x20014802                non-virtual thunk to vex::inertial::calibrate(long)
 .text._ZN3vex8inertial12accelerationENS_8axisTypeE
                0x20014808       0x2a c:\Users\tooy0\AppData\Roaming\Code\User\globalStorage\vexrobotics.vexcode\sdk\cpp\IQ2\IQ2_20250520_15_00_00/vexiq2\libviq2rt.a(vex_imu.cpp.o)
                0x20014808                vex::inertial::acceleration(vex::axisType)
 .text._ZN3vex8distance9installedEv
                0x20014832       0x10 c:\Users\tooy0\AppData\Roaming\Code\User\globalStorage\vexrobotics.vexcode\sdk\cpp\IQ2\IQ2_20250520_15_00_00/vexiq2\libviq2rt.a(vex_distance.cpp.o)
                0x20014832                vex::distance::installed()
 .text._ZN3vex8distance5valueEv
                0x20014842        0x6 c:\Users\tooy0\AppData\Roaming\Code\User\globalStorage\vexrobotics.vexcode\sdk\cpp\IQ2\IQ2_20250520_15_00_00/vexiq2\libviq2rt.a(vex_distance.cpp.o)
                0x20014842                vex::distance::value()
 .text._ZN3vex8distanceC2El
                0x20014848       0x14 c:\Users\tooy0\AppData\Roaming\Code\User\globalStorage\vexrobotics.vexcode\sdk\cpp\IQ2\IQ2_20250520_15_00_00/vexiq2\libviq2rt.a(vex_distance.cpp.o)
                0x20014848                vex::distance::distance(long)
                0x20014848                vex::distance::distance(long)
 .text._ZN3vex8distanceD2Ev
                0x2001485c       0x14 c:\Users\tooy0\AppData\Roaming\Code\User\globalStorage\vexrobotics.vexcode\sdk\cpp\IQ2\IQ2_20250520_15_00_00/vexiq2\libviq2rt.a(vex_distance.cpp.o)
                0x2001485c                vex::distance::~distance()
                0x2001485c                vex::distance::~distance()
 .text._ZN3vex9pneumatic9installedEv
                0x20014870       0x10 c:\Users\tooy0\AppData\Roaming\Code\User\globalStorage\vexrobotics.vexcode\sdk\cpp\IQ2\IQ2_20250520_15_00_00/vexiq2\libviq2rt.a(vex_pneumatic.cpp.o)
                0x20014870                vex::pneumatic::installed()
 .text._ZN3vex9pneumaticC2Elb
                0x20014880       0x24 c:\Users\tooy0\AppData\Roaming\Code\User\globalStorage\vexrobotics.vexcode\sdk\cpp\IQ2\IQ2_20250520_15_00_00/vexiq2\libviq2rt.a(vex_pneumatic.cpp.o)
                0x20014880                vex::pneumatic::pneumatic(long, bool)
                0x20014880                vex::pneumatic::pneumatic(long, bool)
 .text._ZN3vex9pneumaticD2Ev
                0x200148a4       0x14 c:\Users\tooy0\AppData\Roaming\Code\User\globalStorage\vexrobotics.vexcode\sdk\cpp\IQ2\IQ2_20250520_15_00_00/vexiq2\libviq2rt.a(vex_pneumatic.cpp.o)
                0x200148a4                vex::pneumatic::~pneumatic()
                0x200148a4                vex::pneumatic::~pneumatic()
 .text._ZN3vex9pneumatic6extendENS_12cylinderTypeE
                0x200148b8        0x8 c:\Users\tooy0\AppData\Roaming\Code\User\globalStorage\vexrobotics.vexcode\sdk\cpp\IQ2\IQ2_20250520_15_00_00/vexiq2\libviq2rt.a(vex_pneumatic.cpp.o)
                0x200148b8                vex::pneumatic::extend(vex::cylinderType)
 .text._ZN3vex9pneumatic7retractENS_12cylinderTypeE
                0x200148c0        0x8 c:\Users\tooy0\AppData\Roaming\Code\User\globalStorage\vexrobotics.vexcode\sdk\cpp\IQ2\IQ2_20250520_15_00_00/vexiq2\libviq2rt.a(vex_pneumatic.cpp.o)
                0x200148c0                vex::pneumatic::retract(vex::cylinderType)
 .text._ZN3vex9pneumatic6pumpOnEv
                0x200148c8        0x8 c:\Users\tooy0\AppData\Roaming\Code\User\globalStorage\vexrobotics.vexcode\sdk\cpp\IQ2\IQ2_20250520_15_00_00/vexiq2\libviq2rt.a(vex_pneumatic.cpp.o)
                0x200148c8                vex::pneumatic::pumpOn()
 .text._ZN3vex11motor_group18motor_group_motorsC2Ev
                0x200148d0       0x18 c:\Users\tooy0\AppData\Roaming\Code\User\globalStorage\vexrobotics.vexcode\sdk\cpp\IQ2\IQ2_20250520_15_00_00/vexiq2\libviq2rt.a(vex_motorgroup.cpp.o)
                0x200148d0                vex::motor_group::motor_group_motors::motor_group_motors()
                0x200148d0                vex::motor_group::motor_group_motors::motor_group_motors()
 .text._ZN3vex11motor_groupC2Ev
                0x200148e8       0x14 c:\Users\tooy0\AppData\Roaming\Code\User\globalStorage\vexrobotics.vexcode\sdk\cpp\IQ2\IQ2_20250520_15_00_00/vexiq2\libviq2rt.a(vex_motorgroup.cpp.o)
                0x200148e8                vex::motor_group::motor_group()
                0x200148e8                vex::motor_group::motor_group()
 .text._ZN3vex11motor_groupD2Ev
                0x200148fc        0x2 c:\Users\tooy0\AppData\Roaming\Code\User\globalStorage\vexrobotics.vexcode\sdk\cpp\IQ2\IQ2_20250520_15_00_00/vexiq2\libviq2rt.a(vex_motorgroup.cpp.o)
                0x200148fc                vex::motor_group::~motor_group()
                0x200148fc                vex::motor_group::~motor_group()
 .text._ZN3vex11motor_group9_addMotorERNS_5motorE
                0x200148fe       0x14 c:\Users\tooy0\AppData\Roaming\Code\User\globalStorage\vexrobotics.vexcode\sdk\cpp\IQ2\IQ2_20250520_15_00_00/vexiq2\libviq2rt.a(vex_motorgroup.cpp.o)
                0x200148fe                vex::motor_group::_addMotor(vex::motor&)
 .text._ZN3vex11motor_group11setVelocityEdNS_13velocityUnitsE
                0x20014912       0x3a c:\Users\tooy0\AppData\Roaming\Code\User\globalStorage\vexrobotics.vexcode\sdk\cpp\IQ2\IQ2_20250520_15_00_00/vexiq2\libviq2rt.a(vex_motorgroup.cpp.o)
                0x20014912                vex::motor_group::setVelocity(double, vex::velocityUnits)
 .text._ZN3vex11motor_group11setStoppingENS_9brakeTypeE
                0x2001494c       0x22 c:\Users\tooy0\AppData\Roaming\Code\User\globalStorage\vexrobotics.vexcode\sdk\cpp\IQ2\IQ2_20250520_15_00_00/vexiq2\libviq2rt.a(vex_motorgroup.cpp.o)
                0x2001494c                vex::motor_group::setStopping(vex::brakeType)
 .text._ZN3vex11motor_group13resetPositionEv
                0x2001496e       0x1e c:\Users\tooy0\AppData\Roaming\Code\User\globalStorage\vexrobotics.vexcode\sdk\cpp\IQ2\IQ2_20250520_15_00_00/vexiq2\libviq2rt.a(vex_motorgroup.cpp.o)
                0x2001496e                vex::motor_group::resetPosition()
 .text._ZN3vex11motor_group11setPositionEdNS_13rotationUnitsE
                0x2001498c       0x3a c:\Users\tooy0\AppData\Roaming\Code\User\globalStorage\vexrobotics.vexcode\sdk\cpp\IQ2\IQ2_20250520_15_00_00/vexiq2\libviq2rt.a(vex_motorgroup.cpp.o)
                0x2001498c                vex::motor_group::setPosition(double, vex::rotationUnits)
 .text._ZN3vex11motor_group4spinENS_13directionTypeE
                0x200149c6       0x22 c:\Users\tooy0\AppData\Roaming\Code\User\globalStorage\vexrobotics.vexcode\sdk\cpp\IQ2\IQ2_20250520_15_00_00/vexiq2\libviq2rt.a(vex_motorgroup.cpp.o)
                0x200149c6                vex::motor_group::spin(vex::directionType)
 .text._ZN3vex11motor_group10isSpinningEv
                0x200149e8       0x26 c:\Users\tooy0\AppData\Roaming\Code\User\globalStorage\vexrobotics.vexcode\sdk\cpp\IQ2\IQ2_20250520_15_00_00/vexiq2\libviq2rt.a(vex_motorgroup.cpp.o)
                0x200149e8                vex::motor_group::isSpinning()
 .text._ZN3vex11motor_group6isDoneEv
                0x20014a0e        0xe c:\Users\tooy0\AppData\Roaming\Code\User\globalStorage\vexrobotics.vexcode\sdk\cpp\IQ2\IQ2_20250520_15_00_00/vexiq2\libviq2rt.a(vex_motorgroup.cpp.o)
                0x20014a0e                vex::motor_group::isDone()
 .text._ZN3vex11motor_group4stopEv
                0x20014a1c       0x1e c:\Users\tooy0\AppData\Roaming\Code\User\globalStorage\vexrobotics.vexcode\sdk\cpp\IQ2\IQ2_20250520_15_00_00/vexiq2\libviq2rt.a(vex_motorgroup.cpp.o)
                0x20014a1c                vex::motor_group::stop()
 .text._ZN3vex11motor_group4stopENS_9brakeTypeE
                0x20014a3a       0x22 c:\Users\tooy0\AppData\Roaming\Code\User\globalStorage\vexrobotics.vexcode\sdk\cpp\IQ2\IQ2_20250520_15_00_00/vexiq2\libviq2rt.a(vex_motorgroup.cpp.o)
                0x20014a3a                vex::motor_group::stop(vex::brakeType)
 .text._ZN3vex11motor_group12setMaxTorqueEdNS_12percentUnitsE
                0x20014a5c       0x3a c:\Users\tooy0\AppData\Roaming\Code\User\globalStorage\vexrobotics.vexcode\sdk\cpp\IQ2\IQ2_20250520_15_00_00/vexiq2\libviq2rt.a(vex_motorgroup.cpp.o)
                0x20014a5c                vex::motor_group::setMaxTorque(double, vex::percentUnits)
 .text._ZN3vex11motor_group8positionENS_13rotationUnitsE
                0x20014a96        0x8 c:\Users\tooy0\AppData\Roaming\Code\User\globalStorage\vexrobotics.vexcode\sdk\cpp\IQ2\IQ2_20250520_15_00_00/vexiq2\libviq2rt.a(vex_motorgroup.cpp.o)
                0x20014a96                vex::motor_group::position(vex::rotationUnits)
 .text._ZN3vex11motor_group8velocityENS_13velocityUnitsE
                0x20014a9e        0x8 c:\Users\tooy0\AppData\Roaming\Code\User\globalStorage\vexrobotics.vexcode\sdk\cpp\IQ2\IQ2_20250520_15_00_00/vexiq2\libviq2rt.a(vex_motorgroup.cpp.o)
                0x20014a9e                vex::motor_group::velocity(vex::velocityUnits)
 .text._ZN3vex11motor_group20waitForCompletionAllEv
                0x20014aa6       0x36 c:\Users\tooy0\AppData\Roaming\Code\User\globalStorage\vexrobotics.vexcode\sdk\cpp\IQ2\IQ2_20250520_15_00_00/vexiq2\libviq2rt.a(vex_motorgroup.cpp.o)
                0x20014aa6                vex::motor_group::waitForCompletionAll()
 .text._ZN3vex11motor_group6spinToEdNS_13rotationUnitsEb
                0x20014adc       0x56 c:\Users\tooy0\AppData\Roaming\Code\User\globalStorage\vexrobotics.vexcode\sdk\cpp\IQ2\IQ2_20250520_15_00_00/vexiq2\libviq2rt.a(vex_motorgroup.cpp.o)
                0x20014adc                vex::motor_group::spinTo(double, vex::rotationUnits, bool)
 .text._ZN3vex11motor_group14spinToPositionEdNS_13rotationUnitsEb
                0x20014b32        0x4 c:\Users\tooy0\AppData\Roaming\Code\User\globalStorage\vexrobotics.vexcode\sdk\cpp\IQ2\IQ2_20250520_15_00_00/vexiq2\libviq2rt.a(vex_motorgroup.cpp.o)
                0x20014b32                vex::motor_group::spinToPosition(double, vex::rotationUnits, bool)
 .text._ZN3vex11motor_group7spinForEdNS_13rotationUnitsEb
                0x20014b36       0x56 c:\Users\tooy0\AppData\Roaming\Code\User\globalStorage\vexrobotics.vexcode\sdk\cpp\IQ2\IQ2_20250520_15_00_00/vexiq2\libviq2rt.a(vex_motorgroup.cpp.o)
                0x20014b36                vex::motor_group::spinFor(double, vex::rotationUnits, bool)
 .text._ZN3vex11motor_group7spinForENS_13directionTypeEdNS_13rotationUnitsEb
                0x20014b8c       0x5a c:\Users\tooy0\AppData\Roaming\Code\User\globalStorage\vexrobotics.vexcode\sdk\cpp\IQ2\IQ2_20250520_15_00_00/vexiq2\libviq2rt.a(vex_motorgroup.cpp.o)
                0x20014b8c                vex::motor_group::spinFor(vex::directionType, double, vex::rotationUnits, bool)
 .text._ZN3vex10controllerC2Ev
                0x20014be6       0x5e c:\Users\tooy0\AppData\Roaming\Code\User\globalStorage\vexrobotics.vexcode\sdk\cpp\IQ2\IQ2_20250520_15_00_00/vexiq2\libviq2rt.a(vex_controller.cpp.o)
                0x20014be6                vex::controller::controller()
                0x20014be6                vex::controller::controller()
 .text._ZN3vex10controllerD2Ev
                0x20014c44        0x2 c:\Users\tooy0\AppData\Roaming\Code\User\globalStorage\vexrobotics.vexcode\sdk\cpp\IQ2\IQ2_20250520_15_00_00/vexiq2\libviq2rt.a(vex_controller.cpp.o)
                0x20014c44                vex::controller::~controller()
                0x20014c44                vex::controller::~controller()
 .text._ZN3vex10controller5valueE19_IQ_ControllerIndex
                0x20014c46        0x6 c:\Users\tooy0\AppData\Roaming\Code\User\globalStorage\vexrobotics.vexcode\sdk\cpp\IQ2\IQ2_20250520_15_00_00/vexiq2\libviq2rt.a(vex_controller.cpp.o)
                0x20014c46                vex::controller::value(_IQ_ControllerIndex)
 .text._ZNK3vex10controller6button7pressedEPFvvE
                0x20014c4c       0x76 c:\Users\tooy0\AppData\Roaming\Code\User\globalStorage\vexrobotics.vexcode\sdk\cpp\IQ2\IQ2_20250520_15_00_00/vexiq2\libviq2rt.a(vex_controller.cpp.o)
                0x20014c4c                vex::controller::button::pressed(void (*)()) const
 .text._ZNK3vex10controller4axis5valueEv
                0x20014cc2       0x2a c:\Users\tooy0\AppData\Roaming\Code\User\globalStorage\vexrobotics.vexcode\sdk\cpp\IQ2\IQ2_20250520_15_00_00/vexiq2\libviq2rt.a(vex_controller.cpp.o)
                0x20014cc2                vex::controller::axis::value() const
 .text._ZNK3vex10controller4axis8positionENS_12percentUnitsE
                0x20014cec       0x12 c:\Users\tooy0\AppData\Roaming\Code\User\globalStorage\vexrobotics.vexcode\sdk\cpp\IQ2\IQ2_20250520_15_00_00/vexiq2\libviq2rt.a(vex_controller.cpp.o)
                0x20014cec                vex::controller::axis::position(vex::percentUnits) const
 .text._ZNK3vex10controller4axis7changedEPFvvE
                0x20014cfe       0x3c c:\Users\tooy0\AppData\Roaming\Code\User\globalStorage\vexrobotics.vexcode\sdk\cpp\IQ2\IQ2_20250520_15_00_00/vexiq2\libviq2rt.a(vex_controller.cpp.o)
                0x20014cfe                vex::controller::axis::changed(void (*)()) const
 .text._ZN3vex5event4initEmmPFvvE
                0x20014d3a        0x4 c:\Users\tooy0\AppData\Roaming\Code\User\globalStorage\vexrobotics.vexcode\sdk\cpp\IQ2\IQ2_20250520_15_00_00/vexiq2\libviq2rt.a(vex_event.cpp.o)
                0x20014d3a                vex::event::init(unsigned long, unsigned long, void (*)())
 .text._ZN3vex5event9userindexEv
                0x20014d3e        0x4 c:\Users\tooy0\AppData\Roaming\Code\User\globalStorage\vexrobotics.vexcode\sdk\cpp\IQ2\IQ2_20250520_15_00_00/vexiq2\libviq2rt.a(vex_event.cpp.o)
                0x20014d3e                vex::event::userindex()
 .text._ZN3vex6device5valueEv
                0x20014d42        0x4 c:\Users\tooy0\AppData\Roaming\Code\User\globalStorage\vexrobotics.vexcode\sdk\cpp\IQ2\IQ2_20250520_15_00_00/vexiq2\libviq2rt.a(vex_device.cpp.o)
                0x20014d42                vex::device::value()
 .text._ZN3vex6deviceD2Ev
                0x20014d46        0x2 c:\Users\tooy0\AppData\Roaming\Code\User\globalStorage\vexrobotics.vexcode\sdk\cpp\IQ2\IQ2_20250520_15_00_00/vexiq2\libviq2rt.a(vex_device.cpp.o)
                0x20014d46                vex::device::~device()
                0x20014d46                vex::device::~device()
 .text._ZN3vex6device4initEl
                0x20014d48       0x22 c:\Users\tooy0\AppData\Roaming\Code\User\globalStorage\vexrobotics.vexcode\sdk\cpp\IQ2\IQ2_20250520_15_00_00/vexiq2\libviq2rt.a(vex_device.cpp.o)
                0x20014d48                vex::device::init(long)
 *fill*         0x20014d6a        0x2 
 .text._ZN3vex6deviceC2El
                0x20014d6c       0x14 c:\Users\tooy0\AppData\Roaming\Code\User\globalStorage\vexrobotics.vexcode\sdk\cpp\IQ2\IQ2_20250520_15_00_00/vexiq2\libviq2rt.a(vex_device.cpp.o)
                0x20014d6c                vex::device::device(long)
                0x20014d6c                vex::device::device(long)
 .text._ZN3vex6device4typeEv
                0x20014d80        0x8 c:\Users\tooy0\AppData\Roaming\Code\User\globalStorage\vexrobotics.vexcode\sdk\cpp\IQ2\IQ2_20250520_15_00_00/vexiq2\libviq2rt.a(vex_device.cpp.o)
                0x20014d80                vex::device::type()
 .text._ZN3vex6device9installedEv
                0x20014d88        0xe c:\Users\tooy0\AppData\Roaming\Code\User\globalStorage\vexrobotics.vexcode\sdk\cpp\IQ2\IQ2_20250520_15_00_00/vexiq2\libviq2rt.a(vex_device.cpp.o)
                0x20014d88                vex::device::installed()
 .text.__aeabi_atexit
                0x20014d96        0xa c:\Users\tooy0\AppData\Roaming\Code\User\globalStorage\vexrobotics.vexcode\sdk\cpp\IQ2\IQ2_20250520_15_00_00/vexiq2/gcc/libs\libc_nano.a(lib_a-aeabi_atexit.o)
                0x20014d96                __aeabi_atexit
 .text.__libc_init_array
                0x20014da0       0x48 c:\Users\tooy0\AppData\Roaming\Code\User\globalStorage\vexrobotics.vexcode\sdk\cpp\IQ2\IQ2_20250520_15_00_00/vexiq2/gcc/libs\libc_nano.a(lib_a-init.o)
                0x20014da0                __libc_init_array
 .text._free_r  0x20014de8       0x9c c:\Users\tooy0\AppData\Roaming\Code\User\globalStorage\vexrobotics.vexcode\sdk\cpp\IQ2\IQ2_20250520_15_00_00/vexiq2/gcc/libs\libc_nano.a(lib_a-nano-freer.o)
                0x20014de8                _free_r
 .text._malloc_r
                0x20014e84       0xb4 c:\Users\tooy0\AppData\Roaming\Code\User\globalStorage\vexrobotics.vexcode\sdk\cpp\IQ2\IQ2_20250520_15_00_00/vexiq2/gcc/libs\libc_nano.a(lib_a-nano-mallocr.o)
                0x20014e84                _malloc_r
 .text.srand    0x20014f38       0x48 c:\Users\tooy0\AppData\Roaming\Code\User\globalStorage\vexrobotics.vexcode\sdk\cpp\IQ2\IQ2_20250520_15_00_00/vexiq2/gcc/libs\libc_nano.a(lib_a-rand.o)
                0x20014f38                srand
 .text._sbrk_r  0x20014f80       0x20 c:\Users\tooy0\AppData\Roaming\Code\User\globalStorage\vexrobotics.vexcode\sdk\cpp\IQ2\IQ2_20250520_15_00_00/vexiq2/gcc/libs\libc_nano.a(lib_a-sbrkr.o)
                0x20014f80                _sbrk_r
 .text.malloc   0x20014fa0       0x10 c:\Users\tooy0\AppData\Roaming\Code\User\globalStorage\vexrobotics.vexcode\sdk\cpp\IQ2\IQ2_20250520_15_00_00/vexiq2/gcc/libs\libc_nano.a(lib_a-malloc.o)
                0x20014fa0                malloc
 .text.free     0x20014fb0       0x10 c:\Users\tooy0\AppData\Roaming\Code\User\globalStorage\vexrobotics.vexcode\sdk\cpp\IQ2\IQ2_20250520_15_00_00/vexiq2/gcc/libs\libc_nano.a(lib_a-malloc.o)
                0x20014fb0                free
 .text.__malloc_lock
                0x20014fc0        0x2 c:\Users\tooy0\AppData\Roaming\Code\User\globalStorage\vexrobotics.vexcode\sdk\cpp\IQ2\IQ2_20250520_15_00_00/vexiq2/gcc/libs\libc_nano.a(lib_a-mlock.o)
                0x20014fc0                __malloc_lock
 .text.__malloc_unlock
                0x20014fc2        0x2 c:\Users\tooy0\AppData\Roaming\Code\User\globalStorage\vexrobotics.vexcode\sdk\cpp\IQ2\IQ2_20250520_15_00_00/vexiq2/gcc/libs\libc_nano.a(lib_a-mlock.o)
                0x20014fc2                __malloc_unlock
 .text._ZdlPv   0x20014fc4        0x4 c:\Users\tooy0\AppData\Roaming\Code\User\globalStorage\vexrobotics.vexcode\sdk\cpp\IQ2\IQ2_20250520_15_00_00/vexiq2/gcc/libs\libstdc++_nano.a(del_op.o)
                0x20014fc4                operator delete(void*)
 .text.fmod     0x20014fc8       0xd0 c:\Users\tooy0\AppData\Roaming\Code\User\globalStorage\vexrobotics.vexcode\sdk\cpp\IQ2\IQ2_20250520_15_00_00/vexiq2/gcc/libs\libm.a(lib_a-w_fmod.o)
                0x20014fc8                fmod
 .text.__ieee754_fmod
                0x20015098      0x248 c:\Users\tooy0\AppData\Roaming\Code\User\globalStorage\vexrobotics.vexcode\sdk\cpp\IQ2\IQ2_20250520_15_00_00/vexiq2/gcc/libs\libm.a(lib_a-e_fmod.o)
                0x20015098                __ieee754_fmod
 .text.matherr  0x200152e0        0x4 c:\Users\tooy0\AppData\Roaming\Code\User\globalStorage\vexrobotics.vexcode\sdk\cpp\IQ2\IQ2_20250520_15_00_00/vexiq2/gcc/libs\libm.a(lib_a-s_matherr.o)
                0x200152e0                matherr
 .text.__errno  0x200152e4        0xc c:\Users\tooy0\AppData\Roaming\Code\User\globalStorage\vexrobotics.vexcode\sdk\cpp\IQ2\IQ2_20250520_15_00_00/vexiq2\libviq2rt.a(iq2_fstubs.c.o)
                0x200152e4                __errno
 *(.gnu.linkonce.t.*)
 *(.plt)
 *(.gnu_warning)
 *(.gcc_except_table)
 *(.glue_7)
 .glue_7        0x00000000        0x0 linker stubs
 *(.glue_7t)
 .glue_7t       0x00000000        0x0 linker stubs
 *(.vfp11_veneer)
 .vfp11_veneer  0x00000000        0x0 linker stubs
 *(.ARM.extab)
 *(.gnu.linkonce.armextab.*)

.v4_bx          0x200152f0        0x0
 .v4_bx         0x00000000        0x0 linker stubs

.iplt           0x200152f0        0x0
 .iplt          0x00000000        0x0 build/src/main.o

.init
 *(.init)

.fini
 *(.fini)

.rodata         0x200152f0      0x228
                0x200152f0                __rodata_start = .
 *(.rodata)
 *(.rodata.*)
 .rodata.str1.1
                0x200152f0       0x24 build/src/main.o
 .rodata.str1.1
                0x20015314       0x22 c:\Users\tooy0\AppData\Roaming\Code\User\globalStorage\vexrobotics.vexcode\sdk\cpp\IQ2\IQ2_20250520_15_00_00/vexiq2\libviq2rt.a(iq2_startup.c.o)
 *fill*         0x20015336        0x2 
 .rodata._ZN3vex9cylinder2E
                0x20015338        0x4 c:\Users\tooy0\AppData\Roaming\Code\User\globalStorage\vexrobotics.vexcode\sdk\cpp\IQ2\IQ2_20250520_15_00_00/vexiq2\libviq2rt.a(vex_global.cpp.o)
                0x20015338                vex::cylinder2
 .rodata._ZN3vex5PORT3E
                0x2001533c        0x4 c:\Users\tooy0\AppData\Roaming\Code\User\globalStorage\vexrobotics.vexcode\sdk\cpp\IQ2\IQ2_20250520_15_00_00/vexiq2\libviq2rt.a(vex_global.cpp.o)
                0x2001533c                vex::PORT3
 .rodata._ZN3vex7reverseE
                0x20015340        0x4 c:\Users\tooy0\AppData\Roaming\Code\User\globalStorage\vexrobotics.vexcode\sdk\cpp\IQ2\IQ2_20250520_15_00_00/vexiq2\libviq2rt.a(vex_global.cpp.o)
                0x20015340                vex::reverse
 .rodata._ZN3vex6PORT10E
                0x20015344        0x4 c:\Users\tooy0\AppData\Roaming\Code\User\globalStorage\vexrobotics.vexcode\sdk\cpp\IQ2\IQ2_20250520_15_00_00/vexiq2\libviq2rt.a(vex_global.cpp.o)
                0x20015344                vex::PORT10
 .rodata._ZN3vex5yaxisE
                0x20015348        0x4 c:\Users\tooy0\AppData\Roaming\Code\User\globalStorage\vexrobotics.vexcode\sdk\cpp\IQ2\IQ2_20250520_15_00_00/vexiq2\libviq2rt.a(vex_global.cpp.o)
                0x20015348                vex::yaxis
 .rodata._ZN3vex5PORT5E
                0x2001534c        0x4 c:\Users\tooy0\AppData\Roaming\Code\User\globalStorage\vexrobotics.vexcode\sdk\cpp\IQ2\IQ2_20250520_15_00_00/vexiq2\libviq2rt.a(vex_global.cpp.o)
                0x2001534c                vex::PORT5
 .rodata._ZN3vex7forwardE
                0x20015350        0x4 c:\Users\tooy0\AppData\Roaming\Code\User\globalStorage\vexrobotics.vexcode\sdk\cpp\IQ2\IQ2_20250520_15_00_00/vexiq2\libviq2rt.a(vex_global.cpp.o)
                0x20015350                vex::forward
 .rodata._ZN3vex7secondsE
                0x20015354        0x4 c:\Users\tooy0\AppData\Roaming\Code\User\globalStorage\vexrobotics.vexcode\sdk\cpp\IQ2\IQ2_20250520_15_00_00/vexiq2\libviq2rt.a(vex_global.cpp.o)
                0x20015354                vex::seconds
 .rodata._ZN3vex5zaxisE
                0x20015358        0x4 c:\Users\tooy0\AppData\Roaming\Code\User\globalStorage\vexrobotics.vexcode\sdk\cpp\IQ2\IQ2_20250520_15_00_00/vexiq2\libviq2rt.a(vex_global.cpp.o)
                0x20015358                vex::zaxis
 .rodata._ZN3vex5xaxisE
                0x2001535c        0x4 c:\Users\tooy0\AppData\Roaming\Code\User\globalStorage\vexrobotics.vexcode\sdk\cpp\IQ2\IQ2_20250520_15_00_00/vexiq2\libviq2rt.a(vex_global.cpp.o)
                0x2001535c                vex::xaxis
 .rodata._ZN3vex3pctE
                0x20015360        0x4 c:\Users\tooy0\AppData\Roaming\Code\User\globalStorage\vexrobotics.vexcode\sdk\cpp\IQ2\IQ2_20250520_15_00_00/vexiq2\libviq2rt.a(vex_global.cpp.o)
                0x20015360                vex::pct
 .rodata._ZN3vex3secE
                0x20015364        0x4 c:\Users\tooy0\AppData\Roaming\Code\User\globalStorage\vexrobotics.vexcode\sdk\cpp\IQ2\IQ2_20250520_15_00_00/vexiq2\libviq2rt.a(vex_global.cpp.o)
                0x20015364                vex::sec
 .rodata._ZN3vex3redE
                0x20015368        0x4 c:\Users\tooy0\AppData\Roaming\Code\User\globalStorage\vexrobotics.vexcode\sdk\cpp\IQ2\IQ2_20250520_15_00_00/vexiq2\libviq2rt.a(vex_global.cpp.o)
                0x20015368                vex::red
 .rodata._ZN3vex5blackE
                0x2001536c        0x4 c:\Users\tooy0\AppData\Roaming\Code\User\globalStorage\vexrobotics.vexcode\sdk\cpp\IQ2\IQ2_20250520_15_00_00/vexiq2\libviq2rt.a(vex_global.cpp.o)
                0x2001536c                vex::black
 .rodata._ZN3vex4msecE
                0x20015370        0x4 c:\Users\tooy0\AppData\Roaming\Code\User\globalStorage\vexrobotics.vexcode\sdk\cpp\IQ2\IQ2_20250520_15_00_00/vexiq2\libviq2rt.a(vex_global.cpp.o)
                0x20015370                vex::msec
 .rodata._ZN3vex4blueE
                0x20015374        0x4 c:\Users\tooy0\AppData\Roaming\Code\User\globalStorage\vexrobotics.vexcode\sdk\cpp\IQ2\IQ2_20250520_15_00_00/vexiq2\libviq2rt.a(vex_global.cpp.o)
                0x20015374                vex::blue
 .rodata._ZN3vex5PORT9E
                0x20015378        0x4 c:\Users\tooy0\AppData\Roaming\Code\User\globalStorage\vexrobotics.vexcode\sdk\cpp\IQ2\IQ2_20250520_15_00_00/vexiq2\libviq2rt.a(vex_global.cpp.o)
                0x20015378                vex::PORT9
 .rodata._ZN3vex5PORT2E
                0x2001537c        0x4 c:\Users\tooy0\AppData\Roaming\Code\User\globalStorage\vexrobotics.vexcode\sdk\cpp\IQ2\IQ2_20250520_15_00_00/vexiq2\libviq2rt.a(vex_global.cpp.o)
                0x2001537c                vex::PORT2
 .rodata._ZN3vex6PORT11E
                0x20015380        0x4 c:\Users\tooy0\AppData\Roaming\Code\User\globalStorage\vexrobotics.vexcode\sdk\cpp\IQ2\IQ2_20250520_15_00_00/vexiq2\libviq2rt.a(vex_global.cpp.o)
                0x20015380                vex::PORT11
 .rodata._ZN3vex5PORT6E
                0x20015384        0x4 c:\Users\tooy0\AppData\Roaming\Code\User\globalStorage\vexrobotics.vexcode\sdk\cpp\IQ2\IQ2_20250520_15_00_00/vexiq2\libviq2rt.a(vex_global.cpp.o)
                0x20015384                vex::PORT6
 .rodata._ZN3vex5greenE
                0x20015388        0x4 c:\Users\tooy0\AppData\Roaming\Code\User\globalStorage\vexrobotics.vexcode\sdk\cpp\IQ2\IQ2_20250520_15_00_00/vexiq2\libviq2rt.a(vex_global.cpp.o)
                0x20015388                vex::green
 .rodata._ZN3vex7percentE
                0x2001538c        0x4 c:\Users\tooy0\AppData\Roaming\Code\User\globalStorage\vexrobotics.vexcode\sdk\cpp\IQ2\IQ2_20250520_15_00_00/vexiq2\libviq2rt.a(vex_global.cpp.o)
                0x2001538c                vex::percent
 .rodata._ZN3vex7degreesE
                0x20015390        0x4 c:\Users\tooy0\AppData\Roaming\Code\User\globalStorage\vexrobotics.vexcode\sdk\cpp\IQ2\IQ2_20250520_15_00_00/vexiq2\libviq2rt.a(vex_global.cpp.o)
                0x20015390                vex::degrees
 .rodata._ZN3vex6orangeE
                0x20015394        0x4 c:\Users\tooy0\AppData\Roaming\Code\User\globalStorage\vexrobotics.vexcode\sdk\cpp\IQ2\IQ2_20250520_15_00_00/vexiq2\libviq2rt.a(vex_global.cpp.o)
                0x20015394                vex::orange
 .rodata._ZN3vex4holdE
                0x20015398        0x4 c:\Users\tooy0\AppData\Roaming\Code\User\globalStorage\vexrobotics.vexcode\sdk\cpp\IQ2\IQ2_20250520_15_00_00/vexiq2\libviq2rt.a(vex_global.cpp.o)
                0x20015398                vex::hold
 .rodata._ZN3vex6PORT12E
                0x2001539c        0x4 c:\Users\tooy0\AppData\Roaming\Code\User\globalStorage\vexrobotics.vexcode\sdk\cpp\IQ2\IQ2_20250520_15_00_00/vexiq2\libviq2rt.a(vex_global.cpp.o)
                0x2001539c                vex::PORT12
 .rodata._ZN3vex5brakeE
                0x200153a0        0x4 c:\Users\tooy0\AppData\Roaming\Code\User\globalStorage\vexrobotics.vexcode\sdk\cpp\IQ2\IQ2_20250520_15_00_00/vexiq2\libviq2rt.a(vex_global.cpp.o)
                0x200153a0                vex::brake
 .rodata._ZN3vex5coastE
                0x200153a4        0x4 c:\Users\tooy0\AppData\Roaming\Code\User\globalStorage\vexrobotics.vexcode\sdk\cpp\IQ2\IQ2_20250520_15_00_00/vexiq2\libviq2rt.a(vex_global.cpp.o)
                0x200153a4                vex::coast
 .rodata._ZN3vex5PORT4E
                0x200153a8        0x4 c:\Users\tooy0\AppData\Roaming\Code\User\globalStorage\vexrobotics.vexcode\sdk\cpp\IQ2\IQ2_20250520_15_00_00/vexiq2\libviq2rt.a(vex_global.cpp.o)
                0x200153a8                vex::PORT4
 .rodata._ZN3vex9cylinder1E
                0x200153ac        0x4 c:\Users\tooy0\AppData\Roaming\Code\User\globalStorage\vexrobotics.vexcode\sdk\cpp\IQ2\IQ2_20250520_15_00_00/vexiq2\libviq2rt.a(vex_global.cpp.o)
                0x200153ac                vex::cylinder1
 .rodata._ZN3vex5PORT8E
                0x200153b0        0x4 c:\Users\tooy0\AppData\Roaming\Code\User\globalStorage\vexrobotics.vexcode\sdk\cpp\IQ2\IQ2_20250520_15_00_00/vexiq2\libviq2rt.a(vex_global.cpp.o)
                0x200153b0                vex::PORT8
 .rodata.str1.1
                0x200153b4       0x14 c:\Users\tooy0\AppData\Roaming\Code\User\globalStorage\vexrobotics.vexcode\sdk\cpp\IQ2\IQ2_20250520_15_00_00/vexiq2\libviq2rt.a(vex_thread.cpp.o)
 .rodata.str1.1
                0x200153c8       0x20 c:\Users\tooy0\AppData\Roaming\Code\User\globalStorage\vexrobotics.vexcode\sdk\cpp\IQ2\IQ2_20250520_15_00_00/vexiq2\libviq2rt.a(vex_brain.cpp.o)
 .rodata._ZTVN3vex5motorE
                0x200153e8       0x10 c:\Users\tooy0\AppData\Roaming\Code\User\globalStorage\vexrobotics.vexcode\sdk\cpp\IQ2\IQ2_20250520_15_00_00/vexiq2\libviq2rt.a(vex_motor.cpp.o)
                0x200153e8                vtable for vex::motor
 .rodata._ZTVN3vex8touchledE
                0x200153f8       0x10 c:\Users\tooy0\AppData\Roaming\Code\User\globalStorage\vexrobotics.vexcode\sdk\cpp\IQ2\IQ2_20250520_15_00_00/vexiq2\libviq2rt.a(vex_touchled.cpp.o)
                0x200153f8                vtable for vex::touchled
 .rodata._ZTVN3vex8inertialE
                0x20015408       0x68 c:\Users\tooy0\AppData\Roaming\Code\User\globalStorage\vexrobotics.vexcode\sdk\cpp\IQ2\IQ2_20250520_15_00_00/vexiq2\libviq2rt.a(vex_imu.cpp.o)
                0x20015408                vtable for vex::inertial
 .rodata._ZTVN3vex8distanceE
                0x20015470       0x10 c:\Users\tooy0\AppData\Roaming\Code\User\globalStorage\vexrobotics.vexcode\sdk\cpp\IQ2\IQ2_20250520_15_00_00/vexiq2\libviq2rt.a(vex_distance.cpp.o)
                0x20015470                vtable for vex::distance
 .rodata._ZTVN3vex9pneumaticE
                0x20015480       0x10 c:\Users\tooy0\AppData\Roaming\Code\User\globalStorage\vexrobotics.vexcode\sdk\cpp\IQ2\IQ2_20250520_15_00_00/vexiq2\libviq2rt.a(vex_pneumatic.cpp.o)
                0x20015480                vtable for vex::pneumatic
 .rodata._ZTVN3vex6deviceE
                0x20015490       0x10 c:\Users\tooy0\AppData\Roaming\Code\User\globalStorage\vexrobotics.vexcode\sdk\cpp\IQ2\IQ2_20250520_15_00_00/vexiq2\libviq2rt.a(vex_device.cpp.o)
                0x20015490                vtable for vex::device
 .rodata.__sf_fake_stderr
                0x200154a0       0x20 c:\Users\tooy0\AppData\Roaming\Code\User\globalStorage\vexrobotics.vexcode\sdk\cpp\IQ2\IQ2_20250520_15_00_00/vexiq2/gcc/libs\libc_nano.a(lib_a-findfp.o)
                0x200154a0                __sf_fake_stderr
 .rodata.__sf_fake_stdin
                0x200154c0       0x20 c:\Users\tooy0\AppData\Roaming\Code\User\globalStorage\vexrobotics.vexcode\sdk\cpp\IQ2\IQ2_20250520_15_00_00/vexiq2/gcc/libs\libc_nano.a(lib_a-findfp.o)
                0x200154c0                __sf_fake_stdin
 .rodata.__sf_fake_stdout
                0x200154e0       0x20 c:\Users\tooy0\AppData\Roaming\Code\User\globalStorage\vexrobotics.vexcode\sdk\cpp\IQ2\IQ2_20250520_15_00_00/vexiq2/gcc/libs\libc_nano.a(lib_a-findfp.o)
                0x200154e0                __sf_fake_stdout
 .rodata.fmod.str1.4
                0x20015500        0x8 c:\Users\tooy0\AppData\Roaming\Code\User\globalStorage\vexrobotics.vexcode\sdk\cpp\IQ2\IQ2_20250520_15_00_00/vexiq2/gcc/libs\libm.a(lib_a-w_fmod.o)
                                  0x5 (size before relaxing)
 .rodata.Zero   0x20015508       0x10 c:\Users\tooy0\AppData\Roaming\Code\User\globalStorage\vexrobotics.vexcode\sdk\cpp\IQ2\IQ2_20250520_15_00_00/vexiq2/gcc/libs\libm.a(lib_a-e_fmod.o)
 *(.gnu.linkonce.r.*)
                0x20015518                __rodata_end = .

.rodata1        0x20015518        0x0
                0x20015518                __rodata1_start = .
 *(.rodata1)
 *(.rodata1.*)
                0x20015518                __rodata1_end = .

.sdata2         0x20015518        0x0
                0x20015518                __sdata2_start = .
 *(.sdata2)
 *(.sdata2.*)
 *(.gnu.linkonce.s2.*)
                0x20015518                __sdata2_end = .

.sbss2          0x20015518        0x0
                0x20015518                __sbss2_start = .
 *(.sbss2)
 *(.sbss2.*)
 *(.gnu.linkonce.sb2.*)
                0x20015518                __sbss2_end = .

.data           0x20015518       0x6d
                0x20015518                __data_start = .
                0x20015518                __data_load = .
 *(.data)
 *(.data.*)
 .data.__yoff   0x20015518        0x4 c:\Users\tooy0\AppData\Roaming\Code\User\globalStorage\vexrobotics.vexcode\sdk\cpp\IQ2\IQ2_20250520_15_00_00/vexiq2\libviq2rt.a(iq2_apijump.c.o)
 .data._ZN3vex24__default_motor_velocityE
                0x2001551c        0x4 c:\Users\tooy0\AppData\Roaming\Code\User\globalStorage\vexrobotics.vexcode\sdk\cpp\IQ2\IQ2_20250520_15_00_00/vexiq2\libviq2rt.a(vex_motor.cpp.o)
                0x2001551c                vex::__default_motor_velocity
 .data._impure_ptr
                0x20015520        0x4 c:\Users\tooy0\AppData\Roaming\Code\User\globalStorage\vexrobotics.vexcode\sdk\cpp\IQ2\IQ2_20250520_15_00_00/vexiq2/gcc/libs\libc_nano.a(lib_a-impure.o)
                0x20015520                _impure_ptr
 .data.impure_data
                0x20015524       0x60 c:\Users\tooy0\AppData\Roaming\Code\User\globalStorage\vexrobotics.vexcode\sdk\cpp\IQ2\IQ2_20250520_15_00_00/vexiq2/gcc/libs\libc_nano.a(lib_a-impure.o)
 .data.__fdlib_version
                0x20015584        0x1 c:\Users\tooy0\AppData\Roaming\Code\User\globalStorage\vexrobotics.vexcode\sdk\cpp\IQ2\IQ2_20250520_15_00_00/vexiq2/gcc/libs\libm.a(lib_a-s_lib_ver.o)
                0x20015584                __fdlib_version
 *(.gnu.linkonce.d.*)
 *(.jcr)
 *(.got)
 *(.got.plt)
                0x20015585                __data_end = .

.igot.plt       0x20015588        0x0
 .igot.plt      0x00000000        0x0 build/src/main.o

.data1          0x20015585        0x0
                0x20015585                __data1_start = .
                0x20015585                __data1_load = .
 *(.data1)
 *(.data1.*)
                0x20015585                __data1_end = .

.got
 *(.got)

.ctors          0x20015585        0x0
                0x20015585                __CTOR_LIST__ = .
                0x20015585                ___CTORS_LIST___ = .
 *crtbegin.o(.ctors)
 *(EXCLUDE_FILE(*crtend.o) .ctors)
 *(SORT(.ctors.*))
 *(.ctors)
                0x20015585                __CTOR_END__ = .
                0x20015585                ___CTORS_END___ = .

.dtors          0x20015585        0x0
                0x20015585                __DTOR_LIST__ = .
                0x20015585                ___DTORS_LIST___ = .
 *crtbegin.o(.dtors)
 *(EXCLUDE_FILE(*crtend.o) .dtors)
 *(SORT(.dtors.*))
 *(.dtors)
                0x20015585                __DTOR_END__ = .
                0x20015585                ___DTORS_END___ = .

.fixup          0x20015585        0x0
                0x20015585                __fixup_start = .
 *(.fixup)
                0x20015585                __fixup_end = .

.eh_frame
 *(.eh_frame)

.eh_framehdr    0x20015585        0x0
                0x20015585                __eh_framehdr_start = .
 *(.eh_framehdr)
                0x20015585                __eh_framehdr_end = .

.gcc_except_table
 *(.gcc_except_table)

.mmu_tbl        0x20018000        0x0
                0x20018000                __mmu_tbl_start = .
 *(.mmu_tbl)
                0x20018000                __mmu_tbl_end = .

.ARM.exidx      0x20015588        0x8
                0x20015588                __exidx_start = .
 *(.ARM.exidx*)
 .ARM.exidx.text._Z20initializeRandomSeedv
                0x20015588        0x8 build/src/main.o
 .ARM.exidx.text._Z10Place_beamv
                0x20015590        0x0 build/src/main.o
                                  0x8 (size before relaxing)
 .ARM.exidx.text._Z9Drop_downv
                0x20015590        0x0 build/src/main.o
                                  0x8 (size before relaxing)
 .ARM.exidx.text._Z14Drop_down_beamv
                0x20015590        0x0 build/src/main.o
                                  0x8 (size before relaxing)
 .ARM.exidx.text._Z8Lup_Initv
                0x20015590        0x0 build/src/main.o
                                  0x8 (size before relaxing)
 .ARM.exidx.text._Z10Ldown_Initv
                0x20015590        0x0 build/src/main.o
                                  0x8 (size before relaxing)
 .ARM.exidx.text._Z10Rdown_Initv
                0x20015590        0x0 build/src/main.o
                                  0x8 (size before relaxing)
 .ARM.exidx.text._Z12Grab_then_upv
                0x20015590        0x0 build/src/main.o
                                  0x8 (size before relaxing)
 .ARM.exidx.text._Z8Rup_Initv
                0x20015590        0x0 build/src/main.o
                                  0x8 (size before relaxing)
 .ARM.exidx.text._Z17Drop_down_Grab_Upv
                0x20015590        0x0 build/src/main.o
                                  0x8 (size before relaxing)
 .ARM.exidx.text._Z10Spin_Robotv
                0x20015590        0x0 build/src/main.o
                                  0x8 (size before relaxing)
 .ARM.exidx.text._Z8standoffv
                0x20015590        0x0 build/src/main.o
                                  0x8 (size before relaxing)
 .ARM.exidx.text._Z20Pin_On_the_sidelinesv
                0x20015590        0x0 build/src/main.o
                                  0x8 (size before relaxing)
 .ARM.exidx.text._Z4flipv
                0x20015590        0x0 build/src/main.o
                                  0x8 (size before relaxing)
 .ARM.exidx.text._Z11LUp_pressedv
                0x20015590        0x0 build/src/main.o
                                  0x8 (size before relaxing)
 .ARM.exidx.text._Z13LDown_pressedv
                0x20015590        0x0 build/src/main.o
                                  0x8 (size before relaxing)
 .ARM.exidx.text._Z5Drivev
                0x20015590        0x0 build/src/main.o
                                  0x8 (size before relaxing)
 .ARM.exidx.text._Z13control_drivev
                0x20015590        0x0 build/src/main.o
                                  0x8 (size before relaxing)
 .ARM.exidx.text._Z5startv
                0x20015590        0x0 build/src/main.o
                                  0x8 (size before relaxing)
 .ARM.exidx.text._Z13FDown_pressedv
                0x20015590        0x0 build/src/main.o
                                  0x8 (size before relaxing)
 .ARM.exidx.text._Z11FUp_pressedv
                0x20015590        0x0 build/src/main.o
                                  0x8 (size before relaxing)
 .ARM.exidx.text._Z13RDown_pressedv
                0x20015590        0x0 build/src/main.o
                                  0x8 (size before relaxing)
 .ARM.exidx.text._Z13EDown_pressdev
                0x20015590        0x0 build/src/main.o
                                  0x8 (size before relaxing)
 .ARM.exidx.text._Z11RUp_pressedv
                0x20015590        0x0 build/src/main.o
                                  0x8 (size before relaxing)
 .ARM.exidx.text._Z4Timev
                0x20015590        0x0 build/src/main.o
                                  0x8 (size before relaxing)
 .ARM.exidx.text._Z11EUp_pressedv
                0x20015590        0x0 build/src/main.o
                                  0x8 (size before relaxing)
 .ARM.exidx.text._Z18ControllerDChangedv
                0x20015590        0x0 build/src/main.o
                                  0x8 (size before relaxing)
 .ARM.exidx.text._Z18ControllerCChangedv
                0x20015590        0x0 build/src/main.o
                                  0x8 (size before relaxing)
 .ARM.exidx.text._Z26ControllerButtonR3_pressedv
                0x20015590        0x0 build/src/main.o
                                  0x8 (size before relaxing)
 .ARM.exidx.text.main
                0x20015590        0x0 build/src/main.o
                                  0x8 (size before relaxing)
 .ARM.exidx.text._GLOBAL__sub_I_main.cpp
                0x20015590        0x0 build/src/main.o
                                  0x8 (size before relaxing)
 *(.gnu.linkonce.armexidix.*.*)
                0x20015590                __exidx_end = .

.rel.dyn        0x20015590        0x0
 .rel.iplt      0x00000000        0x0 build/src/main.o

.preinit_array  0x20015590        0x0
                0x20015590                __preinit_array_start = .
 *(SORT(.preinit_array.*))
 *(.preinit_array)
                0x20015590                __preinit_array_end = .

.init_array     0x20015590        0x8
                0x20015590                __init_array_start = .
 *(SORT(.init_array.*))
 *(.init_array)
 .init_array    0x20015590        0x4 build/src/main.o
 .init_array    0x20015594        0x4 c:\Users\tooy0\AppData\Roaming\Code\User\globalStorage\vexrobotics.vexcode\sdk\cpp\IQ2\IQ2_20250520_15_00_00/vexiq2\libviq2rt.a(vex_color.cpp.o)
                0x20015598                __init_array_end = .

.fini_array     0x20015598        0x0
                0x20015598                __fini_array_start = .
 *(SORT(.fini_array.*))
 *(.fini_array)
                0x20015598                __fini_array_end = .

.ARM.attributes
                0x20015598       0x3d
                0x20015598                __ARM.attributes_start = .
 *(.ARM.attributes)
 .ARM.attributes
                0x20015598       0x49 build/src/main.o
 .ARM.attributes
                0x200155e1       0x39 c:\Users\tooy0\AppData\Roaming\Code\User\globalStorage\vexrobotics.vexcode\sdk\cpp\IQ2\IQ2_20250520_15_00_00/vexiq2\libviq2rt.a(iq2_startup.c.o)
 .ARM.attributes
                0x2001561a       0x39 c:\Users\tooy0\AppData\Roaming\Code\User\globalStorage\vexrobotics.vexcode\sdk\cpp\IQ2\IQ2_20250520_15_00_00/vexiq2\libviq2rt.a(iq2_apijump.c.o)
 .ARM.attributes
                0x20015653       0x39 c:\Users\tooy0\AppData\Roaming\Code\User\globalStorage\vexrobotics.vexcode\sdk\cpp\IQ2\IQ2_20250520_15_00_00/vexiq2\libviq2rt.a(vex_global.cpp.o)
 .ARM.attributes
                0x2001568c       0x39 c:\Users\tooy0\AppData\Roaming\Code\User\globalStorage\vexrobotics.vexcode\sdk\cpp\IQ2\IQ2_20250520_15_00_00/vexiq2\libviq2rt.a(vex_color.cpp.o)
 .ARM.attributes
                0x200156c5       0x39 c:\Users\tooy0\AppData\Roaming\Code\User\globalStorage\vexrobotics.vexcode\sdk\cpp\IQ2\IQ2_20250520_15_00_00/vexiq2\libviq2rt.a(vex_thread.cpp.o)
 .ARM.attributes
                0x200156fe       0x39 c:\Users\tooy0\AppData\Roaming\Code\User\globalStorage\vexrobotics.vexcode\sdk\cpp\IQ2\IQ2_20250520_15_00_00/vexiq2\libviq2rt.a(vex_brain.cpp.o)
 .ARM.attributes
                0x20015737       0x39 c:\Users\tooy0\AppData\Roaming\Code\User\globalStorage\vexrobotics.vexcode\sdk\cpp\IQ2\IQ2_20250520_15_00_00/vexiq2\libviq2rt.a(vex_timer.cpp.o)
 .ARM.attributes
                0x20015770       0x39 c:\Users\tooy0\AppData\Roaming\Code\User\globalStorage\vexrobotics.vexcode\sdk\cpp\IQ2\IQ2_20250520_15_00_00/vexiq2\libviq2rt.a(vex_motor.cpp.o)
 .ARM.attributes
                0x200157a9       0x39 c:\Users\tooy0\AppData\Roaming\Code\User\globalStorage\vexrobotics.vexcode\sdk\cpp\IQ2\IQ2_20250520_15_00_00/vexiq2\libviq2rt.a(vex_touchled.cpp.o)
 .ARM.attributes
                0x200157e2       0x39 c:\Users\tooy0\AppData\Roaming\Code\User\globalStorage\vexrobotics.vexcode\sdk\cpp\IQ2\IQ2_20250520_15_00_00/vexiq2\libviq2rt.a(vex_imu.cpp.o)
 .ARM.attributes
                0x2001581b       0x39 c:\Users\tooy0\AppData\Roaming\Code\User\globalStorage\vexrobotics.vexcode\sdk\cpp\IQ2\IQ2_20250520_15_00_00/vexiq2\libviq2rt.a(vex_distance.cpp.o)
 .ARM.attributes
                0x20015854       0x39 c:\Users\tooy0\AppData\Roaming\Code\User\globalStorage\vexrobotics.vexcode\sdk\cpp\IQ2\IQ2_20250520_15_00_00/vexiq2\libviq2rt.a(vex_pneumatic.cpp.o)
 .ARM.attributes
                0x2001588d       0x39 c:\Users\tooy0\AppData\Roaming\Code\User\globalStorage\vexrobotics.vexcode\sdk\cpp\IQ2\IQ2_20250520_15_00_00/vexiq2\libviq2rt.a(vex_motorgroup.cpp.o)
 .ARM.attributes
                0x200158c6       0x39 c:\Users\tooy0\AppData\Roaming\Code\User\globalStorage\vexrobotics.vexcode\sdk\cpp\IQ2\IQ2_20250520_15_00_00/vexiq2\libviq2rt.a(vex_controller.cpp.o)
 .ARM.attributes
                0x200158ff       0x39 c:\Users\tooy0\AppData\Roaming\Code\User\globalStorage\vexrobotics.vexcode\sdk\cpp\IQ2\IQ2_20250520_15_00_00/vexiq2\libviq2rt.a(vex_event.cpp.o)
 .ARM.attributes
                0x20015938       0x39 c:\Users\tooy0\AppData\Roaming\Code\User\globalStorage\vexrobotics.vexcode\sdk\cpp\IQ2\IQ2_20250520_15_00_00/vexiq2\libviq2rt.a(vex_device.cpp.o)
 .ARM.attributes
                0x20015971       0x34 c:\Users\tooy0\AppData\Roaming\Code\User\globalStorage\vexrobotics.vexcode\sdk\cpp\IQ2\IQ2_20250520_15_00_00/vexiq2/gcc/libs\libc_nano.a(lib_a-aeabi_atexit.o)
 .ARM.attributes
                0x200159a5       0x34 c:\Users\tooy0\AppData\Roaming\Code\User\globalStorage\vexrobotics.vexcode\sdk\cpp\IQ2\IQ2_20250520_15_00_00/vexiq2/gcc/libs\libc_nano.a(lib_a-findfp.o)