Archive member included because of file (symbol)

c:\Users\tooy0\AppData\Roaming\Code\User\globalStorage\vexrobotics.vexcode\sdk\cpp\IQ2\IQ2_20250520_15_00_00/vexiq2\libviq2rt.a(iq2_startup.c.o)
                              (vexStartup)
c:\Users\tooy0\AppData\Roaming\Code\User\globalStorage\vexrobotics.vexcode\sdk\cpp\IQ2\IQ2_20250520_15_00_00/vexiq2\libviq2rt.a(iq2_apijump.c.o)
                              c:\Users\tooy0\AppData\Roaming\Code\User\globalStorage\vexrobotics.vexcode\sdk\cpp\IQ2\IQ2_20250520_15_00_00/vexiq2\libviq2rt.a(iq2_startup.c.o) (vexTaskAdd)
c:\Users\tooy0\AppData\Roaming\Code\User\globalStorage\vexrobotics.vexcode\sdk\cpp\IQ2\IQ2_20250520_15_00_00/vexiq2\libviq2rt.a(iq2_apiversions.c.o)
                              c:\Users\tooy0\AppData\Roaming\Code\User\globalStorage\vexrobotics.vexcode\sdk\cpp\IQ2\IQ2_20250520_15_00_00/vexiq2\libviq2rt.a(iq2_apijump.c.o) (vexSystemVersion)
c:\Users\tooy0\AppData\Roaming\Code\User\globalStorage\vexrobotics.vexcode\sdk\cpp\IQ2\IQ2_20250520_15_00_00/vexiq2\libviq2rt.a(vex_global.cpp.o)
                              build/src/main.o (vex::wait(double, vex::timeUnits))
c:\Users\tooy0\AppData\Roaming\Code\User\globalStorage\vexrobotics.vexcode\sdk\cpp\IQ2\IQ2_20250520_15_00_00/vexiq2\libviq2rt.a(vex_color.cpp.o)
                              build/src/main.o (vex::color::~color())
c:\Users\tooy0\AppData\Roaming\Code\User\globalStorage\vexrobotics.vexcode\sdk\cpp\IQ2\IQ2_20250520_15_00_00/vexiq2\libviq2rt.a(vex_thread.cpp.o)
                              build/src/main.o (vex::thread::thread(int (*)()))
c:\Users\tooy0\AppData\Roaming\Code\User\globalStorage\vexrobotics.vexcode\sdk\cpp\IQ2\IQ2_20250520_15_00_00/vexiq2\libviq2rt.a(vex_brain.cpp.o)
                              build/src/main.o (vex::brain::~brain())
c:\Users\tooy0\AppData\Roaming\Code\User\globalStorage\vexrobotics.vexcode\sdk\cpp\IQ2\IQ2_20250520_15_00_00/vexiq2\libviq2rt.a(vex_timer.cpp.o)
                              c:\Users\tooy0\AppData\Roaming\Code\User\globalStorage\vexrobotics.vexcode\sdk\cpp\IQ2\IQ2_20250520_15_00_00/vexiq2\libviq2rt.a(vex_brain.cpp.o) (vex::timer::~timer())
c:\Users\tooy0\AppData\Roaming\Code\User\globalStorage\vexrobotics.vexcode\sdk\cpp\IQ2\IQ2_20250520_15_00_00/vexiq2\libviq2rt.a(vex_motor.cpp.o)
                              build/src/main.o (vex::motor::~motor())
c:\Users\tooy0\AppData\Roaming\Code\User\globalStorage\vexrobotics.vexcode\sdk\cpp\IQ2\IQ2_20250520_15_00_00/vexiq2\libviq2rt.a(vex_touchled.cpp.o)
                              build/src/main.o (vex::touchled::touchled(long))
c:\Users\tooy0\AppData\Roaming\Code\User\globalStorage\vexrobotics.vexcode\sdk\cpp\IQ2\IQ2_20250520_15_00_00/vexiq2\libviq2rt.a(vex_imu.cpp.o)
                              build/src/main.o (vex::inertial::setHeading(double, vex::rotationUnits))
c:\Users\tooy0\AppData\Roaming\Code\User\globalStorage\vexrobotics.vexcode\sdk\cpp\IQ2\IQ2_20250520_15_00_00/vexiq2\libviq2rt.a(vex_distance.cpp.o)
                              build/src/main.o (vex::distance::distance(long))
c:\Users\tooy0\AppData\Roaming\Code\User\globalStorage\vexrobotics.vexcode\sdk\cpp\IQ2\IQ2_20250520_15_00_00/vexiq2\libviq2rt.a(vex_aivision.cpp.o)
                              build/src/main.o (vex::aivision::~aivision())
c:\Users\tooy0\AppData\Roaming\Code\User\globalStorage\vexrobotics.vexcode\sdk\cpp\IQ2\IQ2_20250520_15_00_00/vexiq2\libviq2rt.a(vex_pneumatic.cpp.o)
                              build/src/main.o (vex::pneumatic::pneumatic(long, bool))
c:\Users\tooy0\AppData\Roaming\Code\User\globalStorage\vexrobotics.vexcode\sdk\cpp\IQ2\IQ2_20250520_15_00_00/vexiq2\libviq2rt.a(vex_motorgroup.cpp.o)
                              build/src/main.o (vex::motor_group::motor_group())
c:\Users\tooy0\AppData\Roaming\Code\User\globalStorage\vexrobotics.vexcode\sdk\cpp\IQ2\IQ2_20250520_15_00_00/vexiq2\libviq2rt.a(vex_controller.cpp.o)
                              build/src/main.o (vex::controller::controller())
c:\Users\tooy0\AppData\Roaming\Code\User\globalStorage\vexrobotics.vexcode\sdk\cpp\IQ2\IQ2_20250520_15_00_00/vexiq2\libviq2rt.a(vex_event.cpp.o)
                              c:\Users\tooy0\AppData\Roaming\Code\User\globalStorage\vexrobotics.vexcode\sdk\cpp\IQ2\IQ2_20250520_15_00_00/vexiq2\libviq2rt.a(vex_brain.cpp.o) (vex::event::init(unsigned long, unsigned long, void (*)()))
c:\Users\tooy0\AppData\Roaming\Code\User\globalStorage\vexrobotics.vexcode\sdk\cpp\IQ2\IQ2_20250520_15_00_00/vexiq2\libviq2rt.a(vex_device.cpp.o)
                              c:\Users\tooy0\AppData\Roaming\Code\User\globalStorage\vexrobotics.vexcode\sdk\cpp\IQ2\IQ2_20250520_15_00_00/vexiq2\libviq2rt.a(vex_aivision.cpp.o) (vex::device::value())
c:\Users\tooy0\AppData\Roaming\Code\User\globalStorage\vexrobotics.vexcode\sdk\cpp\IQ2\IQ2_20250520_15_00_00/vexiq2/gcc/libs\libc_nano.a(lib_a-aeabi_atexit.o)
[...]
Memory Configuration

Name             Origin             Length             Attributes
SRAM_1_2_3       0x20010000         0x00018000         xrw
*default*        0x00000000         0xffffffff

Linker script and memory map

                0x00000020                _STACK_SIZE = DEFINED (_STACK_SIZE)?_STACK_SIZE:0x20
                0x00001000                _HEAP_SIZE = DEFINED (_HEAP_SIZE)?_HEAP_SIZE:0x1000

.text           0x20010000     0x5892
 *(.vectors)
 *(.boot_data)
 .boot_data     0x20010000       0x10 c:\Users\tooy0\AppData\Roaming\Code\User\globalStorage\vexrobotics.vexcode\sdk\cpp\IQ2\IQ2_20250520_15_00_00/vexiq2\libviq2rt.a(iq2_startup.c.o)
                0x20010000                vexCodeSig
                0x00000020                . = 0x20
 *fill*         0x20010010       0x10 
 *(.boot)
 .boot          0x20010020       0x64 c:\Users\tooy0\AppData\Roaming\Code\User\globalStorage\vexrobotics.vexcode\sdk\cpp\IQ2\IQ2_20250520_15_00_00/vexiq2\libviq2rt.a(iq2_startup.c.o)
                0x20010020                vexStartup
                0x200100c0                . = ALIGN (0x40)
 *fill*         0x20010084       0x3c 
 *(.freertos_vectors)
 *(.text)
 .text          0x200100c0       0xa0 c:\Users\tooy0\AppData\Roaming\Code\User\globalStorage\vexrobotics.vexcode\sdk\cpp\IQ2\IQ2_20250520_15_00_00/vexiq2/gcc/libs\libc_nano.a(lib_a-memchr.o)
                0x200100c0                memchr
 .text          0x20010160      0x378 c:\Users\tooy0\AppData\Roaming\Code\User\globalStorage\vexrobotics.vexcode\sdk\cpp\IQ2\IQ2_20250520_15_00_00/vexiq2/gcc/libs\libgcc.a(_arm_addsubdf3.o)
                0x20010160                __aeabi_drsub
                0x20010168                __aeabi_dsub
                0x20010168                __subdf3
                0x2001016c                __aeabi_dadd
                0x2001016c                __adddf3
                0x200103e4                __floatunsidf
                0x200103e4                __aeabi_ui2d
                0x20010404                __floatsidf
                0x20010404                __aeabi_i2d
                0x20010428                __aeabi_f2d
                0x20010428                __extendsfdf2
                0x2001046c                __floatundidf
                0x2001046c                __aeabi_ul2d
                0x2001047c                __floatdidf
                0x2001047c                __aeabi_l2d
 .text          0x200104d8      0x424 c:\Users\tooy0\AppData\Roaming\Code\User\globalStorage\vexrobotics.vexcode\sdk\cpp\IQ2\IQ2_20250520_15_00_00/vexiq2/gcc/libs\libgcc.a(_arm_muldivdf3.o)
                0x200104d8                __aeabi_dmul
                0x200104d8                __muldf3
                0x2001072c                __divdf3
                0x2001072c                __aeabi_ddiv
 .text          0x200108fc      0x110 c:\Users\tooy0\AppData\Roaming\Code\User\globalStorage\vexrobotics.vexcode\sdk\cpp\IQ2\IQ2_20250520_15_00_00/vexiq2/gcc/libs\libgcc.a(_arm_cmpdf2.o)
                0x200108fc                __gtdf2
                0x200108fc                __gedf2
                0x20010904                __ltdf2
                0x20010904                __ledf2
                0x2001090c                __nedf2
                0x2001090c                __eqdf2
                0x2001090c                __cmpdf2
                0x20010988                __aeabi_cdrcmple
                0x20010998                __aeabi_cdcmpeq
                0x20010998                __aeabi_cdcmple
                0x200109a8                __aeabi_dcmpeq
                0x200109bc                __aeabi_dcmplt
                0x200109d0                __aeabi_dcmple
                0x200109e4                __aeabi_dcmpge
                0x200109f8                __aeabi_dcmpgt
 .text          0x20010a0c       0x2c c:\Users\tooy0\AppData\Roaming\Code\User\globalStorage\vexrobotics.vexcode\sdk\cpp\IQ2\IQ2_20250520_15_00_00/vexiq2/gcc/libs\libgcc.a(_arm_unorddf2.o)
                0x20010a0c                __unorddf2
                0x20010a0c                __aeabi_dcmpun
 .text          0x20010a38       0x50 c:\Users\tooy0\AppData\Roaming\Code\User\globalStorage\vexrobotics.vexcode\sdk\cpp\IQ2\IQ2_20250520_15_00_00/vexiq2/gcc/libs\libgcc.a(_arm_fixdfsi.o)
                0x20010a38                __aeabi_d2iz
                0x20010a38                __fixdfsi
 *(.text.*)
 .text._Z20initializeRandomSeedv
                0x20010a88       0xc0 build/src/main.o
                0x20010a88                initializeRandomSeed()
 .text._Z14Drop_down_beamv
                0x20010b48      0x168 build/src/main.o
                0x20010b48                Drop_down_beam()
 .text._Z16ComputeTurnSpeeddd
                0x20010cb0       0xb0 build/src/main.o
                0x20010cb0                ComputeTurnSpeed(double, double)
 .text._Z15TurnRight_h_v_mddd
                0x20010d60      0x270 build/src/main.o
                0x20010d60                TurnRight_h_v_m(double, double, double)
 .text._Z14TurnLeft_h_v_mddd
                0x20010fd0      0x230 build/src/main.o
                0x20010fd0                TurnLeft_h_v_m(double, double, double)
 .text._Z12Grab_then_upv
                0x20011200       0xd0 build/src/main.o
                0x20011200                Grab_then_up()
 .text._Z17Drop_down_Grab_Upv
                0x200112d0      0x298 build/src/main.o
                0x200112d0                Drop_down_Grab_Up()
 .text._Z3R3Fv  0x20011568      0x108 build/src/main.o
                0x20011568                R3F()
 .text._Z14Movemen_v_fb_dddd
                0x20011670      0x268 build/src/main.o
                0x20011670                Movemen_v_fb_d(double, double, double)
 .text._Z14Place_Standoffv
                0x200118d8      0x160 build/src/main.o
                0x200118d8                Place_Standoff()
 .text._Z8take_offv
                0x20011a38      0x1e0 build/src/main.o
                0x20011a38                take_off()
 .text._Z8PrintConv
                0x20011c18       0xe0 build/src/main.o
                0x20011c18                PrintCon()
 .text._Z26onevent_TouchLED_pressed_0v
                0x20011cf8      0x880 build/src/main.o
                0x20011cf8                onevent_TouchLED_pressed_0()
 .text.main     0x20012578       0x3e build/src/main.o
                0x20012578                main
 .text._GLOBAL__sub_I_main.cpp
                0x200125b6      0x2a6 build/src/main.o
 .text.vexMain  0x2001285c       0x60 c:\Users\tooy0\AppData\Roaming\Code\User\globalStorage\vexrobotics.vexcode\sdk\cpp\IQ2\IQ2_20250520_15_00_00/vexiq2\libviq2rt.a(iq2_startup.c.o)
                0x2001285c                vexMain
 .text.__vex_function_prolog
                0x200128bc       0x10 c:\Users\tooy0\AppData\Roaming\Code\User\globalStorage\vexrobotics.vexcode\sdk\cpp\IQ2\IQ2_20250520_15_00_00/vexiq2\libviq2rt.a(iq2_startup.c.o)
                0x200128bc                __vex_function_prolog
 .text._init    0x200128cc        0x2 c:\Users\tooy0\AppData\Roaming\Code\User\globalStorage\vexrobotics.vexcode\sdk\cpp\IQ2\IQ2_20250520_15_00_00/vexiq2\libviq2rt.a(iq2_startup.c.o)
                0x200128cc                _init
 *fill*         0x200128ce        0x2 
 .text._sbrk    0x200128d0       0x38 c:\Users\tooy0\AppData\Roaming\Code\User\globalStorage\vexrobotics.vexcode\sdk\cpp\IQ2\IQ2_20250520_15_00_00/vexiq2\libviq2rt.a(iq2_startup.c.o)
                0x200128d0                _sbrk
 .text.__cxa_atexit
                0x20012908        0x4 c:\Users\tooy0\AppData\Roaming\Code\User\globalStorage\vexrobotics.vexcode\sdk\cpp\IQ2\IQ2_20250520_15_00_00/vexiq2\libviq2rt.a(iq2_startup.c.o)
                0x20012908                __cxa_atexit
 .text.vexTaskAdd
                0x2001290c        0xc c:\Users\tooy0\AppData\Roaming\Code\User\globalStorage\vexrobotics.vexcode\sdk\cpp\IQ2\IQ2_20250520_15_00_00/vexiq2\libviq2rt.a(iq2_apijump.c.o)
                0x2001290c                vexTaskAdd
 .text.vexTaskCheckTimeslice
                0x20012918        0xc c:\Users\tooy0\AppData\Roaming\Code\User\globalStorage\vexrobotics.vexcode\sdk\cpp\IQ2\IQ2_20250520_15_00_00/vexiq2\libviq2rt.a(iq2_apijump.c.o)
                0x20012918                vexTaskCheckTimeslice
 .text.vexTaskSleep
                0x20012924        0xc c:\Users\tooy0\AppData\Roaming\Code\User\globalStorage\vexrobotics.vexcode\sdk\cpp\IQ2\IQ2_20250520_15_00_00/vexiq2\libviq2rt.a(iq2_apijump.c.o)
                0x20012924                vexTaskSleep
 .text.vexTasksDump
                0x20012930       0x18 c:\Users\tooy0\AppData\Roaming\Code\User\globalStorage\vexrobotics.vexcode\sdk\cpp\IQ2\IQ2_20250520_15_00_00/vexiq2\libviq2rt.a(iq2_apijump.c.o)
                0x20012930                vexTasksDump
 .text.vexTaskGetTaskIndex
                0x20012948        0xc c:\Users\tooy0\AppData\Roaming\Code\User\globalStorage\vexrobotics.vexcode\sdk\cpp\IQ2\IQ2_20250520_15_00_00/vexiq2\libviq2rt.a(iq2_apijump.c.o)
                0x20012948                vexTaskGetTaskIndex
 .text.vexTaskCompletionIdSet
                0x20012954        0xc c:\Users\tooy0\AppData\Roaming\Code\User\globalStorage\vexrobotics.vexcode\sdk\cpp\IQ2\IQ2_20250520_15_00_00/vexiq2\libviq2rt.a(iq2_apijump.c.o)
                0x20012954                vexTaskCompletionIdSet
 .text.vexCriticalSection
                0x20012960        0xc c:\Users\tooy0\AppData\Roaming\Code\User\globalStorage\vexrobotics.vexcode\sdk\cpp\IQ2\IQ2_20250520_15_00_00/vexiq2\libviq2rt.a(iq2_apijump.c.o)
                0x20012960                vexCriticalSection
 .text.vexDisplayContextSwitch
                0x2001296c        0xc c:\Users\tooy0\AppData\Roaming\Code\User\globalStorage\vexrobotics.vexcode\sdk\cpp\IQ2\IQ2_20250520_15_00_00/vexiq2\libviq2rt.a(iq2_apijump.c.o)
                0x2001296c                vexDisplayContextSwitch
 .text.vexEventAdd
                0x20012978       0x24 c:\Users\tooy0\AppData\Roaming\Code\User\globalStorage\vexrobotics.vexcode\sdk\cpp\IQ2\IQ2_20250520_15_00_00/vexiq2\libviq2rt.a(iq2_apijump.c.o)
                0x20012978                vexEventAdd
 .text.vexEventUserIndexGet
                0x2001299c       0x18 c:\Users\tooy0\AppData\Roaming\Code\User\globalStorage\vexrobotics.vexcode\sdk\cpp\IQ2\IQ2_20250520_15_00_00/vexiq2\libviq2rt.a(iq2_apijump.c.o)
                0x2001299c                vexEventUserIndexGet
 .text.vexDebug
                0x200129b4       0x2c c:\Users\tooy0\AppData\Roaming\Code\User\globalStorage\vexrobotics.vexcode\sdk\cpp\IQ2\IQ2_20250520_15_00_00/vexiq2\libviq2rt.a(iq2_apijump.c.o)
                0x200129b4                vexDebug
 .text.vex_sprintf
                0x200129e0       0x30 c:\Users\tooy0\AppData\Roaming\Code\User\globalStorage\vexrobotics.vexcode\sdk\cpp\IQ2\IQ2_20250520_15_00_00/vexiq2\libviq2rt.a(iq2_apijump.c.o)
                0x200129e0                vex_sprintf
 .text.vex_vsnprintf
                0x20012a10       0x2c c:\Users\tooy0\AppData\Roaming\Code\User\globalStorage\vexrobotics.vexcode\sdk\cpp\IQ2\IQ2_20250520_15_00_00/vexiq2\libviq2rt.a(iq2_apijump.c.o)
                0x20012a10                vex_vsnprintf
 .text.vexSystemTimeGet
                0x20012a3c       0x18 c:\Users\tooy0\AppData\Roaming\Code\User\globalStorage\vexrobotics.vexcode\sdk\cpp\IQ2\IQ2_20250520_15_00_00/vexiq2\libviq2rt.a(iq2_apijump.c.o)
                0x20012a3c                vexSystemTimeGet
 .text._write_user
                0x20012a54       0x28 c:\Users\tooy0\AppData\Roaming\Code\User\globalStorage\vexrobotics.vexcode\sdk\cpp\IQ2\IQ2_20250520_15_00_00/vexiq2\libviq2rt.a(iq2_apijump.c.o)
                0x20012a54                _write_user
 .text._read_user
                0x20012a7c       0x28 c:\Users\tooy0\AppData\Roaming\Code\User\globalStorage\vexrobotics.vexcode\sdk\cpp\IQ2\IQ2_20250520_15_00_00/vexiq2\libviq2rt.a(iq2_apijump.c.o)
                0x20012a7c                _read_user
 .text._close_user
                0x20012aa4       0x14 c:\Users\tooy0\AppData\Roaming\Code\User\globalStorage\vexrobotics.vexcode\sdk\cpp\IQ2\IQ2_20250520_15_00_00/vexiq2\libviq2rt.a(iq2_apijump.c.o)
                0x20012aa4                _close_user
 .text._lseek_user
                0x20012ab8       0x28 c:\Users\tooy0\AppData\Roaming\Code\User\globalStorage\vexrobotics.vexcode\sdk\cpp\IQ2\IQ2_20250520_15_00_00/vexiq2\libviq2rt.a(iq2_apijump.c.o)
                0x20012ab8                _lseek_user
 .text._fstat_user
                0x20012ae0       0x1c c:\Users\tooy0\AppData\Roaming\Code\User\globalStorage\vexrobotics.vexcode\sdk\cpp\IQ2\IQ2_20250520_15_00_00/vexiq2\libviq2rt.a(iq2_apijump.c.o)
                0x20012ae0                _fstat_user
 .text._isatty_user
                0x20012afc       0x18 c:\Users\tooy0\AppData\Roaming\Code\User\globalStorage\vexrobotics.vexcode\sdk\cpp\IQ2\IQ2_20250520_15_00_00/vexiq2\libviq2rt.a(iq2_apijump.c.o)
                0x20012afc                _isatty_user
 .text.vexDeviceGetByIndex
                0x20012b14       0x1c c:\Users\tooy0\AppData\Roaming\Code\User\globalStorage\vexrobotics.vexcode\sdk\cpp\IQ2\IQ2_20250520_15_00_00/vexiq2\libviq2rt.a(iq2_apijump.c.o)
                0x20012b14                vexDeviceGetByIndex
 .text.vexTouchledValueGet
                0x20012b30       0x1c c:\Users\tooy0\AppData\Roaming\Code\User\globalStorage\vexrobotics.vexcode\sdk\cpp\IQ2\IQ2_20250520_15_00_00/vexiq2\libviq2rt.a(iq2_apijump.c.o)
                0x20012b30                vexTouchledValueGet
 .text.vexTouchledRgbSet
                0x20012b4c       0x2c c:\Users\tooy0\AppData\Roaming\Code\User\globalStorage\vexrobotics.vexcode\sdk\cpp\IQ2\IQ2_20250520_15_00_00/vexiq2\libviq2rt.a(iq2_apijump.c.o)
                0x20012b4c                vexTouchledRgbSet
 .text.vexTouchledOn
                0x20012b78       0x1c c:\Users\tooy0\AppData\Roaming\Code\User\globalStorage\vexrobotics.vexcode\sdk\cpp\IQ2\IQ2_20250520_15_00_00/vexiq2\libviq2rt.a(iq2_apijump.c.o)
                0x20012b78                vexTouchledOn
 .text.vexTouchledBrightnessSet
                0x20012b94       0x20 c:\Users\tooy0\AppData\Roaming\Code\User\globalStorage\vexrobotics.vexcode\sdk\cpp\IQ2\IQ2_20250520_15_00_00/vexiq2\libviq2rt.a(iq2_apijump.c.o)
                0x20012b94                vexTouchledBrightnessSet
 .text.vexMotorVelocitySet
                0x20012bb4       0x20 c:\Users\tooy0\AppData\Roaming\Code\User\globalStorage\vexrobotics.vexcode\sdk\cpp\IQ2\IQ2_20250520_15_00_00/vexiq2\libviq2rt.a(iq2_apijump.c.o)
                0x20012bb4                vexMotorVelocitySet
 .text.vexMotorActualVelocityGet
                0x20012bd4       0x1c c:\Users\tooy0\AppData\Roaming\Code\User\globalStorage\vexrobotics.vexcode\sdk\cpp\IQ2\IQ2_20250520_15_00_00/vexiq2\libviq2rt.a(iq2_apijump.c.o)
                0x20012bd4                vexMotorActualVelocityGet
 .text.vexMotorModeGet
                0x20012bf0       0x1c c:\Users\tooy0\AppData\Roaming\Code\User\globalStorage\vexrobotics.vexcode\sdk\cpp\IQ2\IQ2_20250520_15_00_00/vexiq2\libviq2rt.a(iq2_apijump.c.o)
                0x20012bf0                vexMotorModeGet
 .text.vexMotorCurrentLimitSet
                0x20012c0c       0x20 c:\Users\tooy0\AppData\Roaming\Code\User\globalStorage\vexrobotics.vexcode\sdk\cpp\IQ2\IQ2_20250520_15_00_00/vexiq2\libviq2rt.a(iq2_apijump.c.o)
                0x20012c0c                vexMotorCurrentLimitSet
 .text.vexMotorZeroPositionFlagGet
                0x20012c2c       0x1c c:\Users\tooy0\AppData\Roaming\Code\User\globalStorage\vexrobotics.vexcode\sdk\cpp\IQ2\IQ2_20250520_15_00_00/vexiq2\libviq2rt.a(iq2_apijump.c.o)
                0x20012c2c                vexMotorZeroPositionFlagGet
 .text.vexMotorReverseFlagSet
                0x20012c48       0x20 c:\Users\tooy0\AppData\Roaming\Code\User\globalStorage\vexrobotics.vexcode\sdk\cpp\IQ2\IQ2_20250520_15_00_00/vexiq2\libviq2rt.a(iq2_apijump.c.o)
                0x20012c48                vexMotorReverseFlagSet
 .text.vexMotorEncoderUnitsSet
                0x20012c68       0x20 c:\Users\tooy0\AppData\Roaming\Code\User\globalStorage\vexrobotics.vexcode\sdk\cpp\IQ2\IQ2_20250520_15_00_00/vexiq2\libviq2rt.a(iq2_apijump.c.o)
                0x20012c68                vexMotorEncoderUnitsSet
 .text.vexMotorBrakeModeSet
                0x20012c88       0x20 c:\Users\tooy0\AppData\Roaming\Code\User\globalStorage\vexrobotics.vexcode\sdk\cpp\IQ2\IQ2_20250520_15_00_00/vexiq2\libviq2rt.a(iq2_apijump.c.o)
                0x20012c88                vexMotorBrakeModeSet
 .text.vexMotorPositionSet
                0x20012ca8       0x34 c:\Users\tooy0\AppData\Roaming\Code\User\globalStorage\vexrobotics.vexcode\sdk\cpp\IQ2\IQ2_20250520_15_00_00/vexiq2\libviq2rt.a(iq2_apijump.c.o)
                0x20012ca8                vexMotorPositionSet
 .text.vexMotorAbsoluteTargetSet
                0x20012cdc       0x38 c:\Users\tooy0\AppData\Roaming\Code\User\globalStorage\vexrobotics.vexcode\sdk\cpp\IQ2\IQ2_20250520_15_00_00/vexiq2\libviq2rt.a(iq2_apijump.c.o)
                0x20012cdc                vexMotorAbsoluteTargetSet
 .text.vexMotorRelativeTargetSet
                0x20012d14       0x38 c:\Users\tooy0\AppData\Roaming\Code\User\globalStorage\vexrobotics.vexcode\sdk\cpp\IQ2\IQ2_20250520_15_00_00/vexiq2\libviq2rt.a(iq2_apijump.c.o)
                0x20012d14                vexMotorRelativeTargetSet
 .text.vexImuReset
                0x20012d4c       0x1c c:\Users\tooy0\AppData\Roaming\Code\User\globalStorage\vexrobotics.vexcode\sdk\cpp\IQ2\IQ2_20250520_15_00_00/vexiq2\libviq2rt.a(iq2_apijump.c.o)
                0x20012d4c                vexImuReset
 .text.vexImuHeadingGet
                0x20012d68       0x1c c:\Users\tooy0\AppData\Roaming\Code\User\globalStorage\vexrobotics.vexcode\sdk\cpp\IQ2\IQ2_20250520_15_00_00/vexiq2\libviq2rt.a(iq2_apijump.c.o)
                0x20012d68                vexImuHeadingGet
 .text.vexImuDegreesGet
                0x20012d84       0x1c c:\Users\tooy0\AppData\Roaming\Code\User\globalStorage\vexrobotics.vexcode\sdk\cpp\IQ2\IQ2_20250520_15_00_00/vexiq2\libviq2rt.a(iq2_apijump.c.o)
                0x20012d84                vexImuDegreesGet
 .text.vexImuRawAccelGet
                0x20012da0       0x20 c:\Users\tooy0\AppData\Roaming\Code\User\globalStorage\vexrobotics.vexcode\sdk\cpp\IQ2\IQ2_20250520_15_00_00/vexiq2\libviq2rt.a(iq2_apijump.c.o)
                0x20012da0                vexImuRawAccelGet
 .text.vexImuStatusGet
                0x20012dc0       0x1c c:\Users\tooy0\AppData\Roaming\Code\User\globalStorage\vexrobotics.vexcode\sdk\cpp\IQ2\IQ2_20250520_15_00_00/vexiq2\libviq2rt.a(iq2_apijump.c.o)
                0x20012dc0                vexImuStatusGet
 .text.vexDistanceDistanceGet
                0x20012ddc       0x1c c:\Users\tooy0\AppData\Roaming\Code\User\globalStorage\vexrobotics.vexcode\sdk\cpp\IQ2\IQ2_20250520_15_00_00/vexiq2\libviq2rt.a(iq2_apijump.c.o)
                0x20012ddc                vexDistanceDistanceGet
 .text.vexAiVisionModeSet
                0x20012df8       0x30 c:\Users\tooy0\AppData\Roaming\Code\User\globalStorage\vexrobotics.vexcode\sdk\cpp\IQ2\IQ2_20250520_15_00_00/vexiq2\libviq2rt.a(iq2_apijump.c.o)
                0x20012df8                vexAiVisionModeSet
 .text.vexAiVisionStatusGet
                0x20012e28       0x2c c:\Users\tooy0\AppData\Roaming\Code\User\globalStorage\vexrobotics.vexcode\sdk\cpp\IQ2\IQ2_20250520_15_00_00/vexiq2\libviq2rt.a(iq2_apijump.c.o)
                0x20012e28                vexAiVisionStatusGet
 .text.vexPneumaticCompressorSet
                0x20012e54       0x20 c:\Users\tooy0\AppData\Roaming\Code\User\globalStorage\vexrobotics.vexcode\sdk\cpp\IQ2\IQ2_20250520_15_00_00/vexiq2\libviq2rt.a(iq2_apijump.c.o)
                0x20012e54                vexPneumaticCompressorSet
 .text.vexPneumaticCylinderSet
                0x20012e74       0x24 c:\Users\tooy0\AppData\Roaming\Code\User\globalStorage\vexrobotics.vexcode\sdk\cpp\IQ2\IQ2_20250520_15_00_00/vexiq2\libviq2rt.a(iq2_apijump.c.o)
                0x20012e74                vexPneumaticCylinderSet
 .text.vexDisplayForegroundColor
                0x20012e98       0x1c c:\Users\tooy0\AppData\Roaming\Code\User\globalStorage\vexrobotics.vexcode\sdk\cpp\IQ2\IQ2_20250520_15_00_00/vexiq2\libviq2rt.a(iq2_apijump.c.o)
                0x20012e98                vexDisplayForegroundColor
 .text.vexDisplayBackgroundColor
                0x20012eb4       0x1c c:\Users\tooy0\AppData\Roaming\Code\User\globalStorage\vexrobotics.vexcode\sdk\cpp\IQ2\IQ2_20250520_15_00_00/vexiq2\libviq2rt.a(iq2_apijump.c.o)
                0x20012eb4                vexDisplayBackgroundColor
 .text.vexDisplayBackgroundColorGet
                0x20012ed0       0x18 c:\Users\tooy0\AppData\Roaming\Code\User\globalStorage\vexrobotics.vexcode\sdk\cpp\IQ2\IQ2_20250520_15_00_00/vexiq2\libviq2rt.a(iq2_apijump.c.o)
                0x20012ed0                vexDisplayBackgroundColorGet
 .text.vexDisplayRectClear
                0x20012ee8       0x34 c:\Users\tooy0\AppData\Roaming\Code\User\globalStorage\vexrobotics.vexcode\sdk\cpp\IQ2\IQ2_20250520_15_00_00/vexiq2\libviq2rt.a(iq2_apijump.c.o)
                0x20012ee8                vexDisplayRectClear
 .text.vexDisplayVPrintf
                0x20012f1c       0x38 c:\Users\tooy0\AppData\Roaming\Code\User\globalStorage\vexrobotics.vexcode\sdk\cpp\IQ2\IQ2_20250520_15_00_00/vexiq2\libviq2rt.a(iq2_apijump.c.o)
                0x20012f1c                vexDisplayVPrintf
 .text.vexDisplayTextReference
                0x20012f54       0x1c c:\Users\tooy0\AppData\Roaming\Code\User\globalStorage\vexrobotics.vexcode\sdk\cpp\IQ2\IQ2_20250520_15_00_00/vexiq2\libviq2rt.a(iq2_apijump.c.o)
                0x20012f54                vexDisplayTextReference
 .text.vexDisplayTextSize
                0x20012f70       0x20 c:\Users\tooy0\AppData\Roaming\Code\User\globalStorage\vexrobotics.vexcode\sdk\cpp\IQ2\IQ2_20250520_15_00_00/vexiq2\libviq2rt.a(iq2_apijump.c.o)
                0x20012f70                vexDisplayTextSize
 .text.vexDisplayFontNamedSet
                0x20012f90       0x1c c:\Users\tooy0\AppData\Roaming\Code\User\globalStorage\vexrobotics.vexcode\sdk\cpp\IQ2\IQ2_20250520_15_00_00/vexiq2\libviq2rt.a(iq2_apijump.c.o)
                0x20012f90                vexDisplayFontNamedSet
 .text.vexDisplayStringWidthGet
                0x20012fac       0x1c c:\Users\tooy0\AppData\Roaming\Code\User\globalStorage\vexrobotics.vexcode\sdk\cpp\IQ2\IQ2_20250520_15_00_00/vexiq2\libviq2rt.a(iq2_apijump.c.o)
                0x20012fac                vexDisplayStringWidthGet
 .text.vexSystemVersion
                0x20012fc8        0xc c:\Users\tooy0\AppData\Roaming\Code\User\globalStorage\vexrobotics.vexcode\sdk\cpp\IQ2\IQ2_20250520_15_00_00/vexiq2\libviq2rt.a(iq2_apiversions.c.o)
                0x20012fc8                vexSystemVersion
 .text._ZN3vex4waitEdNS_9timeUnitsE
                0x20012fd4       0x3c c:\Users\tooy0\AppData\Roaming\Code\User\globalStorage\vexrobotics.vexcode\sdk\cpp\IQ2\IQ2_20250520_15_00_00/vexiq2\libviq2rt.a(vex_global.cpp.o)
                0x20012fd4                vex::wait(double, vex::timeUnits)
 .text._ZN3vex5colorD2Ev
                0x20013010        0x2 c:\Users\tooy0\AppData\Roaming\Code\User\globalStorage\vexrobotics.vexcode\sdk\cpp\IQ2\IQ2_20250520_15_00_00/vexiq2\libviq2rt.a(vex_color.cpp.o)
                0x20013010                vex::color::~color()
                0x20013010                vex::color::~color()
 .text._ZN3vex5colorC2Ev
                0x20013012        0x8 c:\Users\tooy0\AppData\Roaming\Code\User\globalStorage\vexrobotics.vexcode\sdk\cpp\IQ2\IQ2_20250520_15_00_00/vexiq2\libviq2rt.a(vex_color.cpp.o)
                0x20013012                vex::color::color()
                0x20013012                vex::color::color()
 .text._ZN3vex5color3rgbEm
                0x2001301a        0xa c:\Users\tooy0\AppData\Roaming\Code\User\globalStorage\vexrobotics.vexcode\sdk\cpp\IQ2\IQ2_20250520_15_00_00/vexiq2\libviq2rt.a(vex_color.cpp.o)
                0x2001301a                vex::color::rgb(unsigned long)
 .text._ZNK3vex5color3rgbEv
                0x20013024        0x4 c:\Users\tooy0\AppData\Roaming\Code\User\globalStorage\vexrobotics.vexcode\sdk\cpp\IQ2\IQ2_20250520_15_00_00/vexiq2\libviq2rt.a(vex_color.cpp.o)
                0x20013024                vex::color::rgb() const
 .text._ZNK3vex5colorcvmEv
                0x20013028        0x4 c:\Users\tooy0\AppData\Roaming\Code\User\globalStorage\vexrobotics.vexcode\sdk\cpp\IQ2\IQ2_20250520_15_00_00/vexiq2\libviq2rt.a(vex_color.cpp.o)
                0x20013028                vex::color::operator unsigned long() const
 .text.startup._GLOBAL__sub_I__ZN3vex5color5blackE
                0x2001302c      0x18c c:\Users\tooy0\AppData\Roaming\Code\User\globalStorage\vexrobotics.vexcode\sdk\cpp\IQ2\IQ2_20250520_15_00_00/vexiq2\libviq2rt.a(vex_color.cpp.o)
 .text._ZN3vex6threadC2EPFivE
                0x200131b8       0x38 c:\Users\tooy0\AppData\Roaming\Code\User\globalStorage\vexrobotics.vexcode\sdk\cpp\IQ2\IQ2_20250520_15_00_00/vexiq2\libviq2rt.a(vex_thread.cpp.o)
                0x200131b8                vex::thread::thread(int (*)())
                0x200131b8                vex::thread::thread(int (*)())
 .text._ZN3vex6threadD2Ev
                0x200131f0        0x2 c:\Users\tooy0\AppData\Roaming\Code\User\globalStorage\vexrobotics.vexcode\sdk\cpp\IQ2\IQ2_20250520_15_00_00/vexiq2\libviq2rt.a(vex_thread.cpp.o)
                0x200131f0                vex::thread::~thread()
                0x200131f0                vex::thread::~thread()
 .text._ZN3vex11this_thread9sleep_forEm
                0x200131f2        0x4 c:\Users\tooy0\AppData\Roaming\Code\User\globalStorage\vexrobotics.vexcode\sdk\cpp\IQ2\IQ2_20250520_15_00_00/vexiq2\libviq2rt.a(vex_thread.cpp.o)
                0x200131f2                vex::this_thread::sleep_for(unsigned long)
 .text._ZN3vex5brainD2Ev
                0x200131f6        0xe c:\Users\tooy0\AppData\Roaming\Code\User\globalStorage\vexrobotics.vexcode\sdk\cpp\IQ2\IQ2_20250520_15_00_00/vexiq2\libviq2rt.a(vex_brain.cpp.o)
                0x200131f6                vex::brain::~brain()
                0x200131f6                vex::brain::~brain()
 .text._ZN3vex5brain3lcd9setCursorEll
                0x20013204       0x40 c:\Users\tooy0\AppData\Roaming\Code\User\globalStorage\vexrobotics.vexcode\sdk\cpp\IQ2\IQ2_20250520_15_00_00/vexiq2\libviq2rt.a(vex_brain.cpp.o)
                0x20013204                vex::brain::lcd::setCursor(long, long)
 .text._ZN3vex5brain3lcd7setFontENS_8fontTypeE
                0x20013244      0x144 c:\Users\tooy0\AppData\Roaming\Code\User\globalStorage\vexrobotics.vexcode\sdk\cpp\IQ2\IQ2_20250520_15_00_00/vexiq2\libviq2rt.a(vex_brain.cpp.o)
                0x20013244                vex::brain::lcd::setFont(vex::fontType)
 .text._ZN3vex5brain3lcdC2Ev
                0x20013388       0x34 c:\Users\tooy0\AppData\Roaming\Code\User\globalStorage\vexrobotics.vexcode\sdk\cpp\IQ2\IQ2_20250520_15_00_00/vexiq2\libviq2rt.a(vex_brain.cpp.o)
                0x20013388                vex::brain::lcd::lcd()
                0x20013388                vex::brain::lcd::lcd()
 .text._ZN3vex5brainC2Ev
                0x200133bc       0x32 c:\Users\tooy0\AppData\Roaming\Code\User\globalStorage\vexrobotics.vexcode\sdk\cpp\IQ2\IQ2_20250520_15_00_00/vexiq2\libviq2rt.a(vex_brain.cpp.o)
                0x200133bc                vex::brain::brain()
                0x200133bc                vex::brain::brain()
 .text._ZN3vex5brain3lcd12_clearScreenEm
                0x200133ee       0x26 c:\Users\tooy0\AppData\Roaming\Code\User\globalStorage\vexrobotics.vexcode\sdk\cpp\IQ2\IQ2_20250520_15_00_00/vexiq2\libviq2rt.a(vex_brain.cpp.o)
                0x200133ee                vex::brain::lcd::_clearScreen(unsigned long)
 .text._ZN3vex5brain3lcd11clearScreenERKNS_5colorE
                0x20013414       0x16 c:\Users\tooy0\AppData\Roaming\Code\User\globalStorage\vexrobotics.vexcode\sdk\cpp\IQ2\IQ2_20250520_15_00_00/vexiq2\libviq2rt.a(vex_brain.cpp.o)
                0x20013414                vex::brain::lcd::clearScreen(vex::color const&)
 *fill*         0x2001342a        0x2 
 .text._ZN3vex5brain3lcd11clearScreenEv
                0x2001342c        0xc c:\Users\tooy0\AppData\Roaming\Code\User\globalStorage\vexrobotics.vexcode\sdk\cpp\IQ2\IQ2_20250520_15_00_00/vexiq2\libviq2rt.a(vex_brain.cpp.o)
                0x2001342c                vex::brain::lcd::clearScreen()
 .text._ZN3vex5brain3lcd10rowToPixelEl
                0x20013438       0x24 c:\Users\tooy0\AppData\Roaming\Code\User\globalStorage\vexrobotics.vexcode\sdk\cpp\IQ2\IQ2_20250520_15_00_00/vexiq2\libviq2rt.a(vex_brain.cpp.o)
                0x20013438                vex::brain::lcd::rowToPixel(long)
 .text._ZN3vex5brain3lcd5printEPKcz
                0x2001345c       0x7e c:\Users\tooy0\AppData\Roaming\Code\User\globalStorage\vexrobotics.vexcode\sdk\cpp\IQ2\IQ2_20250520_15_00_00/vexiq2\libviq2rt.a(vex_brain.cpp.o)
                0x2001345c                vex::brain::lcd::print(char const*, ...)
 .text._ZN3vex5timerD2Ev
                0x200134da        0x2 c:\Users\tooy0\AppData\Roaming\Code\User\globalStorage\vexrobotics.vexcode\sdk\cpp\IQ2\IQ2_20250520_15_00_00/vexiq2\libviq2rt.a(vex_timer.cpp.o)
                0x200134da                vex::timer::~timer()
                0x200134da                vex::timer::~timer()
 .text._ZN3vex5timer5clearEv
                0x200134dc       0x10 c:\Users\tooy0\AppData\Roaming\Code\User\globalStorage\vexrobotics.vexcode\sdk\cpp\IQ2\IQ2_20250520_15_00_00/vexiq2\libviq2rt.a(vex_timer.cpp.o)
                0x200134dc                vex::timer::clear()
 .text._ZN3vex5timerC2Ev
                0x200134ec        0xc c:\Users\tooy0\AppData\Roaming\Code\User\globalStorage\vexrobotics.vexcode\sdk\cpp\IQ2\IQ2_20250520_15_00_00/vexiq2\libviq2rt.a(vex_timer.cpp.o)
                0x200134ec                vex::timer::timer()
                0x200134ec                vex::timer::timer()
 .text._ZN3vex5timer5resetEv
                0x200134f8        0x4 c:\Users\tooy0\AppData\Roaming\Code\User\globalStorage\vexrobotics.vexcode\sdk\cpp\IQ2\IQ2_20250520_15_00_00/vexiq2\libviq2rt.a(vex_timer.cpp.o)
                0x200134f8                vex::timer::reset()
 .text._ZN3vex5motor9installedEv
                0x200134fc        0xe c:\Users\tooy0\AppData\Roaming\Code\User\globalStorage\vexrobotics.vexcode\sdk\cpp\IQ2\IQ2_20250520_15_00_00/vexiq2\libviq2rt.a(vex_motor.cpp.o)
                0x200134fc                vex::motor::installed()
 *fill*         0x2001350a        0x2 
 .text._ZN3vex5motorD2Ev
                0x2001350c       0x14 c:\Users\tooy0\AppData\Roaming\Code\User\globalStorage\vexrobotics.vexcode\sdk\cpp\IQ2\IQ2_20250520_15_00_00/vexiq2\libviq2rt.a(vex_motor.cpp.o)
                0x2001350c                vex::motor::~motor()
                0x2001350c                vex::motor::~motor()
 .text._ZN3vex5motor15defaultStoppingENS_9brakeTypeE
                0x20013520       0x1a c:\Users\tooy0\AppData\Roaming\Code\User\globalStorage\vexrobotics.vexcode\sdk\cpp\IQ2\IQ2_20250520_15_00_00/vexiq2\libviq2rt.a(vex_motor.cpp.o)
                0x20013520                vex::motor::defaultStopping(vex::brakeType)
 .text._ZN3vex5motor11setStoppingENS_9brakeTypeE
                0x2001353a        0x4 c:\Users\tooy0\AppData\Roaming\Code\User\globalStorage\vexrobotics.vexcode\sdk\cpp\IQ2\IQ2_20250520_15_00_00/vexiq2\libviq2rt.a(vex_motor.cpp.o)
                0x2001353a                vex::motor::setStopping(vex::brakeType)
 *fill*         0x2001353e        0x2 
 .text._ZN3vex5motorC2El
                0x20013540       0x60 c:\Users\tooy0\AppData\Roaming\Code\User\globalStorage\vexrobotics.vexcode\sdk\cpp\IQ2\IQ2_20250520_15_00_00/vexiq2\libviq2rt.a(vex_motor.cpp.o)
                0x20013540                vex::motor::motor(long)
                0x20013540                vex::motor::motor(long)
 .text._ZN3vex5motorC2Elb
                0x200135a0       0x16 c:\Users\tooy0\AppData\Roaming\Code\User\globalStorage\vexrobotics.vexcode\sdk\cpp\IQ2\IQ2_20250520_15_00_00/vexiq2\libviq2rt.a(vex_motor.cpp.o)
                0x200135a0                vex::motor::motor(long, bool)
                0x200135a0                vex::motor::motor(long, bool)
 .text._ZN3vex5motor14isSpinningModeEv
                0x200135b6       0x16 c:\Users\tooy0\AppData\Roaming\Code\User\globalStorage\vexrobotics.vexcode\sdk\cpp\IQ2\IQ2_20250520_15_00_00/vexiq2\libviq2rt.a(vex_motor.cpp.o)
                0x200135b6                vex::motor::isSpinningMode()
 .text._ZN3vex5motor10isSpinningEv
                0x200135cc       0x20 c:\Users\tooy0\AppData\Roaming\Code\User\globalStorage\vexrobotics.vexcode\sdk\cpp\IQ2\IQ2_20250520_15_00_00/vexiq2\libviq2rt.a(vex_motor.cpp.o)
                0x200135cc                vex::motor::isSpinning()
 .text._ZN3vex5motor4stopENS_9brakeTypeE
                0x200135ec       0x1e c:\Users\tooy0\AppData\Roaming\Code\User\globalStorage\vexrobotics.vexcode\sdk\cpp\IQ2\IQ2_20250520_15_00_00/vexiq2\libviq2rt.a(vex_motor.cpp.o)
                0x200135ec                vex::motor::stop(vex::brakeType)
 .text._ZN3vex5motor4stopEv
                0x2001360a        0x6 c:\Users\tooy0\AppData\Roaming\Code\User\globalStorage\vexrobotics.vexcode\sdk\cpp\IQ2\IQ2_20250520_15_00_00/vexiq2\libviq2rt.a(vex_motor.cpp.o)
                0x2001360a                vex::motor::stop()
 .text._ZN3vex5motor12setMaxTorqueEdNS_12percentUnitsE
                0x20013610       0x98 c:\Users\tooy0\AppData\Roaming\Code\User\globalStorage\vexrobotics.vexcode\sdk\cpp\IQ2\IQ2_20250520_15_00_00/vexiq2\libviq2rt.a(vex_motor.cpp.o)
                0x20013610                vex::motor::setMaxTorque(double, vex::percentUnits)
 .text._ZN3vex5motor16velocityToScaledEdNS_13velocityUnitsE
                0x200136a8       0x70 c:\Users\tooy0\AppData\Roaming\Code\User\globalStorage\vexrobotics.vexcode\sdk\cpp\IQ2\IQ2_20250520_15_00_00/vexiq2\libviq2rt.a(vex_motor.cpp.o)
                0x200136a8                vex::motor::velocityToScaled(double, vex::velocityUnits)
 .text._ZN3vex5motor8velocityENS_13velocityUnitsE
                0x20013718       0x18 c:\Users\tooy0\AppData\Roaming\Code\User\globalStorage\vexrobotics.vexcode\sdk\cpp\IQ2\IQ2_20250520_15_00_00/vexiq2\libviq2rt.a(vex_motor.cpp.o)
                0x20013718                vex::motor::velocity(vex::velocityUnits)
 .text._ZN3vex5motor5valueEv
                0x20013730       0x12 c:\Users\tooy0\AppData\Roaming\Code\User\globalStorage\vexrobotics.vexcode\sdk\cpp\IQ2\IQ2_20250520_15_00_00/vexiq2\libviq2rt.a(vex_motor.cpp.o)
                0x20013730                vex::motor::value()
 *fill*         0x20013742        0x6 
 .text._ZN3vex5motor16scaledToVelocityEdNS_13velocityUnitsE
                0x20013748       0x74 c:\Users\tooy0\AppData\Roaming\Code\User\globalStorage\vexrobotics.vexcode\sdk\cpp\IQ2\IQ2_20250520_15_00_00/vexiq2\libviq2rt.a(vex_motor.cpp.o)
                0x20013748                vex::motor::scaledToVelocity(double, vex::velocityUnits)
 .text._ZN3vex5motor4spinENS_13directionTypeEdNS_13velocityUnitsE
                0x200137bc       0x32 c:\Users\tooy0\AppData\Roaming\Code\User\globalStorage\vexrobotics.vexcode\sdk\cpp\IQ2\IQ2_20250520_15_00_00/vexiq2\libviq2rt.a(vex_motor.cpp.o)
                0x200137bc                vex::motor::spin(vex::directionType, double, vex::velocityUnits)
 .text._ZN3vex5motor4spinENS_13directionTypeE
                0x200137ee       0x1e c:\Users\tooy0\AppData\Roaming\Code\User\globalStorage\vexrobotics.vexcode\sdk\cpp\IQ2\IQ2_20250520_15_00_00/vexiq2\libviq2rt.a(vex_motor.cpp.o)
                0x200137ee                vex::motor::spin(vex::directionType)
 .text._ZN3vex5motor11setVelocityEdNS_13velocityUnitsE
                0x2001380c       0x54 c:\Users\tooy0\AppData\Roaming\Code\User\globalStorage\vexrobotics.vexcode\sdk\cpp\IQ2\IQ2_20250520_15_00_00/vexiq2\libviq2rt.a(vex_motor.cpp.o)
                0x2001380c                vex::motor::setVelocity(double, vex::velocityUnits)
 .text._ZN3vex5motor16setRotationUnitsENS_13rotationUnitsE
                0x20013860       0x12 c:\Users\tooy0\AppData\Roaming\Code\User\globalStorage\vexrobotics.vexcode\sdk\cpp\IQ2\IQ2_20250520_15_00_00/vexiq2\libviq2rt.a(vex_motor.cpp.o)
                0x20013860                vex::motor::setRotationUnits(vex::rotationUnits)
 .text._ZN3vex5motor11setPositionEdNS_13rotationUnitsE
                0x20013872       0x3e c:\Users\tooy0\AppData\Roaming\Code\User\globalStorage\vexrobotics.vexcode\sdk\cpp\IQ2\IQ2_20250520_15_00_00/vexiq2\libviq2rt.a(vex_motor.cpp.o)
                0x20013872                vex::motor::setPosition(double, vex::rotationUnits)
 .text._ZN3vex5motor13resetPositionEv
                0x200138b0       0x18 c:\Users\tooy0\AppData\Roaming\Code\User\globalStorage\vexrobotics.vexcode\sdk\cpp\IQ2\IQ2_20250520_15_00_00/vexiq2\libviq2rt.a(vex_motor.cpp.o)
                0x200138b0                vex::motor::resetPosition()
 .text._ZN3vex5motor6spinToEdNS_13rotationUnitsEdNS_13velocityUnitsEb
                0x200138c8       0xc0 c:\Users\tooy0\AppData\Roaming\Code\User\globalStorage\vexrobotics.vexcode\sdk\cpp\IQ2\IQ2_20250520_15_00_00/vexiq2\libviq2rt.a(vex_motor.cpp.o)
                0x200138c8                vex::motor::spinTo(double, vex::rotationUnits, double, vex::velocityUnits, bool)
 .text._ZN3vex5motor6spinToEdNS_13rotationUnitsEb
                0x20013988       0x3a c:\Users\tooy0\AppData\Roaming\Code\User\globalStorage\vexrobotics.vexcode\sdk\cpp\IQ2\IQ2_20250520_15_00_00/vexiq2\libviq2rt.a(vex_motor.cpp.o)
                0x20013988                vex::motor::spinTo(double, vex::rotationUnits, bool)
 .text._ZN3vex5motor7spinForEdNS_13rotationUnitsEdNS_13velocityUnitsEb
                0x200139c2       0xe0 c:\Users\tooy0\AppData\Roaming\Code\User\globalStorage\vexrobotics.vexcode\sdk\cpp\IQ2\IQ2_20250520_15_00_00/vexiq2\libviq2rt.a(vex_motor.cpp.o)
                0x200139c2                vex::motor::spinFor(double, vex::rotationUnits, double, vex::velocityUnits, bool)
 .text._ZN3vex5motor7spinForENS_13directionTypeEdNS_13rotationUnitsEb
                0x20013aa2       0x40 c:\Users\tooy0\AppData\Roaming\Code\User\globalStorage\vexrobotics.vexcode\sdk\cpp\IQ2\IQ2_20250520_15_00_00/vexiq2\libviq2rt.a(vex_motor.cpp.o)
                0x20013aa2                vex::motor::spinFor(vex::directionType, double, vex::rotationUnits, bool)
 .text._ZN3vex8touchled9installedEv
                0x20013ae2        0xe c:\Users\tooy0\AppData\Roaming\Code\User\globalStorage\vexrobotics.vexcode\sdk\cpp\IQ2\IQ2_20250520_15_00_00/vexiq2\libviq2rt.a(vex_touchled.cpp.o)
                0x20013ae2                vex::touchled::installed()
 .text._ZN3vex8touchledC2El
                0x20013af0       0x28 c:\Users\tooy0\AppData\Roaming\Code\User\globalStorage\vexrobotics.vexcode\sdk\cpp\IQ2\IQ2_20250520_15_00_00/vexiq2\libviq2rt.a(vex_touchled.cpp.o)
                0x20013af0                vex::touchled::touchled(long)
                0x20013af0                vex::touchled::touchled(long)
 .text._ZN3vex8touchledD2Ev
                0x20013b18       0x14 c:\Users\tooy0\AppData\Roaming\Code\User\globalStorage\vexrobotics.vexcode\sdk\cpp\IQ2\IQ2_20250520_15_00_00/vexiq2\libviq2rt.a(vex_touchled.cpp.o)
                0x20013b18                vex::touchled::~touchled()
                0x20013b18                vex::touchled::~touchled()
 .text._ZN3vex8touchled8pressingEv
                0x20013b2c       0x10 c:\Users\tooy0\AppData\Roaming\Code\User\globalStorage\vexrobotics.vexcode\sdk\cpp\IQ2\IQ2_20250520_15_00_00/vexiq2\libviq2rt.a(vex_touchled.cpp.o)
                0x20013b2c                vex::touchled::pressing()
 .text._ZN3vex8touchled5valueEv
                0x20013b3c        0x8 c:\Users\tooy0\AppData\Roaming\Code\User\globalStorage\vexrobotics.vexcode\sdk\cpp\IQ2\IQ2_20250520_15_00_00/vexiq2\libviq2rt.a(vex_touchled.cpp.o)
                0x20013b3c                vex::touchled::value()
 .text._ZN3vex8touchled7pressedEPFvvE
                0x20013b44        0xa c:\Users\tooy0\AppData\Roaming\Code\User\globalStorage\vexrobotics.vexcode\sdk\cpp\IQ2\IQ2_20250520_15_00_00/vexiq2\libviq2rt.a(vex_touchled.cpp.o)
                0x20013b44                vex::touchled::pressed(void (*)())
 .text._ZN3vex8touchled14_setBrightnessEm
                0x20013b4e       0x22 c:\Users\tooy0\AppData\Roaming\Code\User\globalStorage\vexrobotics.vexcode\sdk\cpp\IQ2\IQ2_20250520_15_00_00/vexiq2\libviq2rt.a(vex_touchled.cpp.o)
                0x20013b4e                vex::touchled::_setBrightness(unsigned long)
 .text._ZN3vex8touchled9_setColorEm
                0x20013b70       0x2c c:\Users\tooy0\AppData\Roaming\Code\User\globalStorage\vexrobotics.vexcode\sdk\cpp\IQ2\IQ2_20250520_15_00_00/vexiq2\libviq2rt.a(vex_touchled.cpp.o)
                0x20013b70                vex::touchled::_setColor(unsigned long)
 .text._ZN3vex8touchled8setColorENS_5colorE
                0x20013b9c       0x2e c:\Users\tooy0\AppData\Roaming\Code\User\globalStorage\vexrobotics.vexcode\sdk\cpp\IQ2\IQ2_20250520_15_00_00/vexiq2\libviq2rt.a(vex_touchled.cpp.o)
                0x20013b9c                vex::touchled::setColor(vex::color)
 .text._ZN3vex8inertial11getTurnTypeEv
                0x20013bca        0x4 c:\Users\tooy0\AppData\Roaming\Code\User\globalStorage\vexrobotics.vexcode\sdk\cpp\IQ2\IQ2_20250520_15_00_00/vexiq2\libviq2rt.a(vex_imu.cpp.o)
                0x20013bca                vex::inertial::getTurnType()
 .text._ZThn20_N3vex8inertial11getTurnTypeEv
                0x20013bce        0x8 c:\Users\tooy0\AppData\Roaming\Code\User\globalStorage\vexrobotics.vexcode\sdk\cpp\IQ2\IQ2_20250520_15_00_00/vexiq2\libviq2rt.a(vex_imu.cpp.o)
                0x20013bce                non-virtual thunk to vex::inertial::getTurnType()
 *fill*         0x20013bd6        0x2 
 .text._ZN3vex8inertial10setHeadingEdNS_13rotationUnitsE
                0x20013bd8       0x48 c:\Users\tooy0\AppData\Roaming\Code\User\globalStorage\vexrobotics.vexcode\sdk\cpp\IQ2\IQ2_20250520_15_00_00/vexiq2\libviq2rt.a(vex_imu.cpp.o)
                0x20013bd8                vex::inertial::setHeading(double, vex::rotationUnits)
 .text._ZThn20_N3vex8inertial10setHeadingEdNS_13rotationUnitsE
                0x20013c20        0x8 c:\Users\tooy0\AppData\Roaming\Code\User\globalStorage\vexrobotics.vexcode\sdk\cpp\IQ2\IQ2_20250520_15_00_00/vexiq2\libviq2rt.a(vex_imu.cpp.o)
                0x20013c20                non-virtual thunk to vex::inertial::setHeading(double, vex::rotationUnits)
 .text._ZN3vex8inertial11setRotationEdNS_13rotationUnitsE
                0x20013c28       0x48 c:\Users\tooy0\AppData\Roaming\Code\User\globalStorage\vexrobotics.vexcode\sdk\cpp\IQ2\IQ2_20250520_15_00_00/vexiq2\libviq2rt.a(vex_imu.cpp.o)
                0x20013c28                vex::inertial::setRotation(double, vex::rotationUnits)
 .text._ZThn20_N3vex8inertial11setRotationEdNS_13rotationUnitsE
                0x20013c70        0x8 c:\Users\tooy0\AppData\Roaming\Code\User\globalStorage\vexrobotics.vexcode\sdk\cpp\IQ2\IQ2_20250520_15_00_00/vexiq2\libviq2rt.a(vex_imu.cpp.o)
                0x20013c70                non-virtual thunk to vex::inertial::setRotation(double, vex::rotationUnits)
 .text._ZN3vex8inertialD2Ev
                0x20013c78       0x14 c:\Users\tooy0\AppData\Roaming\Code\User\globalStorage\vexrobotics.vexcode\sdk\cpp\IQ2\IQ2_20250520_15_00_00/vexiq2\libviq2rt.a(vex_imu.cpp.o)
                0x20013c78                vex::inertial::~inertial()
                0x20013c78                vex::inertial::~inertial()
 .text._ZThn20_N3vex8inertialD1Ev
                0x20013c8c        0x8 c:\Users\tooy0\AppData\Roaming\Code\User\globalStorage\vexrobotics.vexcode\sdk\cpp\IQ2\IQ2_20250520_15_00_00/vexiq2\libviq2rt.a(vex_imu.cpp.o)
                0x20013c8c                non-virtual thunk to vex::inertial::~inertial()
 .text._ZN3vex8inertialD0Ev
                0x20013c94       0x12 c:\Users\tooy0\AppData\Roaming\Code\User\globalStorage\vexrobotics.vexcode\sdk\cpp\IQ2\IQ2_20250520_15_00_00/vexiq2\libviq2rt.a(vex_imu.cpp.o)
                0x20013c94                vex::inertial::~inertial()
 .text._ZThn20_N3vex8inertialD0Ev
                0x20013ca6        0x8 c:\Users\tooy0\AppData\Roaming\Code\User\globalStorage\vexrobotics.vexcode\sdk\cpp\IQ2\IQ2_20250520_15_00_00/vexiq2\libviq2rt.a(vex_imu.cpp.o)
                0x20013ca6                non-virtual thunk to vex::inertial::~inertial()
 .text._ZN3vex8inertial9installedEv
                0x20013cae       0x10 c:\Users\tooy0\AppData\Roaming\Code\User\globalStorage\vexrobotics.vexcode\sdk\cpp\IQ2\IQ2_20250520_15_00_00/vexiq2\libviq2rt.a(vex_imu.cpp.o)
                0x20013cae                vex::inertial::installed()
 *fill*         0x20013cbe        0x2 
 .text._ZN3vex8inertial5angleENS_13rotationUnitsE
                0x20013cc0       0x74 c:\Users\tooy0\AppData\Roaming\Code\User\globalStorage\vexrobotics.vexcode\sdk\cpp\IQ2\IQ2_20250520_15_00_00/vexiq2\libviq2rt.a(vex_imu.cpp.o)
                0x20013cc0                vex::inertial::angle(vex::rotationUnits)
 .text._ZThn20_N3vex8inertial5angleENS_13rotationUnitsE
                0x20013d34        0x8 c:\Users\tooy0\AppData\Roaming\Code\User\globalStorage\vexrobotics.vexcode\sdk\cpp\IQ2\IQ2_20250520_15_00_00/vexiq2\libviq2rt.a(vex_imu.cpp.o)
                0x20013d34                non-virtual thunk to vex::inertial::angle(vex::rotationUnits)
 .text._ZN3vex8inertial7headingENS_13rotationUnitsE
                0x20013d3c        0x4 c:\Users\tooy0\AppData\Roaming\Code\User\globalStorage\vexrobotics.vexcode\sdk\cpp\IQ2\IQ2_20250520_15_00_00/vexiq2\libviq2rt.a(vex_imu.cpp.o)
                0x20013d3c                vex::inertial::heading(vex::rotationUnits)
 .text._ZThn20_N3vex8inertial7headingENS_13rotationUnitsE
                0x20013d40        0x8 c:\Users\tooy0\AppData\Roaming\Code\User\globalStorage\vexrobotics.vexcode\sdk\cpp\IQ2\IQ2_20250520_15_00_00/vexiq2\libviq2rt.a(vex_imu.cpp.o)
                0x20013d40                non-virtual thunk to vex::inertial::heading(vex::rotationUnits)
 .text._ZN3vex8inertial5valueEv
                0x20013d48       0x12 c:\Users\tooy0\AppData\Roaming\Code\User\globalStorage\vexrobotics.vexcode\sdk\cpp\IQ2\IQ2_20250520_15_00_00/vexiq2\libviq2rt.a(vex_imu.cpp.o)
                0x20013d48                vex::inertial::value()
 *fill*         0x20013d5a        0x2 
 .text._ZN3vex8inertial8rotationENS_13rotationUnitsE
                0x20013d5c       0x38 c:\Users\tooy0\AppData\Roaming\Code\User\globalStorage\vexrobotics.vexcode\sdk\cpp\IQ2\IQ2_20250520_15_00_00/vexiq2\libviq2rt.a(vex_imu.cpp.o)
                0x20013d5c                vex::inertial::rotation(vex::rotationUnits)
 .text._ZThn20_N3vex8inertial8rotationENS_13rotationUnitsE
                0x20013d94        0x8 c:\Users\tooy0\AppData\Roaming\Code\User\globalStorage\vexrobotics.vexcode\sdk\cpp\IQ2\IQ2_20250520_15_00_00/vexiq2\libviq2rt.a(vex_imu.cpp.o)
                0x20013d94                non-virtual thunk to vex::inertial::rotation(vex::rotationUnits)
 .text._ZN3vex8inertial13isCalibratingEv
                0x20013d9c       0x22 c:\Users\tooy0\AppData\Roaming\Code\User\globalStorage\vexrobotics.vexcode\sdk\cpp\IQ2\IQ2_20250520_15_00_00/vexiq2\libviq2rt.a(vex_imu.cpp.o)
                0x20013d9c                vex::inertial::isCalibrating()
 .text._ZThn20_N3vex8inertial13isCalibratingEv
                0x20013dbe        0x8 c:\Users\tooy0\AppData\Roaming\Code\User\globalStorage\vexrobotics.vexcode\sdk\cpp\IQ2\IQ2_20250520_15_00_00/vexiq2\libviq2rt.a(vex_imu.cpp.o)
                0x20013dbe                non-virtual thunk to vex::inertial::isCalibrating()
 *fill*         0x20013dc6        0x2 
 .text._ZN3vex8inertialC2ElNS_8turnTypeE
                0x20013dc8       0x30 c:\Users\tooy0\AppData\Roaming\Code\User\globalStorage\vexrobotics.vexcode\sdk\cpp\IQ2\IQ2_20250520_15_00_00/vexiq2\libviq2rt.a(vex_imu.cpp.o)
                0x20013dc8                vex::inertial::inertial(long, vex::turnType)
                0x20013dc8                vex::inertial::inertial(long, vex::turnType)
 .text._ZN3vex8inertialC2ENS_8turnTypeE
                0x20013df8       0x18 c:\Users\tooy0\AppData\Roaming\Code\User\globalStorage\vexrobotics.vexcode\sdk\cpp\IQ2\IQ2_20250520_15_00_00/vexiq2\libviq2rt.a(vex_imu.cpp.o)
                0x20013df8                vex::inertial::inertial(vex::turnType)
                0x20013df8                vex::inertial::inertial(vex::turnType)
 .text._ZN3vex8inertial16startCalibrationEl
                0x20013e10       0x16 c:\Users\tooy0\AppData\Roaming\Code\User\globalStorage\vexrobotics.vexcode\sdk\cpp\IQ2\IQ2_20250520_15_00_00/vexiq2\libviq2rt.a(vex_imu.cpp.o)
                0x20013e10                vex::inertial::startCalibration(long)
 .text._ZN3vex8inertial9calibrateEl
                0x20013e26        0xa c:\Users\tooy0\AppData\Roaming\Code\User\globalStorage\vexrobotics.vexcode\sdk\cpp\IQ2\IQ2_20250520_15_00_00/vexiq2\libviq2rt.a(vex_imu.cpp.o)
                0x20013e26                vex::inertial::calibrate(long)
                0x20013e2a                non-virtual thunk to vex::inertial::calibrate(long)
 .text._ZN3vex8inertial12accelerationENS_8axisTypeE
                0x20013e30       0x2a c:\Users\tooy0\AppData\Roaming\Code\User\globalStorage\vexrobotics.vexcode\sdk\cpp\IQ2\IQ2_20250520_15_00_00/vexiq2\libviq2rt.a(vex_imu.cpp.o)
                0x20013e30                vex::inertial::acceleration(vex::axisType)
 .text._ZN3vex8distance9installedEv
                0x20013e5a       0x10 c:\Users\tooy0\AppData\Roaming\Code\User\globalStorage\vexrobotics.vexcode\sdk\cpp\IQ2\IQ2_20250520_15_00_00/vexiq2\libviq2rt.a(vex_distance.cpp.o)
                0x20013e5a                vex::distance::installed()
 .text._ZN3vex8distance5valueEv
                0x20013e6a        0x6 c:\Users\tooy0\AppData\Roaming\Code\User\globalStorage\vexrobotics.vexcode\sdk\cpp\IQ2\IQ2_20250520_15_00_00/vexiq2\libviq2rt.a(vex_distance.cpp.o)
                0x20013e6a                vex::distance::value()
 .text._ZN3vex8distanceC2El
                0x20013e70       0x14 c:\Users\tooy0\AppData\Roaming\Code\User\globalStorage\vexrobotics.vexcode\sdk\cpp\IQ2\IQ2_20250520_15_00_00/vexiq2\libviq2rt.a(vex_distance.cpp.o)
                0x20013e70                vex::distance::distance(long)
                0x20013e70                vex::distance::distance(long)
 .text._ZN3vex8distanceD2Ev
                0x20013e84       0x14 c:\Users\tooy0\AppData\Roaming\Code\User\globalStorage\vexrobotics.vexcode\sdk\cpp\IQ2\IQ2_20250520_15_00_00/vexiq2\libviq2rt.a(vex_distance.cpp.o)
                0x20013e84                vex::distance::~distance()
                0x20013e84                vex::distance::~distance()
 .text._ZN3vex8distance14objectDistanceENS_13distanceUnitsE
                0x20013e98       0x44 c:\Users\tooy0\AppData\Roaming\Code\User\globalStorage\vexrobotics.vexcode\sdk\cpp\IQ2\IQ2_20250520_15_00_00/vexiq2\libviq2rt.a(vex_distance.cpp.o)
                0x20013e98                vex::distance::objectDistance(vex::distanceUnits)
 .text._ZN3vex8aivision9colordescD2Ev
                0x20013edc        0x2 c:\Users\tooy0\AppData\Roaming\Code\User\globalStorage\vexrobotics.vexcode\sdk\cpp\IQ2\IQ2_20250520_15_00_00/vexiq2\libviq2rt.a(vex_aivision.cpp.o)
                0x20013edc                vex::aivision::colordesc::~colordesc()
                0x20013edc                vex::aivision::colordesc::~colordesc()
 .text._ZN3vex8aivision9installedEv
                0x20013ede       0x10 c:\Users\tooy0\AppData\Roaming\Code\User\globalStorage\vexrobotics.vexcode\sdk\cpp\IQ2\IQ2_20250520_15_00_00/vexiq2\libviq2rt.a(vex_aivision.cpp.o)
                0x20013ede                vex::aivision::installed()
 *fill*         0x20013eee        0x2 
 .text._ZN3vex8aivisionD2Ev
                0x20013ef0       0x40 c:\Users\tooy0\AppData\Roaming\Code\User\globalStorage\vexrobotics.vexcode\sdk\cpp\IQ2\IQ2_20250520_15_00_00/vexiq2\libviq2rt.a(vex_aivision.cpp.o)
                0x20013ef0                vex::aivision::~aivision()
                0x20013ef0                vex::aivision::~aivision()
 .text._ZN3vex8aivision5resetEv
                0x20013f30        0xa c:\Users\tooy0\AppData\Roaming\Code\User\globalStorage\vexrobotics.vexcode\sdk\cpp\IQ2\IQ2_20250520_15_00_00/vexiq2\libviq2rt.a(vex_aivision.cpp.o)
                0x20013f30                vex::aivision::reset()
 .text._ZN3vex8aivision14colorDetectionEbb
                0x20013f3a       0x38 c:\Users\tooy0\AppData\Roaming\Code\User\globalStorage\vexrobotics.vexcode\sdk\cpp\IQ2\IQ2_20250520_15_00_00/vexiq2\libviq2rt.a(vex_aivision.cpp.o)
                0x20013f3a                vex::aivision::colorDetection(bool, bool)
 .text._ZN3vex8aivision14modelDetectionEb
                0x20013f72       0x2a c:\Users\tooy0\AppData\Roaming\Code\User\globalStorage\vexrobotics.vexcode\sdk\cpp\IQ2\IQ2_20250520_15_00_00/vexiq2\libviq2rt.a(vex_aivision.cpp.o)
                0x20013f72                vex::aivision::modelDetection(bool)
 .text._ZN3vex8aivision10usbOverlayEb
                0x20013f9c       0x2a c:\Users\tooy0\AppData\Roaming\Code\User\globalStorage\vexrobotics.vexcode\sdk\cpp\IQ2\IQ2_20250520_15_00_00/vexiq2\libviq2rt.a(vex_aivision.cpp.o)
                0x20013f9c                vex::aivision::usbOverlay(bool)
 .text._ZN3vex8aivision21_setObjectDescriptionEv
                0x20013fc6       0x28 c:\Users\tooy0\AppData\Roaming\Code\User\globalStorage\vexrobotics.vexcode\sdk\cpp\IQ2\IQ2_20250520_15_00_00/vexiq2\libviq2rt.a(vex_aivision.cpp.o)
                0x20013fc6                vex::aivision::_setObjectDescription()
 .text._ZN3vex8aivision20setObjectDescriptionERKNS0_9aiobjdescE
                0x20013fee       0x16 c:\Users\tooy0\AppData\Roaming\Code\User\globalStorage\vexrobotics.vexcode\sdk\cpp\IQ2\IQ2_20250520_15_00_00/vexiq2\libviq2rt.a(vex_aivision.cpp.o)
                0x20013fee                vex::aivision::setObjectDescription(vex::aivision::aiobjdesc const&)
 .text._ZN3vex8aivision9colordesc5clearEv
                0x20014004       0x12 c:\Users\tooy0\AppData\Roaming\Code\User\globalStorage\vexrobotics.vexcode\sdk\cpp\IQ2\IQ2_20250520_15_00_00/vexiq2\libviq2rt.a(vex_aivision.cpp.o)
                0x20014004                vex::aivision::colordesc::clear()
 .text._ZN3vex8aivision9colordescC2Ev
                0x20014016       0x30 c:\Users\tooy0\AppData\Roaming\Code\User\globalStorage\vexrobotics.vexcode\sdk\cpp\IQ2\IQ2_20250520_15_00_00/vexiq2\libviq2rt.a(vex_aivision.cpp.o)
                0x20014016                vex::aivision::colordesc::colordesc()
                0x20014016                vex::aivision::colordesc::colordesc()
 .text._ZN3vex8aivision6object5clearEv
                0x20014046       0x44 c:\Users\tooy0\AppData\Roaming\Code\User\globalStorage\vexrobotics.vexcode\sdk\cpp\IQ2\IQ2_20250520_15_00_00/vexiq2\libviq2rt.a(vex_aivision.cpp.o)
                0x20014046                vex::aivision::object::clear()
 .text._ZN3vex8aivision6objectC2Ev
                0x2001408a       0x6e c:\Users\tooy0\AppData\Roaming\Code\User\globalStorage\vexrobotics.vexcode\sdk\cpp\IQ2\IQ2_20250520_15_00_00/vexiq2\libviq2rt.a(vex_aivision.cpp.o)
                0x2001408a                vex::aivision::object::object()
                0x2001408a                vex::aivision::object::object()
 .text._ZN3vex8aivision6objectaSEl
                0x200140f8       0x44 c:\Users\tooy0\AppData\Roaming\Code\User\globalStorage\vexrobotics.vexcode\sdk\cpp\IQ2\IQ2_20250520_15_00_00/vexiq2\libviq2rt.a(vex_aivision.cpp.o)
                0x200140f8                vex::aivision::object::operator=(long)
 .text._ZN3vex9safearrayINS_8aivision6objectELi24EEixEi
                0x2001413c       0x1a c:\Users\tooy0\AppData\Roaming\Code\User\globalStorage\vexrobotics.vexcode\sdk\cpp\IQ2\IQ2_20250520_15_00_00/vexiq2\libviq2rt.a(vex_aivision.cpp.o)
                0x2001413c                vex::safearray<vex::aivision::object, 24>::operator[](int)
 .text._ZN3vex8aivision13_clearObjectsEv
                0x20014156       0x26 c:\Users\tooy0\AppData\Roaming\Code\User\globalStorage\vexrobotics.vexcode\sdk\cpp\IQ2\IQ2_20250520_15_00_00/vexiq2\libviq2rt.a(vex_aivision.cpp.o)
                0x20014156                vex::aivision::_clearObjects()
 .text._ZN3vex8aivisionC2El
                0x2001417c       0x70 c:\Users\tooy0\AppData\Roaming\Code\User\globalStorage\vexrobotics.vexcode\sdk\cpp\IQ2\IQ2_20250520_15_00_00/vexiq2\libviq2rt.a(vex_aivision.cpp.o)
                0x2001417c                vex::aivision::aivision(long)
                0x2001417c                vex::aivision::aivision(long)
 .text.startup._GLOBAL__sub_I__ZN3vex8aivision8ALL_TAGSE
                0x200141ec       0x70 c:\Users\tooy0\AppData\Roaming\Code\User\globalStorage\vexrobotics.vexcode\sdk\cpp\IQ2\IQ2_20250520_15_00_00/vexiq2\libviq2rt.a(vex_aivision.cpp.o)
 .text._ZN3vex9pneumatic9installedEv
                0x2001425c       0x10 c:\Users\tooy0\AppData\Roaming\Code\User\globalStorage\vexrobotics.vexcode\sdk\cpp\IQ2\IQ2_20250520_15_00_00/vexiq2\libviq2rt.a(vex_pneumatic.cpp.o)
                0x2001425c                vex::pneumatic::installed()
 .text._ZN3vex9pneumaticC2Elb
                0x2001426c       0x24 c:\Users\tooy0\AppData\Roaming\Code\User\globalStorage\vexrobotics.vexcode\sdk\cpp\IQ2\IQ2_20250520_15_00_00/vexiq2\libviq2rt.a(vex_pneumatic.cpp.o)
                0x2001426c                vex::pneumatic::pneumatic(long, bool)
                0x2001426c                vex::pneumatic::pneumatic(long, bool)
 .text._ZN3vex9pneumaticD2Ev
                0x20014290       0x14 c:\Users\tooy0\AppData\Roaming\Code\User\globalStorage\vexrobotics.vexcode\sdk\cpp\IQ2\IQ2_20250520_15_00_00/vexiq2\libviq2rt.a(vex_pneumatic.cpp.o)
                0x20014290                vex::pneumatic::~pneumatic()
                0x20014290                vex::pneumatic::~pneumatic()
 .text._ZN3vex9pneumatic6extendENS_12cylinderTypeE
                0x200142a4        0x8 c:\Users\tooy0\AppData\Roaming\Code\User\globalStorage\vexrobotics.vexcode\sdk\cpp\IQ2\IQ2_20250520_15_00_00/vexiq2\libviq2rt.a(vex_pneumatic.cpp.o)
                0x200142a4                vex::pneumatic::extend(vex::cylinderType)
 .text._ZN3vex9pneumatic7retractENS_12cylinderTypeE
                0x200142ac        0x8 c:\Users\tooy0\AppData\Roaming\Code\User\globalStorage\vexrobotics.vexcode\sdk\cpp\IQ2\IQ2_20250520_15_00_00/vexiq2\libviq2rt.a(vex_pneumatic.cpp.o)
                0x200142ac                vex::pneumatic::retract(vex::cylinderType)
 .text._ZN3vex9pneumatic6pumpOnEv
                0x200142b4        0x8 c:\Users\tooy0\AppData\Roaming\Code\User\globalStorage\vexrobotics.vexcode\sdk\cpp\IQ2\IQ2_20250520_15_00_00/vexiq2\libviq2rt.a(vex_pneumatic.cpp.o)
                0x200142b4                vex::pneumatic::pumpOn()
 .text._ZN3vex11motor_group18motor_group_motorsC2Ev
                0x200142bc       0x18 c:\Users\tooy0\AppData\Roaming\Code\User\globalStorage\vexrobotics.vexcode\sdk\cpp\IQ2\IQ2_20250520_15_00_00/vexiq2\libviq2rt.a(vex_motorgroup.cpp.o)
                0x200142bc                vex::motor_group::motor_group_motors::motor_group_motors()
                0x200142bc                vex::motor_group::motor_group_motors::motor_group_motors()
 .text._ZN3vex11motor_groupC2Ev
                0x200142d4       0x14 c:\Users\tooy0\AppData\Roaming\Code\User\globalStorage\vexrobotics.vexcode\sdk\cpp\IQ2\IQ2_20250520_15_00_00/vexiq2\libviq2rt.a(vex_motorgroup.cpp.o)
                0x200142d4                vex::motor_group::motor_group()
                0x200142d4                vex::motor_group::motor_group()
 .text._ZN3vex11motor_groupD2Ev
                0x200142e8        0x2 c:\Users\tooy0\AppData\Roaming\Code\User\globalStorage\vexrobotics.vexcode\sdk\cpp\IQ2\IQ2_20250520_15_00_00/vexiq2\libviq2rt.a(vex_motorgroup.cpp.o)
                0x200142e8                vex::motor_group::~motor_group()
                0x200142e8                vex::motor_group::~motor_group()
 .text._ZN3vex11motor_group9_addMotorERNS_5motorE
                0x200142ea       0x14 c:\Users\tooy0\AppData\Roaming\Code\User\globalStorage\vexrobotics.vexcode\sdk\cpp\IQ2\IQ2_20250520_15_00_00/vexiq2\libviq2rt.a(vex_motorgroup.cpp.o)
                0x200142ea                vex::motor_group::_addMotor(vex::motor&)
 .text._ZN3vex11motor_group11setVelocityEdNS_13velocityUnitsE
                0x200142fe       0x3a c:\Users\tooy0\AppData\Roaming\Code\User\globalStorage\vexrobotics.vexcode\sdk\cpp\IQ2\IQ2_20250520_15_00_00/vexiq2\libviq2rt.a(vex_motorgroup.cpp.o)
                0x200142fe                vex::motor_group::setVelocity(double, vex::velocityUnits)
 .text._ZN3vex11motor_group11setStoppingENS_9brakeTypeE
                0x20014338       0x22 c:\Users\tooy0\AppData\Roaming\Code\User\globalStorage\vexrobotics.vexcode\sdk\cpp\IQ2\IQ2_20250520_15_00_00/vexiq2\libviq2rt.a(vex_motorgroup.cpp.o)
                0x20014338                vex::motor_group::setStopping(vex::brakeType)
 .text._ZN3vex11motor_group13resetPositionEv
                0x2001435a       0x1e c:\Users\tooy0\AppData\Roaming\Code\User\globalStorage\vexrobotics.vexcode\sdk\cpp\IQ2\IQ2_20250520_15_00_00/vexiq2\libviq2rt.a(vex_motorgroup.cpp.o)
                0x2001435a                vex::motor_group::resetPosition()
 .text._ZN3vex11motor_group11setPositionEdNS_13rotationUnitsE
                0x20014378       0x3a c:\Users\tooy0\AppData\Roaming\Code\User\globalStorage\vexrobotics.vexcode\sdk\cpp\IQ2\IQ2_20250520_15_00_00/vexiq2\libviq2rt.a(vex_motorgroup.cpp.o)
                0x20014378                vex::motor_group::setPosition(double, vex::rotationUnits)
 .text._ZN3vex11motor_group4spinENS_13directionTypeE
                0x200143b2       0x22 c:\Users\tooy0\AppData\Roaming\Code\User\globalStorage\vexrobotics.vexcode\sdk\cpp\IQ2\IQ2_20250520_15_00_00/vexiq2\libviq2rt.a(vex_motorgroup.cpp.o)
                0x200143b2                vex::motor_group::spin(vex::directionType)
 .text._ZN3vex11motor_group10isSpinningEv
                0x200143d4       0x26 c:\Users\tooy0\AppData\Roaming\Code\User\globalStorage\vexrobotics.vexcode\sdk\cpp\IQ2\IQ2_20250520_15_00_00/vexiq2\libviq2rt.a(vex_motorgroup.cpp.o)
                0x200143d4                vex::motor_group::isSpinning()
 .text._ZN3vex11motor_group6isDoneEv
                0x200143fa        0xe c:\Users\tooy0\AppData\Roaming\Code\User\globalStorage\vexrobotics.vexcode\sdk\cpp\IQ2\IQ2_20250520_15_00_00/vexiq2\libviq2rt.a(vex_motorgroup.cpp.o)
                0x200143fa                vex::motor_group::isDone()
 .text._ZN3vex11motor_group4stopEv
                0x20014408       0x1e c:\Users\tooy0\AppData\Roaming\Code\User\globalStorage\vexrobotics.vexcode\sdk\cpp\IQ2\IQ2_20250520_15_00_00/vexiq2\libviq2rt.a(vex_motorgroup.cpp.o)
                0x20014408                vex::motor_group::stop()
 .text._ZN3vex11motor_group4stopENS_9brakeTypeE
                0x20014426       0x22 c:\Users\tooy0\AppData\Roaming\Code\User\globalStorage\vexrobotics.vexcode\sdk\cpp\IQ2\IQ2_20250520_15_00_00/vexiq2\libviq2rt.a(vex_motorgroup.cpp.o)
                0x20014426                vex::motor_group::stop(vex::brakeType)
 .text._ZN3vex11motor_group12setMaxTorqueEdNS_12percentUnitsE
                0x20014448       0x3a c:\Users\tooy0\AppData\Roaming\Code\User\globalStorage\vexrobotics.vexcode\sdk\cpp\IQ2\IQ2_20250520_15_00_00/vexiq2\libviq2rt.a(vex_motorgroup.cpp.o)
                0x20014448                vex::motor_group::setMaxTorque(double, vex::percentUnits)
 .text._ZN3vex11motor_group8velocityENS_13velocityUnitsE
                0x20014482        0x8 c:\Users\tooy0\AppData\Roaming\Code\User\globalStorage\vexrobotics.vexcode\sdk\cpp\IQ2\IQ2_20250520_15_00_00/vexiq2\libviq2rt.a(vex_motorgroup.cpp.o)
                0x20014482                vex::motor_group::velocity(vex::velocityUnits)
 .text._ZN3vex11motor_group20waitForCompletionAllEv
                0x2001448a       0x36 c:\Users\tooy0\AppData\Roaming\Code\User\globalStorage\vexrobotics.vexcode\sdk\cpp\IQ2\IQ2_20250520_15_00_00/vexiq2\libviq2rt.a(vex_motorgroup.cpp.o)
                0x2001448a                vex::motor_group::waitForCompletionAll()
 .text._ZN3vex11motor_group6spinToEdNS_13rotationUnitsEb
                0x200144c0       0x56 c:\Users\tooy0\AppData\Roaming\Code\User\globalStorage\vexrobotics.vexcode\sdk\cpp\IQ2\IQ2_20250520_15_00_00/vexiq2\libviq2rt.a(vex_motorgroup.cpp.o)
                0x200144c0                vex::motor_group::spinTo(double, vex::rotationUnits, bool)
 .text._ZN3vex11motor_group14spinToPositionEdNS_13rotationUnitsEb
                0x20014516        0x4 c:\Users\tooy0\AppData\Roaming\Code\User\globalStorage\vexrobotics.vexcode\sdk\cpp\IQ2\IQ2_20250520_15_00_00/vexiq2\libviq2rt.a(vex_motorgroup.cpp.o)
                0x20014516                vex::motor_group::spinToPosition(double, vex::rotationUnits, bool)
 .text._ZN3vex11motor_group7spinForENS_13directionTypeEdNS_13rotationUnitsEb
                0x2001451a       0x5a c:\Users\tooy0\AppData\Roaming\Code\User\globalStorage\vexrobotics.vexcode\sdk\cpp\IQ2\IQ2_20250520_15_00_00/vexiq2\libviq2rt.a(vex_motorgroup.cpp.o)
                0x2001451a                vex::motor_group::spinFor(vex::directionType, double, vex::rotationUnits, bool)
 .text._ZN3vex10controllerC2Ev
                0x20014574       0x5e c:\Users\tooy0\AppData\Roaming\Code\User\globalStorage\vexrobotics.vexcode\sdk\cpp\IQ2\IQ2_20250520_15_00_00/vexiq2\libviq2rt.a(vex_controller.cpp.o)
                0x20014574                vex::controller::controller()
                0x20014574                vex::controller::controller()
 .text._ZN3vex10controllerD2Ev
                0x200145d2        0x2 c:\Users\tooy0\AppData\Roaming\Code\User\globalStorage\vexrobotics.vexcode\sdk\cpp\IQ2\IQ2_20250520_15_00_00/vexiq2\libviq2rt.a(vex_controller.cpp.o)
                0x200145d2                vex::controller::~controller()
                0x200145d2                vex::controller::~controller()
 .text._ZN3vex5event4initEmmPFvvE
                0x200145d4        0x4 c:\Users\tooy0\AppData\Roaming\Code\User\globalStorage\vexrobotics.vexcode\sdk\cpp\IQ2\IQ2_20250520_15_00_00/vexiq2\libviq2rt.a(vex_event.cpp.o)
                0x200145d4                vex::event::init(unsigned long, unsigned long, void (*)())
 .text._ZN3vex5event9userindexEv
                0x200145d8        0x4 c:\Users\tooy0\AppData\Roaming\Code\User\globalStorage\vexrobotics.vexcode\sdk\cpp\IQ2\IQ2_20250520_15_00_00/vexiq2\libviq2rt.a(vex_event.cpp.o)
                0x200145d8                vex::event::userindex()
 .text._ZN3vex6device5valueEv
                0x200145dc        0x4 c:\Users\tooy0\AppData\Roaming\Code\User\globalStorage\vexrobotics.vexcode\sdk\cpp\IQ2\IQ2_20250520_15_00_00/vexiq2\libviq2rt.a(vex_device.cpp.o)
                0x200145dc                vex::device::value()
 .text._ZN3vex6deviceD2Ev
                0x200145e0        0x2 c:\Users\tooy0\AppData\Roaming\Code\User\globalStorage\vexrobotics.vexcode\sdk\cpp\IQ2\IQ2_20250520_15_00_00/vexiq2\libviq2rt.a(vex_device.cpp.o)
                0x200145e0                vex::device::~device()
                0x200145e0                vex::device::~device()
 .text._ZN3vex6device4initEl
                0x200145e2       0x22 c:\Users\tooy0\AppData\Roaming\Code\User\globalStorage\vexrobotics.vexcode\sdk\cpp\IQ2\IQ2_20250520_15_00_00/vexiq2\libviq2rt.a(vex_device.cpp.o)
                0x200145e2                vex::device::init(long)
 .text._ZN3vex6deviceC2El
                0x20014604       0x14 c:\Users\tooy0\AppData\Roaming\Code\User\globalStorage\vexrobotics.vexcode\sdk\cpp\IQ2\IQ2_20250520_15_00_00/vexiq2\libviq2rt.a(vex_device.cpp.o)
                0x20014604                vex::device::device(long)
                0x20014604                vex::device::device(long)
 .text._ZN3vex6device4typeEv
                0x20014618        0x8 c:\Users\tooy0\AppData\Roaming\Code\User\globalStorage\vexrobotics.vexcode\sdk\cpp\IQ2\IQ2_20250520_15_00_00/vexiq2\libviq2rt.a(vex_device.cpp.o)
                0x20014618                vex::device::type()
 .text._ZN3vex6device9installedEv
                0x20014620        0xe c:\Users\tooy0\AppData\Roaming\Code\User\globalStorage\vexrobotics.vexcode\sdk\cpp\IQ2\IQ2_20250520_15_00_00/vexiq2\libviq2rt.a(vex_device.cpp.o)
                0x20014620                vex::device::installed()
 .text.__aeabi_atexit
                0x2001462e        0xa c:\Users\tooy0\AppData\Roaming\Code\User\globalStorage\vexrobotics.vexcode\sdk\cpp\IQ2\IQ2_20250520_15_00_00/vexiq2/gcc/libs\libc_nano.a(lib_a-aeabi_atexit.o)
                0x2001462e                __aeabi_atexit
 .text.__sflush_r
                0x20014638      0x10c c:\Users\tooy0\AppData\Roaming\Code\User\globalStorage\vexrobotics.vexcode\sdk\cpp\IQ2\IQ2_20250520_15_00_00/vexiq2/gcc/libs\libc_nano.a(lib_a-fflush.o)
                0x20014638                __sflush_r
 .text._fflush_r
                0x20014744       0x54 c:\Users\tooy0\AppData\Roaming\Code\User\globalStorage\vexrobotics.vexcode\sdk\cpp\IQ2\IQ2_20250520_15_00_00/vexiq2/gcc/libs\libc_nano.a(lib_a-fflush.o)
                0x20014744                _fflush_r
 .text.std      0x20014798       0x48 c:\Users\tooy0\AppData\Roaming\Code\User\globalStorage\vexrobotics.vexcode\sdk\cpp\IQ2\IQ2_20250520_15_00_00/vexiq2/gcc/libs\libc_nano.a(lib_a-findfp.o)
 .text._cleanup_r
                0x200147e0        0xc c:\Users\tooy0\AppData\Roaming\Code\User\globalStorage\vexrobotics.vexcode\sdk\cpp\IQ2\IQ2_20250520_15_00_00/vexiq2/gcc/libs\libc_nano.a(lib_a-findfp.o)
                0x200147e0                _cleanup_r
 .text.__sfmoreglue
                0x200147ec       0x2c c:\Users\tooy0\AppData\Roaming\Code\User\globalStorage\vexrobotics.vexcode\sdk\cpp\IQ2\IQ2_20250520_15_00_00/vexiq2/gcc/libs\libc_nano.a(lib_a-findfp.o)
                0x200147ec                __sfmoreglue
 .text.__sinit  0x20014818       0x60 c:\Users\tooy0\AppData\Roaming\Code\User\globalStorage\vexrobotics.vexcode\sdk\cpp\IQ2\IQ2_20250520_15_00_00/vexiq2/gcc/libs\libc_nano.a(lib_a-findfp.o)
                0x20014818                __sinit
 .text.__sfp    0x20014878       0x78 c:\Users\tooy0\AppData\Roaming\Code\User\globalStorage\vexrobotics.vexcode\sdk\cpp\IQ2\IQ2_20250520_15_00_00/vexiq2/gcc/libs\libc_nano.a(lib_a-findfp.o)
                0x20014878                __sfp
 .text._fwalk_reent
                0x200148f0       0x3c c:\Users\tooy0\AppData\Roaming\Code\User\globalStorage\vexrobotics.vexcode\sdk\cpp\IQ2\IQ2_20250520_15_00_00/vexiq2/gcc/libs\libc_nano.a(lib_a-fwalk.o)
                0x200148f0                _fwalk_reent
 .text.__libc_init_array
                0x2001492c       0x48 c:\Users\tooy0\AppData\Roaming\Code\User\globalStorage\vexrobotics.vexcode\sdk\cpp\IQ2\IQ2_20250520_15_00_00/vexiq2/gcc/libs\libc_nano.a(lib_a-init.o)
                0x2001492c                __libc_init_array
 .text.__swhatbuf_r
                0x20014974       0x48 c:\Users\tooy0\AppData\Roaming\Code\User\globalStorage\vexrobotics.vexcode\sdk\cpp\IQ2\IQ2_20250520_15_00_00/vexiq2/gcc/libs\libc_nano.a(lib_a-makebuf.o)
                0x20014974                __swhatbuf_r
 .text.__smakebuf_r
                0x200149bc       0x80 c:\Users\tooy0\AppData\Roaming\Code\User\globalStorage\vexrobotics.vexcode\sdk\cpp\IQ2\IQ2_20250520_15_00_00/vexiq2/gcc/libs\libc_nano.a(lib_a-makebuf.o)
                0x200149bc                __smakebuf_r
 .text.memset   0x20014a3c       0x10 c:\Users\tooy0\AppData\Roaming\Code\User\globalStorage\vexrobotics.vexcode\sdk\cpp\IQ2\IQ2_20250520_15_00_00/vexiq2/gcc/libs\libc_nano.a(lib_a-memset.o)
                0x20014a3c                memset
 .text._free_r  0x20014a4c       0x9c c:\Users\tooy0\AppData\Roaming\Code\User\globalStorage\vexrobotics.vexcode\sdk\cpp\IQ2\IQ2_20250520_15_00_00/vexiq2/gcc/libs\libc_nano.a(lib_a-nano-freer.o)
                0x20014a4c                _free_r
 .text._malloc_r
                0x20014ae8       0xb4 c:\Users\tooy0\AppData\Roaming\Code\User\globalStorage\vexrobotics.vexcode\sdk\cpp\IQ2\IQ2_20250520_15_00_00/vexiq2/gcc/libs\libc_nano.a(lib_a-nano-mallocr.o)
                0x20014ae8                _malloc_r
 .text.printf   0x20014b9c       0x30 c:\Users\tooy0\AppData\Roaming\Code\User\globalStorage\vexrobotics.vexcode\sdk\cpp\IQ2\IQ2_20250520_15_00_00/vexiq2/gcc/libs\libc_nano.a(lib_a-printf.o)
                0x20014b9c                iprintf
                0x20014b9c                printf
 .text.srand    0x20014bcc       0x48 c:\Users\tooy0\AppData\Roaming\Code\User\globalStorage\vexrobotics.vexcode\sdk\cpp\IQ2\IQ2_20250520_15_00_00/vexiq2/gcc/libs\libc_nano.a(lib_a-rand.o)
                0x20014bcc                srand
 .text._sbrk_r  0x20014c14       0x20 c:\Users\tooy0\AppData\Roaming\Code\User\globalStorage\vexrobotics.vexcode\sdk\cpp\IQ2\IQ2_20250520_15_00_00/vexiq2/gcc/libs\libc_nano.a(lib_a-sbrkr.o)
                0x20014c14                _sbrk_r
 .text.__sread  0x20014c34       0x22 c:\Users\tooy0\AppData\Roaming\Code\User\globalStorage\vexrobotics.vexcode\sdk\cpp\IQ2\IQ2_20250520_15_00_00/vexiq2/gcc/libs\libc_nano.a(lib_a-stdio.o)
                0x20014c34                __sread
 .text.__swrite
                0x20014c56       0x38 c:\Users\tooy0\AppData\Roaming\Code\User\globalStorage\vexrobotics.vexcode\sdk\cpp\IQ2\IQ2_20250520_15_00_00/vexiq2/gcc/libs\libc_nano.a(lib_a-stdio.o)
                0x20014c56                __swrite
 .text.__sseek  0x20014c8e       0x24 c:\Users\tooy0\AppData\Roaming\Code\User\globalStorage\vexrobotics.vexcode\sdk\cpp\IQ2\IQ2_20250520_15_00_00/vexiq2/gcc/libs\libc_nano.a(lib_a-stdio.o)
                0x20014c8e                __sseek
 .text.__sclose
                0x20014cb2        0x8 c:\Users\tooy0\AppData\Roaming\Code\User\globalStorage\vexrobotics.vexcode\sdk\cpp\IQ2\IQ2_20250520_15_00_00/vexiq2/gcc/libs\libc_nano.a(lib_a-stdio.o)
                0x20014cb2                __sclose
 *fill*         0x20014cba        0x2 
 .text.__swbuf_r
                0x20014cbc       0xa4 c:\Users\tooy0\AppData\Roaming\Code\User\globalStorage\vexrobotics.vexcode\sdk\cpp\IQ2\IQ2_20250520_15_00_00/vexiq2/gcc/libs\libc_nano.a(lib_a-wbuf.o)
                0x20014cbc                __swbuf_r
 .text._write_r
                0x20014d60       0x24 c:\Users\tooy0\AppData\Roaming\Code\User\globalStorage\vexrobotics.vexcode\sdk\cpp\IQ2\IQ2_20250520_15_00_00/vexiq2/gcc/libs\libc_nano.a(lib_a-writer.o)
                0x20014d60                _write_r
 .text.__swsetup_r
                0x20014d84       0xdc c:\Users\tooy0\AppData\Roaming\Code\User\globalStorage\vexrobotics.vexcode\sdk\cpp\IQ2\IQ2_20250520_15_00_00/vexiq2/gcc/libs\libc_nano.a(lib_a-wsetup.o)
                0x20014d84                __swsetup_r
 .text._close_r
                0x20014e60       0x20 c:\Users\tooy0\AppData\Roaming\Code\User\globalStorage\vexrobotics.vexcode\sdk\cpp\IQ2\IQ2_20250520_15_00_00/vexiq2/gcc/libs\libc_nano.a(lib_a-closer.o)
                0x20014e60                _close_r
 .text._fstat_r
                0x20014e80       0x24 c:\Users\tooy0\AppData\Roaming\Code\User\globalStorage\vexrobotics.vexcode\sdk\cpp\IQ2\IQ2_20250520_15_00_00/vexiq2/gcc/libs\libc_nano.a(lib_a-fstatr.o)
                0x20014e80                _fstat_r
 .text._isatty_r
                0x20014ea4       0x20 c:\Users\tooy0\AppData\Roaming\Code\User\globalStorage\vexrobotics.vexcode\sdk\cpp\IQ2\IQ2_20250520_15_00_00/vexiq2/gcc/libs\libc_nano.a(lib_a-isattyr.o)
                0x20014ea4                _isatty_r
 .text._lseek_r
                0x20014ec4       0x24 c:\Users\tooy0\AppData\Roaming\Code\User\globalStorage\vexrobotics.vexcode\sdk\cpp\IQ2\IQ2_20250520_15_00_00/vexiq2/gcc/libs\libc_nano.a(lib_a-lseekr.o)
                0x20014ec4                _lseek_r
 .text.malloc   0x20014ee8       0x10 c:\Users\tooy0\AppData\Roaming\Code\User\globalStorage\vexrobotics.vexcode\sdk\cpp\IQ2\IQ2_20250520_15_00_00/vexiq2/gcc/libs\libc_nano.a(lib_a-malloc.o)
                0x20014ee8                malloc
 .text.free     0x20014ef8       0x10 c:\Users\tooy0\AppData\Roaming\Code\User\globalStorage\vexrobotics.vexcode\sdk\cpp\IQ2\IQ2_20250520_15_00_00/vexiq2/gcc/libs\libc_nano.a(lib_a-malloc.o)
                0x20014ef8                free
 .text.__malloc_lock
                0x20014f08        0x2 c:\Users\tooy0\AppData\Roaming\Code\User\globalStorage\vexrobotics.vexcode\sdk\cpp\IQ2\IQ2_20250520_15_00_00/vexiq2/gcc/libs\libc_nano.a(lib_a-mlock.o)
                0x20014f08                __malloc_lock
 .text.__malloc_unlock
                0x20014f0a        0x2 c:\Users\tooy0\AppData\Roaming\Code\User\globalStorage\vexrobotics.vexcode\sdk\cpp\IQ2\IQ2_20250520_15_00_00/vexiq2/gcc/libs\libc_nano.a(lib_a-mlock.o)
                0x20014f0a                __malloc_unlock
 .text.__sfputc_r
                0x20014f0c       0x2e c:\Users\tooy0\AppData\Roaming\Code\User\globalStorage\vexrobotics.vexcode\sdk\cpp\IQ2\IQ2_20250520_15_00_00/vexiq2/gcc/libs\libc_nano.a(lib_a-nano-vfprintf.o)
 .text.__sfputs_r
                0x20014f3a       0x24 c:\Users\tooy0\AppData\Roaming\Code\User\globalStorage\vexrobotics.vexcode\sdk\cpp\IQ2\IQ2_20250520_15_00_00/vexiq2/gcc/libs\libc_nano.a(lib_a-nano-vfprintf.o)
                0x20014f3a                __sfputs_r
 *fill*         0x20014f5e        0x2 
 .text._vfprintf_r
                0x20014f60      0x22c c:\Users\tooy0\AppData\Roaming\Code\User\globalStorage\vexrobotics.vexcode\sdk\cpp\IQ2\IQ2_20250520_15_00_00/vexiq2/gcc/libs\libc_nano.a(lib_a-nano-vfprintf.o)
                0x20014f60                _vfprintf_r
                0x20014f60                _vfiprintf_r
 .text._printf_common
                0x2001518c       0xea c:\Users\tooy0\AppData\Roaming\Code\User\globalStorage\vexrobotics.vexcode\sdk\cpp\IQ2\IQ2_20250520_15_00_00/vexiq2/gcc/libs\libc_nano.a(lib_a-nano-vfprintf_i.o)
                0x2001518c                _printf_common
 *fill*         0x20015276        0x2 
 .text._printf_i
                0x20015278      0x224 c:\Users\tooy0\AppData\Roaming\Code\User\globalStorage\vexrobotics.vexcode\sdk\cpp\IQ2\IQ2_20250520_15_00_00/vexiq2/gcc/libs\libc_nano.a(lib_a-nano-vfprintf_i.o)
                0x20015278                _printf_i
 .text._read_r  0x2001549c       0x24 c:\Users\tooy0\AppData\Roaming\Code\User\globalStorage\vexrobotics.vexcode\sdk\cpp\IQ2\IQ2_20250520_15_00_00/vexiq2/gcc/libs\libc_nano.a(lib_a-readr.o)
                0x2001549c                _read_r
 .text._ZdlPv   0x200154c0        0x4 c:\Users\tooy0\AppData\Roaming\Code\User\globalStorage\vexrobotics.vexcode\sdk\cpp\IQ2\IQ2_20250520_15_00_00/vexiq2/gcc/libs\libstdc++_nano.a(del_op.o)
                0x200154c0                operator delete(void*)
 .text.fmod     0x200154c4       0xd0 c:\Users\tooy0\AppData\Roaming\Code\User\globalStorage\vexrobotics.vexcode\sdk\cpp\IQ2\IQ2_20250520_15_00_00/vexiq2/gcc/libs\libm.a(lib_a-w_fmod.o)
                0x200154c4                fmod
 .text.__ieee754_fmod
                0x20015594      0x248 c:\Users\tooy0\AppData\Roaming\Code\User\globalStorage\vexrobotics.vexcode\sdk\cpp\IQ2\IQ2_20250520_15_00_00/vexiq2/gcc/libs\libm.a(lib_a-e_fmod.o)
                0x20015594                __ieee754_fmod
 .text.matherr  0x200157dc        0x4 c:\Users\tooy0\AppData\Roaming\Code\User\globalStorage\vexrobotics.vexcode\sdk\cpp\IQ2\IQ2_20250520_15_00_00/vexiq2/gcc/libs\libm.a(lib_a-s_matherr.o)
                0x200157dc                matherr
 .text.__errno  0x200157e0        0xc c:\Users\tooy0\AppData\Roaming\Code\User\globalStorage\vexrobotics.vexcode\sdk\cpp\IQ2\IQ2_20250520_15_00_00/vexiq2\libviq2rt.a(iq2_fstubs.c.o)
                0x200157e0                __errno
 .text._fstat   0x200157ec       0x1e c:\Users\tooy0\AppData\Roaming\Code\User\globalStorage\vexrobotics.vexcode\sdk\cpp\IQ2\IQ2_20250520_15_00_00/vexiq2\libviq2rt.a(iq2_fstubs.c.o)
                0x200157ec                _fstat
 .text._lseek   0x2001580a       0x1c c:\Users\tooy0\AppData\Roaming\Code\User\globalStorage\vexrobotics.vexcode\sdk\cpp\IQ2\IQ2_20250520_15_00_00/vexiq2\libviq2rt.a(iq2_fstubs.c.o)
                0x2001580a                _lseek
 .text._close   0x20015826       0x14 c:\Users\tooy0\AppData\Roaming\Code\User\globalStorage\vexrobotics.vexcode\sdk\cpp\IQ2\IQ2_20250520_15_00_00/vexiq2\libviq2rt.a(iq2_fstubs.c.o)
                0x20015826                _close
 .text._read    0x2001583a       0x1c c:\Users\tooy0\AppData\Roaming\Code\User\globalStorage\vexrobotics.vexcode\sdk\cpp\IQ2\IQ2_20250520_15_00_00/vexiq2\libviq2rt.a(iq2_fstubs.c.o)
                0x2001583a                _read
 .text._write   0x20015856       0x28 c:\Users\tooy0\AppData\Roaming\Code\User\globalStorage\vexrobotics.vexcode\sdk\cpp\IQ2\IQ2_20250520_15_00_00/vexiq2\libviq2rt.a(iq2_fstubs.c.o)
                0x20015856                _write
 .text._isatty  0x2001587e       0x14 c:\Users\tooy0\AppData\Roaming\Code\User\globalStorage\vexrobotics.vexcode\sdk\cpp\IQ2\IQ2_20250520_15_00_00/vexiq2\libviq2rt.a(iq2_fstubs.c.o)
                0x2001587e                _isatty
 *(.gnu.linkonce.t.*)
 *(.plt)
 *(.gnu_warning)
 *(.gcc_except_table)
 *(.glue_7)
 .glue_7        0x00000000        0x0 linker stubs
 *(.glue_7t)
 .glue_7t       0x00000000        0x0 linker stubs
 *(.vfp11_veneer)
 .vfp11_veneer  0x00000000        0x0 linker stubs
 *(.ARM.extab)
 *(.gnu.linkonce.armextab.*)

.v4_bx          0x20015894        0x0
 .v4_bx         0x00000000        0x0 linker stubs

.iplt           0x20015894        0x0
 .iplt          0x00000000        0x0 build/src/main.o

.init
 *(.init)

.fini
 *(.fini)

.rodata         0x20015898      0x280
                0x20015898                __rodata_start = .
 *(.rodata)
 *(.rodata.*)
 .rodata.str1.1
                0x20015898       0x35 build/src/main.o
 .rodata.str1.1
                0x200158cd       0x22 c:\Users\tooy0\AppData\Roaming\Code\User\globalStorage\vexrobotics.vexcode\sdk\cpp\IQ2\IQ2_20250520_15_00_00/vexiq2\libviq2rt.a(iq2_startup.c.o)
 *fill*         0x200158ef        0x1 
 .rodata._ZN3vex9cylinder2E
                0x200158f0        0x4 c:\Users\tooy0\AppData\Roaming\Code\User\globalStorage\vexrobotics.vexcode\sdk\cpp\IQ2\IQ2_20250520_15_00_00/vexiq2\libviq2rt.a(vex_global.cpp.o)
                0x200158f0                vex::cylinder2
 .rodata._ZN3vex6purpleE
                0x200158f4        0x4 c:\Users\tooy0\AppData\Roaming\Code\User\globalStorage\vexrobotics.vexcode\sdk\cpp\IQ2\IQ2_20250520_15_00_00/vexiq2\libviq2rt.a(vex_global.cpp.o)
                0x200158f4                vex::purple
 .rodata._ZN3vex5PORT3E
                0x200158f8        0x4 c:\Users\tooy0\AppData\Roaming\Code\User\globalStorage\vexrobotics.vexcode\sdk\cpp\IQ2\IQ2_20250520_15_00_00/vexiq2\libviq2rt.a(vex_global.cpp.o)
                0x200158f8                vex::PORT3
 .rodata._ZN3vex5PORT1E
                0x200158fc        0x4 c:\Users\tooy0\AppData\Roaming\Code\User\globalStorage\vexrobotics.vexcode\sdk\cpp\IQ2\IQ2_20250520_15_00_00/vexiq2\libviq2rt.a(vex_global.cpp.o)
                0x200158fc                vex::PORT1
 .rodata._ZN3vex7reverseE
                0x20015900        0x4 c:\Users\tooy0\AppData\Roaming\Code\User\globalStorage\vexrobotics.vexcode\sdk\cpp\IQ2\IQ2_20250520_15_00_00/vexiq2\libviq2rt.a(vex_global.cpp.o)
                0x20015900                vex::reverse
 .rodata._ZN3vex6PORT10E
                0x20015904        0x4 c:\Users\tooy0\AppData\Roaming\Code\User\globalStorage\vexrobotics.vexcode\sdk\cpp\IQ2\IQ2_20250520_15_00_00/vexiq2\libviq2rt.a(vex_global.cpp.o)
                0x20015904                vex::PORT10
 .rodata._ZN3vex5yaxisE
                0x20015908        0x4 c:\Users\tooy0\AppData\Roaming\Code\User\globalStorage\vexrobotics.vexcode\sdk\cpp\IQ2\IQ2_20250520_15_00_00/vexiq2\libviq2rt.a(vex_global.cpp.o)
                0x20015908                vex::yaxis
 .rodata._ZN3vex5PORT5E
                0x2001590c        0x4 c:\Users\tooy0\AppData\Roaming\Code\User\globalStorage\vexrobotics.vexcode\sdk\cpp\IQ2\IQ2_20250520_15_00_00/vexiq2\libviq2rt.a(vex_global.cpp.o)
                0x2001590c                vex::PORT5
 .rodata._ZN3vex7forwardE
                0x20015910        0x4 c:\Users\tooy0\AppData\Roaming\Code\User\globalStorage\vexrobotics.vexcode\sdk\cpp\IQ2\IQ2_20250520_15_00_00/vexiq2\libviq2rt.a(vex_global.cpp.o)
                0x20015910                vex::forward
 .rodata._ZN3vex7secondsE
                0x20015914        0x4 c:\Users\tooy0\AppData\Roaming\Code\User\globalStorage\vexrobotics.vexcode\sdk\cpp\IQ2\IQ2_20250520_15_00_00/vexiq2\libviq2rt.a(vex_global.cpp.o)
                0x20015914                vex::seconds
 .rodata._ZN3vex5zaxisE
                0x20015918        0x4 c:\Users\tooy0\AppData\Roaming\Code\User\globalStorage\vexrobotics.vexcode\sdk\cpp\IQ2\IQ2_20250520_15_00_00/vexiq2\libviq2rt.a(vex_global.cpp.o)
                0x20015918                vex::zaxis
 .rodata._ZN3vex5xaxisE
                0x2001591c        0x4 c:\Users\tooy0\AppData\Roaming\Code\User\globalStorage\vexrobotics.vexcode\sdk\cpp\IQ2\IQ2_20250520_15_00_00/vexiq2\libviq2rt.a(vex_global.cpp.o)
                0x2001591c                vex::xaxis
 .rodata._ZN3vex3redE
                0x20015920        0x4 c:\Users\tooy0\AppData\Roaming\Code\User\globalStorage\vexrobotics.vexcode\sdk\cpp\IQ2\IQ2_20250520_15_00_00/vexiq2\libviq2rt.a(vex_global.cpp.o)
                0x20015920                vex::red
 .rodata._ZN3vex4msecE
                0x20015924        0x4 c:\Users\tooy0\AppData\Roaming\Code\User\globalStorage\vexrobotics.vexcode\sdk\cpp\IQ2\IQ2_20250520_15_00_00/vexiq2\libviq2rt.a(vex_global.cpp.o)
                0x20015924                vex::msec
 .rodata._ZN3vex5PORT9E
                0x20015928        0x4 c:\Users\tooy0\AppData\Roaming\Code\User\globalStorage\vexrobotics.vexcode\sdk\cpp\IQ2\IQ2_20250520_15_00_00/vexiq2\libviq2rt.a(vex_global.cpp.o)
                0x20015928                vex::PORT9
 .rodata._ZN3vex5PORT2E
                0x2001592c        0x4 c:\Users\tooy0\AppData\Roaming\Code\User\globalStorage\vexrobotics.vexcode\sdk\cpp\IQ2\IQ2_20250520_15_00_00/vexiq2\libviq2rt.a(vex_global.cpp.o)
                0x2001592c                vex::PORT2
 .rodata._ZN3vex6PORT11E
                0x20015930        0x4 c:\Users\tooy0\AppData\Roaming\Code\User\globalStorage\vexrobotics.vexcode\sdk\cpp\IQ2\IQ2_20250520_15_00_00/vexiq2\libviq2rt.a(vex_global.cpp.o)
                0x20015930                vex::PORT11
 .rodata._ZN3vex5PORT6E
                0x20015934        0x4 c:\Users\tooy0\AppData\Roaming\Code\User\globalStorage\vexrobotics.vexcode\sdk\cpp\IQ2\IQ2_20250520_15_00_00/vexiq2\libviq2rt.a(vex_global.cpp.o)
                0x20015934                vex::PORT6
 .rodata._ZN3vex7percentE
                0x20015938        0x4 c:\Users\tooy0\AppData\Roaming\Code\User\globalStorage\vexrobotics.vexcode\sdk\cpp\IQ2\IQ2_20250520_15_00_00/vexiq2\libviq2rt.a(vex_global.cpp.o)
                0x20015938                vex::percent
 .rodata._ZN3vex7degreesE
                0x2001593c        0x4 c:\Users\tooy0\AppData\Roaming\Code\User\globalStorage\vexrobotics.vexcode\sdk\cpp\IQ2\IQ2_20250520_15_00_00/vexiq2\libviq2rt.a(vex_global.cpp.o)
                0x2001593c                vex::degrees
 .rodata._ZN3vex6orangeE
                0x20015940        0x4 c:\Users\tooy0\AppData\Roaming\Code\User\globalStorage\vexrobotics.vexcode\sdk\cpp\IQ2\IQ2_20250520_15_00_00/vexiq2\libviq2rt.a(vex_global.cpp.o)
                0x20015940                vex::orange
 .rodata._ZN3vex4holdE
                0x20015944        0x4 c:\Users\tooy0\AppData\Roaming\Code\User\globalStorage\vexrobotics.vexcode\sdk\cpp\IQ2\IQ2_20250520_15_00_00/vexiq2\libviq2rt.a(vex_global.cpp.o)
                0x20015944                vex::hold
 .rodata._ZN3vex6PORT12E
                0x20015948        0x4 c:\Users\tooy0\AppData\Roaming\Code\User\globalStorage\vexrobotics.vexcode\sdk\cpp\IQ2\IQ2_20250520_15_00_00/vexiq2\libviq2rt.a(vex_global.cpp.o)
                0x20015948                vex::PORT12
 .rodata._ZN3vex5PORT7E
                0x2001594c        0x4 c:\Users\tooy0\AppData\Roaming\Code\User\globalStorage\vexrobotics.vexcode\sdk\cpp\IQ2\IQ2_20250520_15_00_00/vexiq2\libviq2rt.a(vex_global.cpp.o)
                0x2001594c                vex::PORT7
 .rodata._ZN3vex2mmE
                0x20015950        0x4 c:\Users\tooy0\AppData\Roaming\Code\User\globalStorage\vexrobotics.vexcode\sdk\cpp\IQ2\IQ2_20250520_15_00_00/vexiq2\libviq2rt.a(vex_global.cpp.o)
                0x20015950                vex::mm
 .rodata._ZN3vex5brakeE
                0x20015954        0x4 c:\Users\tooy0\AppData\Roaming\Code\User\globalStorage\vexrobotics.vexcode\sdk\cpp\IQ2\IQ2_20250520_15_00_00/vexiq2\libviq2rt.a(vex_global.cpp.o)
                0x20015954                vex::brake
 .rodata._ZN3vex5coastE
                0x20015958        0x4 c:\Users\tooy0\AppData\Roaming\Code\User\globalStorage\vexrobotics.vexcode\sdk\cpp\IQ2\IQ2_20250520_15_00_00/vexiq2\libviq2rt.a(vex_global.cpp.o)
                0x20015958                vex::coast
 .rodata._ZN3vex5PORT4E
                0x2001595c        0x4 c:\Users\tooy0\AppData\Roaming\Code\User\globalStorage\vexrobotics.vexcode\sdk\cpp\IQ2\IQ2_20250520_15_00_00/vexiq2\libviq2rt.a(vex_global.cpp.o)
                0x2001595c                vex::PORT4
 .rodata._ZN3vex9cylinder1E
                0x20015960        0x4 c:\Users\tooy0\AppData\Roaming\Code\User\globalStorage\vexrobotics.vexcode\sdk\cpp\IQ2\IQ2_20250520_15_00_00/vexiq2\libviq2rt.a(vex_global.cpp.o)
                0x20015960                vex::cylinder1
 .rodata._ZN3vex5PORT8E
                0x20015964        0x4 c:\Users\tooy0\AppData\Roaming\Code\User\globalStorage\vexrobotics.vexcode\sdk\cpp\IQ2\IQ2_20250520_15_00_00/vexiq2\libviq2rt.a(vex_global.cpp.o)
                0x20015964                vex::PORT8
 .rodata._ZN3vex6inchesE
                0x20015968        0x4 c:\Users\tooy0\AppData\Roaming\Code\User\globalStorage\vexrobotics.vexcode\sdk\cpp\IQ2\IQ2_20250520_15_00_00/vexiq2\libviq2rt.a(vex_global.cpp.o)
                0x20015968                vex::inches
 .rodata.str1.1
                0x2001596c       0x14 c:\Users\tooy0\AppData\Roaming\Code\User\globalStorage\vexrobotics.vexcode\sdk\cpp\IQ2\IQ2_20250520_15_00_00/vexiq2\libviq2rt.a(vex_thread.cpp.o)
 .rodata.str1.1
                0x20015980       0x20 c:\Users\tooy0\AppData\Roaming\Code\User\globalStorage\vexrobotics.vexcode\sdk\cpp\IQ2\IQ2_20250520_15_00_00/vexiq2\libviq2rt.a(vex_brain.cpp.o)
 .rodata._ZTVN3vex5motorE
                0x200159a0       0x10 c:\Users\tooy0\AppData\Roaming\Code\User\globalStorage\vexrobotics.vexcode\sdk\cpp\IQ2\IQ2_20250520_15_00_00/vexiq2\libviq2rt.a(vex_motor.cpp.o)
                0x200159a0                vtable for vex::motor
 .rodata._ZTVN3vex8touchledE
                0x200159b0       0x10 c:\Users\tooy0\AppData\Roaming\Code\User\globalStorage\vexrobotics.vexcode\sdk\cpp\IQ2\IQ2_20250520_15_00_00/vexiq2\libviq2rt.a(vex_touchled.cpp.o)
                0x200159b0                vtable for vex::touchled
 .rodata._ZTVN3vex8inertialE
                0x200159c0       0x68 c:\Users\tooy0\AppData\Roaming\Code\User\globalStorage\vexrobotics.vexcode\sdk\cpp\IQ2\IQ2_20250520_15_00_00/vexiq2\libviq2rt.a(vex_imu.cpp.o)
                0x200159c0                vtable for vex::inertial
 .rodata._ZTVN3vex8distanceE
                0x20015a28       0x10 c:\Users\tooy0\AppData\Roaming\Code\User\globalStorage\vexrobotics.vexcode\sdk\cpp\IQ2\IQ2_20250520_15_00_00/vexiq2\libviq2rt.a(vex_distance.cpp.o)
                0x20015a28                vtable for vex::distance
 .rodata._ZTVN3vex8aivisionE
                0x20015a38       0x10 c:\Users\tooy0\AppData\Roaming\Code\User\globalStorage\vexrobotics.vexcode\sdk\cpp\IQ2\IQ2_20250520_15_00_00/vexiq2\libviq2rt.a(vex_aivision.cpp.o)
                0x20015a38                vtable for vex::aivision
 .rodata._ZTVN3vex9pneumaticE
                0x20015a48       0x10 c:\Users\tooy0\AppData\Roaming\Code\User\globalStorage\vexrobotics.vexcode\sdk\cpp\IQ2\IQ2_20250520_15_00_00/vexiq2\libviq2rt.a(vex_pneumatic.cpp.o)
                0x20015a48                vtable for vex::pneumatic
 .rodata._ZTVN3vex6deviceE
                0x20015a58       0x10 c:\Users\tooy0\AppData\Roaming\Code\User\globalStorage\vexrobotics.vexcode\sdk\cpp\IQ2\IQ2_20250520_15_00_00/vexiq2\libviq2rt.a(vex_device.cpp.o)
                0x20015a58                vtable for vex::device
 .rodata.__sf_fake_stderr
                0x20015a68       0x20 c:\Users\tooy0\AppData\Roaming\Code\User\globalStorage\vexrobotics.vexcode\sdk\cpp\IQ2\IQ2_20250520_15_00_00/vexiq2/gcc/libs\libc_nano.a(lib_a-findfp.o)
                0x20015a68                __sf_fake_stderr
 .rodata.__sf_fake_stdin
                0x20015a88       0x20 c:\Users\tooy0\AppData\Roaming\Code\User\globalStorage\vexrobotics.vexcode\sdk\cpp\IQ2\IQ2_20250520_15_00_00/vexiq2/gcc/libs\libc_nano.a(lib_a-findfp.o)
                0x20015a88                __sf_fake_stdin
 .rodata.__sf_fake_stdout
                0x20015aa8       0x20 c:\Users\tooy0\AppData\Roaming\Code\User\globalStorage\vexrobotics.vexcode\sdk\cpp\IQ2\IQ2_20250520_15_00_00/vexiq2/gcc/libs\libc_nano.a(lib_a-findfp.o)
                0x20015aa8                __sf_fake_stdout
 .rodata._global_impure_ptr