Archive member included because of file (symbol)

c:\Users\tooy0\AppData\Roaming\Code\User\globalStorage\vexrobotics.vexcode\sdk\cpp\IQ2\IQ2_20250520_15_00_00/vexiq2\libviq2rt.a(iq2_startup.c.o)
                              (vexStartup)
c:\Users\tooy0\AppData\Roaming\Code\User\globalStorage\vexrobotics.vexcode\sdk\cpp\IQ2\IQ2_20250520_15_00_00/vexiq2\libviq2rt.a(iq2_apijump.c.o)
                              c:\Users\tooy0\AppData\Roaming\Code\User\globalStorage\vexrobotics.vexcode\sdk\cpp\IQ2\IQ2_20250520_15_00_00/vexiq2\libviq2rt.a(iq2_startup.c.o) (vexTaskAdd)
c:\Users\tooy0\AppData\Roaming\Code\User\globalStorage\vexrobotics.vexcode\sdk\cpp\IQ2\IQ2_20250520_15_00_00/vexiq2\libviq2rt.a(iq2_apiversions.c.o)
                              c:\Users\tooy0\AppData\Roaming\Code\User\globalStorage\vexrobotics.vexcode\sdk\cpp\IQ2\IQ2_20250520_15_00_00/vexiq2\libviq2rt.a(iq2_apijump.c.o) (vexSystemVersion)
c:\Users\tooy0\AppData\Roaming\Code\User\globalStorage\vexrobotics.vexcode\sdk\cpp\IQ2\IQ2_20250520_15_00_00/vexiq2\libviq2rt.a(vex_global.cpp.o)
                              build/src/main.o (vex::wait(double, vex::timeUnits))
c:\Users\tooy0\AppData\Roaming\Code\User\globalStorage\vexrobotics.vexcode\sdk\cpp\IQ2\IQ2_20250520_15_00_00/vexiq2\libviq2rt.a(vex_color.cpp.o)
                              build/src/main.o (vex::color::~color())
c:\Users\tooy0\AppData\Roaming\Code\User\globalStorage\vexrobotics.vexcode\sdk\cpp\IQ2\IQ2_20250520_15_00_00/vexiq2\libviq2rt.a(vex_task.cpp.o)
                              build/src/main.o (vex::task::task(int (*)()))
c:\Users\tooy0\AppData\Roaming\Code\User\globalStorage\vexrobotics.vexcode\sdk\cpp\IQ2\IQ2_20250520_15_00_00/vexiq2\libviq2rt.a(vex_thread.cpp.o)
                              c:\Users\tooy0\AppData\Roaming\Code\User\globalStorage\vexrobotics.vexcode\sdk\cpp\IQ2\IQ2_20250520_15_00_00/vexiq2\libviq2rt.a(vex_global.cpp.o) (vex::this_thread::sleep_for(unsigned long))
c:\Users\tooy0\AppData\Roaming\Code\User\globalStorage\vexrobotics.vexcode\sdk\cpp\IQ2\IQ2_20250520_15_00_00/vexiq2\libviq2rt.a(vex_brain.cpp.o)
                              build/src/main.o (vex::brain::~brain())
c:\Users\tooy0\AppData\Roaming\Code\User\globalStorage\vexrobotics.vexcode\sdk\cpp\IQ2\IQ2_20250520_15_00_00/vexiq2\libviq2rt.a(vex_timer.cpp.o)
                              c:\Users\tooy0\AppData\Roaming\Code\User\globalStorage\vexrobotics.vexcode\sdk\cpp\IQ2\IQ2_20250520_15_00_00/vexiq2\libviq2rt.a(vex_brain.cpp.o) (vex::timer::~timer())
c:\Users\tooy0\AppData\Roaming\Code\User\globalStorage\vexrobotics.vexcode\sdk\cpp\IQ2\IQ2_20250520_15_00_00/vexiq2\libviq2rt.a(vex_touchled.cpp.o)
                              build/src/main.o (vex::touchled::touchled(long))
c:\Users\tooy0\AppData\Roaming\Code\User\globalStorage\vexrobotics.vexcode\sdk\cpp\IQ2\IQ2_20250520_15_00_00/vexiq2\libviq2rt.a(vex_imu.cpp.o)
                              build/src/main.o (vex::inertial::~inertial())
c:\Users\tooy0\AppData\Roaming\Code\User\globalStorage\vexrobotics.vexcode\sdk\cpp\IQ2\IQ2_20250520_15_00_00/vexiq2\libviq2rt.a(vex_event.cpp.o)
                              c:\Users\tooy0\AppData\Roaming\Code\User\globalStorage\vexrobotics.vexcode\sdk\cpp\IQ2\IQ2_20250520_15_00_00/vexiq2\libviq2rt.a(vex_brain.cpp.o) (vex::event::init(unsigned long, unsigned long, void (*)()))
c:\Users\tooy0\AppData\Roaming\Code\User\globalStorage\vexrobotics.vexcode\sdk\cpp\IQ2\IQ2_20250520_15_00_00/vexiq2\libviq2rt.a(vex_device.cpp.o)
                              c:\Users\tooy0\AppData\Roaming\Code\User\globalStorage\vexrobotics.vexcode\sdk\cpp\IQ2\IQ2_20250520_15_00_00/vexiq2\libviq2rt.a(vex_touchled.cpp.o) (vex::device::~device())
c:\Users\tooy0\AppData\Roaming\Code\User\globalStorage\vexrobotics.vexcode\sdk\cpp\IQ2\IQ2_20250520_15_00_00/vexiq2/gcc/libs\libc_nano.a(lib_a-aeabi_atexit.o)
                              c:\Users\tooy0\AppData\Roaming\Code\User\globalStorage\vexrobotics.vexcode\sdk\cpp\IQ2\IQ2_20250520_15_00_00/vexiq2\libviq2rt.a(vex_color.cpp.o) (__aeabi_atexit)
c:\Users\tooy0\AppData\Roaming\Code\User\globalStorage\vexrobotics.vexcode\sdk\cpp\IQ2\IQ2_20250520_15_00_00/vexiq2/gcc/libs\libc_nano.a(lib_a-fclose.o)
                              c:\Users\tooy0\AppData\Roaming\Code\User\globalStorage\vexrobotics.vexcode\sdk\cpp\IQ2\IQ2_20250520_15_00_00/vexiq2\libviq2rt.a(vex_brain.cpp.o) (fclose)
c:\Users\tooy0\AppData\Roaming\Code\User\globalStorage\vexrobotics.vexcode\sdk\cpp\IQ2\IQ2_20250520_15_00_00/vexiq2/gcc/libs\libc_nano.a(lib_a-fflush.o)
                              c:\Users\tooy0\AppData\Roaming\Code\User\globalStorage\vexrobotics.vexcode\sdk\cpp\IQ2\IQ2_20250520_15_00_00/vexiq2/gcc/libs\libc_nano.a(lib_a-fclose.o) (__sflush_r)
c:\Users\tooy0\AppData\Roaming\Code\User\globalStorage\vexrobotics.vexcode\sdk\cpp\IQ2\IQ2_20250520_15_00_00/vexiq2/gcc/libs\libc_nano.a(lib_a-findfp.o)
[...]
Memory Configuration

Name             Origin             Length             Attributes
SRAM_1_2_3       0x20010000         0x00018000         xrw
*default*        0x00000000         0xffffffff

Linker script and memory map

                0x00000020                _STACK_SIZE = DEFINED (_STACK_SIZE)?_STACK_SIZE:0x20
                0x00001000                _HEAP_SIZE = DEFINED (_HEAP_SIZE)?_HEAP_SIZE:0x1000

.text           0x20010000     0x1dcc
 *(.vectors)
 *(.boot_data)
 .boot_data     0x20010000       0x10 c:\Users\tooy0\AppData\Roaming\Code\User\globalStorage\vexrobotics.vexcode\sdk\cpp\IQ2\IQ2_20250520_15_00_00/vexiq2\libviq2rt.a(iq2_startup.c.o)
                0x20010000                vexCodeSig
                0x00000020                . = 0x20
 *fill*         0x20010010       0x10 
 *(.boot)
 .boot          0x20010020       0x64 c:\Users\tooy0\AppData\Roaming\Code\User\globalStorage\vexrobotics.vexcode\sdk\cpp\IQ2\IQ2_20250520_15_00_00/vexiq2\libviq2rt.a(iq2_startup.c.o)
                0x20010020                vexStartup
                0x200100c0                . = ALIGN (0x40)
 *fill*         0x20010084       0x3c 
 *(.freertos_vectors)
 *(.text)
 .text          0x200100c0      0x378 c:\Users\tooy0\AppData\Roaming\Code\User\globalStorage\vexrobotics.vexcode\sdk\cpp\IQ2\IQ2_20250520_15_00_00/vexiq2/gcc/libs\libgcc.a(_arm_addsubdf3.o)
                0x200100c0                __aeabi_drsub
                0x200100c8                __aeabi_dsub
                0x200100c8                __subdf3
                0x200100cc                __aeabi_dadd
                0x200100cc                __adddf3
                0x20010344                __floatunsidf
                0x20010344                __aeabi_ui2d
                0x20010364                __floatsidf
                0x20010364                __aeabi_i2d
                0x20010388                __aeabi_f2d
                0x20010388                __extendsfdf2
                0x200103cc                __floatundidf
                0x200103cc                __aeabi_ul2d
                0x200103dc                __floatdidf
                0x200103dc                __aeabi_l2d
 .text          0x20010438      0x424 c:\Users\tooy0\AppData\Roaming\Code\User\globalStorage\vexrobotics.vexcode\sdk\cpp\IQ2\IQ2_20250520_15_00_00/vexiq2/gcc/libs\libgcc.a(_arm_muldivdf3.o)
                0x20010438                __aeabi_dmul
                0x20010438                __muldf3
                0x2001068c                __divdf3
                0x2001068c                __aeabi_ddiv
 .text          0x2001085c      0x110 c:\Users\tooy0\AppData\Roaming\Code\User\globalStorage\vexrobotics.vexcode\sdk\cpp\IQ2\IQ2_20250520_15_00_00/vexiq2/gcc/libs\libgcc.a(_arm_cmpdf2.o)
                0x2001085c                __gtdf2
                0x2001085c                __gedf2
                0x20010864                __ltdf2
                0x20010864                __ledf2
                0x2001086c                __nedf2
                0x2001086c                __eqdf2
                0x2001086c                __cmpdf2
                0x200108e8                __aeabi_cdrcmple
                0x200108f8                __aeabi_cdcmpeq
                0x200108f8                __aeabi_cdcmple
                0x20010908                __aeabi_dcmpeq
                0x2001091c                __aeabi_dcmplt
                0x20010930                __aeabi_dcmple
                0x20010944                __aeabi_dcmpge
                0x20010958                __aeabi_dcmpgt
 .text          0x2001096c       0x2c c:\Users\tooy0\AppData\Roaming\Code\User\globalStorage\vexrobotics.vexcode\sdk\cpp\IQ2\IQ2_20250520_15_00_00/vexiq2/gcc/libs\libgcc.a(_arm_unorddf2.o)
                0x2001096c                __unorddf2
                0x2001096c                __aeabi_dcmpun
 .text          0x20010998       0x50 c:\Users\tooy0\AppData\Roaming\Code\User\globalStorage\vexrobotics.vexcode\sdk\cpp\IQ2\IQ2_20250520_15_00_00/vexiq2/gcc/libs\libgcc.a(_arm_fixdfsi.o)
                0x20010998                __aeabi_d2iz
                0x20010998                __fixdfsi
 *(.text.*)
 .text._Z16printHeadingTaskv
                0x200109e8       0x78 build/src/main.o
                0x200109e8                printHeadingTask()
 .text._Z12whenStarted1v
                0x20010a60      0x1d8 build/src/main.o
                0x20010a60                whenStarted1()
 .text.main     0x20010c38       0x40 build/src/main.o
                0x20010c38                main
 .text._GLOBAL__sub_I_main.cpp
                0x20010c78       0x76 build/src/main.o
 *fill*         0x20010cee        0x2 
 .text.vexMain  0x20010cf0       0x60 c:\Users\tooy0\AppData\Roaming\Code\User\globalStorage\vexrobotics.vexcode\sdk\cpp\IQ2\IQ2_20250520_15_00_00/vexiq2\libviq2rt.a(iq2_startup.c.o)
                0x20010cf0                vexMain
 .text.__vex_function_prolog
                0x20010d50       0x10 c:\Users\tooy0\AppData\Roaming\Code\User\globalStorage\vexrobotics.vexcode\sdk\cpp\IQ2\IQ2_20250520_15_00_00/vexiq2\libviq2rt.a(iq2_startup.c.o)
                0x20010d50                __vex_function_prolog
 .text._init    0x20010d60        0x2 c:\Users\tooy0\AppData\Roaming\Code\User\globalStorage\vexrobotics.vexcode\sdk\cpp\IQ2\IQ2_20250520_15_00_00/vexiq2\libviq2rt.a(iq2_startup.c.o)
                0x20010d60                _init
 .text.__cxa_atexit
                0x20010d62        0x4 c:\Users\tooy0\AppData\Roaming\Code\User\globalStorage\vexrobotics.vexcode\sdk\cpp\IQ2\IQ2_20250520_15_00_00/vexiq2\libviq2rt.a(iq2_startup.c.o)
                0x20010d62                __cxa_atexit
 *fill*         0x20010d66        0x2 
 .text.vexTaskAdd
                0x20010d68        0xc c:\Users\tooy0\AppData\Roaming\Code\User\globalStorage\vexrobotics.vexcode\sdk\cpp\IQ2\IQ2_20250520_15_00_00/vexiq2\libviq2rt.a(iq2_apijump.c.o)
                0x20010d68                vexTaskAdd
 .text.vexTaskCheckTimeslice
                0x20010d74        0xc c:\Users\tooy0\AppData\Roaming\Code\User\globalStorage\vexrobotics.vexcode\sdk\cpp\IQ2\IQ2_20250520_15_00_00/vexiq2\libviq2rt.a(iq2_apijump.c.o)
                0x20010d74                vexTaskCheckTimeslice
 .text.vexTaskSleep
                0x20010d80        0xc c:\Users\tooy0\AppData\Roaming\Code\User\globalStorage\vexrobotics.vexcode\sdk\cpp\IQ2\IQ2_20250520_15_00_00/vexiq2\libviq2rt.a(iq2_apijump.c.o)
                0x20010d80                vexTaskSleep
 .text.vexTasksDump
                0x20010d8c       0x18 c:\Users\tooy0\AppData\Roaming\Code\User\globalStorage\vexrobotics.vexcode\sdk\cpp\IQ2\IQ2_20250520_15_00_00/vexiq2\libviq2rt.a(iq2_apijump.c.o)
                0x20010d8c                vexTasksDump
 .text.vexTaskGetTaskIndex
                0x20010da4        0xc c:\Users\tooy0\AppData\Roaming\Code\User\globalStorage\vexrobotics.vexcode\sdk\cpp\IQ2\IQ2_20250520_15_00_00/vexiq2\libviq2rt.a(iq2_apijump.c.o)
                0x20010da4                vexTaskGetTaskIndex
 .text.vexTaskCompletionIdSet
                0x20010db0        0xc c:\Users\tooy0\AppData\Roaming\Code\User\globalStorage\vexrobotics.vexcode\sdk\cpp\IQ2\IQ2_20250520_15_00_00/vexiq2\libviq2rt.a(iq2_apijump.c.o)
                0x20010db0                vexTaskCompletionIdSet
 .text.vexDisplayContextSwitch
                0x20010dbc        0xc c:\Users\tooy0\AppData\Roaming\Code\User\globalStorage\vexrobotics.vexcode\sdk\cpp\IQ2\IQ2_20250520_15_00_00/vexiq2\libviq2rt.a(iq2_apijump.c.o)
                0x20010dbc                vexDisplayContextSwitch
 .text.vexEventUserIndexGet
                0x20010dc8       0x18 c:\Users\tooy0\AppData\Roaming\Code\User\globalStorage\vexrobotics.vexcode\sdk\cpp\IQ2\IQ2_20250520_15_00_00/vexiq2\libviq2rt.a(iq2_apijump.c.o)
                0x20010dc8                vexEventUserIndexGet
 .text.vexDebug
                0x20010de0       0x2c c:\Users\tooy0\AppData\Roaming\Code\User\globalStorage\vexrobotics.vexcode\sdk\cpp\IQ2\IQ2_20250520_15_00_00/vexiq2\libviq2rt.a(iq2_apijump.c.o)
                0x20010de0                vexDebug
 .text.vex_sprintf
                0x20010e0c       0x30 c:\Users\tooy0\AppData\Roaming\Code\User\globalStorage\vexrobotics.vexcode\sdk\cpp\IQ2\IQ2_20250520_15_00_00/vexiq2\libviq2rt.a(iq2_apijump.c.o)
                0x20010e0c                vex_sprintf
 .text.vex_vsnprintf
                0x20010e3c       0x2c c:\Users\tooy0\AppData\Roaming\Code\User\globalStorage\vexrobotics.vexcode\sdk\cpp\IQ2\IQ2_20250520_15_00_00/vexiq2\libviq2rt.a(iq2_apijump.c.o)
                0x20010e3c                vex_vsnprintf
 .text.vexSystemTimeGet
                0x20010e68       0x18 c:\Users\tooy0\AppData\Roaming\Code\User\globalStorage\vexrobotics.vexcode\sdk\cpp\IQ2\IQ2_20250520_15_00_00/vexiq2\libviq2rt.a(iq2_apijump.c.o)
                0x20010e68                vexSystemTimeGet
 .text.vexDeviceGetByIndex
                0x20010e80       0x1c c:\Users\tooy0\AppData\Roaming\Code\User\globalStorage\vexrobotics.vexcode\sdk\cpp\IQ2\IQ2_20250520_15_00_00/vexiq2\libviq2rt.a(iq2_apijump.c.o)
                0x20010e80                vexDeviceGetByIndex
 .text.vexTouchledValueGet
                0x20010e9c       0x1c c:\Users\tooy0\AppData\Roaming\Code\User\globalStorage\vexrobotics.vexcode\sdk\cpp\IQ2\IQ2_20250520_15_00_00/vexiq2\libviq2rt.a(iq2_apijump.c.o)
                0x20010e9c                vexTouchledValueGet
 .text.vexTouchledRgbSet
                0x20010eb8       0x2c c:\Users\tooy0\AppData\Roaming\Code\User\globalStorage\vexrobotics.vexcode\sdk\cpp\IQ2\IQ2_20250520_15_00_00/vexiq2\libviq2rt.a(iq2_apijump.c.o)
                0x20010eb8                vexTouchledRgbSet
 .text.vexTouchledOn
                0x20010ee4       0x1c c:\Users\tooy0\AppData\Roaming\Code\User\globalStorage\vexrobotics.vexcode\sdk\cpp\IQ2\IQ2_20250520_15_00_00/vexiq2\libviq2rt.a(iq2_apijump.c.o)
                0x20010ee4                vexTouchledOn
 .text.vexTouchledBrightnessSet
                0x20010f00       0x20 c:\Users\tooy0\AppData\Roaming\Code\User\globalStorage\vexrobotics.vexcode\sdk\cpp\IQ2\IQ2_20250520_15_00_00/vexiq2\libviq2rt.a(iq2_apijump.c.o)
                0x20010f00                vexTouchledBrightnessSet
 .text.vexImuReset
                0x20010f20       0x1c c:\Users\tooy0\AppData\Roaming\Code\User\globalStorage\vexrobotics.vexcode\sdk\cpp\IQ2\IQ2_20250520_15_00_00/vexiq2\libviq2rt.a(iq2_apijump.c.o)
                0x20010f20                vexImuReset
 .text.vexImuHeadingGet
                0x20010f3c       0x1c c:\Users\tooy0\AppData\Roaming\Code\User\globalStorage\vexrobotics.vexcode\sdk\cpp\IQ2\IQ2_20250520_15_00_00/vexiq2\libviq2rt.a(iq2_apijump.c.o)
                0x20010f3c                vexImuHeadingGet
 .text.vexImuDegreesGet
                0x20010f58       0x1c c:\Users\tooy0\AppData\Roaming\Code\User\globalStorage\vexrobotics.vexcode\sdk\cpp\IQ2\IQ2_20250520_15_00_00/vexiq2\libviq2rt.a(iq2_apijump.c.o)
                0x20010f58                vexImuDegreesGet
 .text.vexImuStatusGet
                0x20010f74       0x1c c:\Users\tooy0\AppData\Roaming\Code\User\globalStorage\vexrobotics.vexcode\sdk\cpp\IQ2\IQ2_20250520_15_00_00/vexiq2\libviq2rt.a(iq2_apijump.c.o)
                0x20010f74                vexImuStatusGet
 .text.vexDisplayForegroundColor
                0x20010f90       0x1c c:\Users\tooy0\AppData\Roaming\Code\User\globalStorage\vexrobotics.vexcode\sdk\cpp\IQ2\IQ2_20250520_15_00_00/vexiq2\libviq2rt.a(iq2_apijump.c.o)
                0x20010f90                vexDisplayForegroundColor
 .text.vexDisplayBackgroundColor
                0x20010fac       0x1c c:\Users\tooy0\AppData\Roaming\Code\User\globalStorage\vexrobotics.vexcode\sdk\cpp\IQ2\IQ2_20250520_15_00_00/vexiq2\libviq2rt.a(iq2_apijump.c.o)
                0x20010fac                vexDisplayBackgroundColor
 .text.vexDisplayBackgroundColorGet
                0x20010fc8       0x18 c:\Users\tooy0\AppData\Roaming\Code\User\globalStorage\vexrobotics.vexcode\sdk\cpp\IQ2\IQ2_20250520_15_00_00/vexiq2\libviq2rt.a(iq2_apijump.c.o)
                0x20010fc8                vexDisplayBackgroundColorGet
 .text.vexDisplayRectClear
                0x20010fe0       0x34 c:\Users\tooy0\AppData\Roaming\Code\User\globalStorage\vexrobotics.vexcode\sdk\cpp\IQ2\IQ2_20250520_15_00_00/vexiq2\libviq2rt.a(iq2_apijump.c.o)
                0x20010fe0                vexDisplayRectClear
 .text.vexDisplayVPrintf
                0x20011014       0x38 c:\Users\tooy0\AppData\Roaming\Code\User\globalStorage\vexrobotics.vexcode\sdk\cpp\IQ2\IQ2_20250520_15_00_00/vexiq2\libviq2rt.a(iq2_apijump.c.o)
                0x20011014                vexDisplayVPrintf
 .text.vexDisplayTextReference
                0x2001104c       0x1c c:\Users\tooy0\AppData\Roaming\Code\User\globalStorage\vexrobotics.vexcode\sdk\cpp\IQ2\IQ2_20250520_15_00_00/vexiq2\libviq2rt.a(iq2_apijump.c.o)
                0x2001104c                vexDisplayTextReference
 .text.vexDisplayTextSize
                0x20011068       0x20 c:\Users\tooy0\AppData\Roaming\Code\User\globalStorage\vexrobotics.vexcode\sdk\cpp\IQ2\IQ2_20250520_15_00_00/vexiq2\libviq2rt.a(iq2_apijump.c.o)
                0x20011068                vexDisplayTextSize
 .text.vexDisplayFontNamedSet
                0x20011088       0x1c c:\Users\tooy0\AppData\Roaming\Code\User\globalStorage\vexrobotics.vexcode\sdk\cpp\IQ2\IQ2_20250520_15_00_00/vexiq2\libviq2rt.a(iq2_apijump.c.o)
                0x20011088                vexDisplayFontNamedSet
 .text.vexDisplayStringWidthGet
                0x200110a4       0x1c c:\Users\tooy0\AppData\Roaming\Code\User\globalStorage\vexrobotics.vexcode\sdk\cpp\IQ2\IQ2_20250520_15_00_00/vexiq2\libviq2rt.a(iq2_apijump.c.o)
                0x200110a4                vexDisplayStringWidthGet
 .text._ZN3vex4waitEdNS_9timeUnitsE
                0x200110c0       0x3c c:\Users\tooy0\AppData\Roaming\Code\User\globalStorage\vexrobotics.vexcode\sdk\cpp\IQ2\IQ2_20250520_15_00_00/vexiq2\libviq2rt.a(vex_global.cpp.o)
                0x200110c0                vex::wait(double, vex::timeUnits)
 .text._ZN3vex5colorD2Ev
                0x200110fc        0x2 c:\Users\tooy0\AppData\Roaming\Code\User\globalStorage\vexrobotics.vexcode\sdk\cpp\IQ2\IQ2_20250520_15_00_00/vexiq2\libviq2rt.a(vex_color.cpp.o)
                0x200110fc                vex::color::~color()
                0x200110fc                vex::color::~color()
 .text._ZNK3vex5color3rgbEv
                0x200110fe        0x4 c:\Users\tooy0\AppData\Roaming\Code\User\globalStorage\vexrobotics.vexcode\sdk\cpp\IQ2\IQ2_20250520_15_00_00/vexiq2\libviq2rt.a(vex_color.cpp.o)
                0x200110fe                vex::color::rgb() const
 .text._ZNK3vex5colorcvmEv
                0x20011102        0x4 c:\Users\tooy0\AppData\Roaming\Code\User\globalStorage\vexrobotics.vexcode\sdk\cpp\IQ2\IQ2_20250520_15_00_00/vexiq2\libviq2rt.a(vex_color.cpp.o)
                0x20011102                vex::color::operator unsigned long() const
 *fill*         0x20011106        0x2 
 .text.startup._GLOBAL__sub_I__ZN3vex5color5blackE
                0x20011108      0x18c c:\Users\tooy0\AppData\Roaming\Code\User\globalStorage\vexrobotics.vexcode\sdk\cpp\IQ2\IQ2_20250520_15_00_00/vexiq2\libviq2rt.a(vex_color.cpp.o)
 .text._ZN3vex4taskC2EPFivE
                0x20011294       0x38 c:\Users\tooy0\AppData\Roaming\Code\User\globalStorage\vexrobotics.vexcode\sdk\cpp\IQ2\IQ2_20250520_15_00_00/vexiq2\libviq2rt.a(vex_task.cpp.o)
                0x20011294                vex::task::task(int (*)())
                0x20011294                vex::task::task(int (*)())
 .text._ZN3vex11this_thread9sleep_forEm
                0x200112cc        0x4 c:\Users\tooy0\AppData\Roaming\Code\User\globalStorage\vexrobotics.vexcode\sdk\cpp\IQ2\IQ2_20250520_15_00_00/vexiq2\libviq2rt.a(vex_thread.cpp.o)
                0x200112cc                vex::this_thread::sleep_for(unsigned long)
 .text._ZN3vex5brainD2Ev
                0x200112d0        0xe c:\Users\tooy0\AppData\Roaming\Code\User\globalStorage\vexrobotics.vexcode\sdk\cpp\IQ2\IQ2_20250520_15_00_00/vexiq2\libviq2rt.a(vex_brain.cpp.o)
                0x200112d0                vex::brain::~brain()
                0x200112d0                vex::brain::~brain()
 .text._ZN3vex5brain3lcd9setCursorEll
                0x200112de       0x40 c:\Users\tooy0\AppData\Roaming\Code\User\globalStorage\vexrobotics.vexcode\sdk\cpp\IQ2\IQ2_20250520_15_00_00/vexiq2\libviq2rt.a(vex_brain.cpp.o)
                0x200112de                vex::brain::lcd::setCursor(long, long)
 *fill*         0x2001131e        0x2 
 .text._ZN3vex5brain3lcd7setFontENS_8fontTypeE
                0x20011320      0x144 c:\Users\tooy0\AppData\Roaming\Code\User\globalStorage\vexrobotics.vexcode\sdk\cpp\IQ2\IQ2_20250520_15_00_00/vexiq2\libviq2rt.a(vex_brain.cpp.o)
                0x20011320                vex::brain::lcd::setFont(vex::fontType)
 .text._ZN3vex5brain3lcdC2Ev
                0x20011464       0x34 c:\Users\tooy0\AppData\Roaming\Code\User\globalStorage\vexrobotics.vexcode\sdk\cpp\IQ2\IQ2_20250520_15_00_00/vexiq2\libviq2rt.a(vex_brain.cpp.o)
                0x20011464                vex::brain::lcd::lcd()
                0x20011464                vex::brain::lcd::lcd()
 .text._ZN3vex5brainC2Ev
                0x20011498       0x32 c:\Users\tooy0\AppData\Roaming\Code\User\globalStorage\vexrobotics.vexcode\sdk\cpp\IQ2\IQ2_20250520_15_00_00/vexiq2\libviq2rt.a(vex_brain.cpp.o)
                0x20011498                vex::brain::brain()
                0x20011498                vex::brain::brain()
 .text._ZN3vex5brain3lcd12_clearScreenEm
                0x200114ca       0x26 c:\Users\tooy0\AppData\Roaming\Code\User\globalStorage\vexrobotics.vexcode\sdk\cpp\IQ2\IQ2_20250520_15_00_00/vexiq2\libviq2rt.a(vex_brain.cpp.o)
                0x200114ca                vex::brain::lcd::_clearScreen(unsigned long)
 .text._ZN3vex5brain3lcd11clearScreenERKNS_5colorE
                0x200114f0       0x16 c:\Users\tooy0\AppData\Roaming\Code\User\globalStorage\vexrobotics.vexcode\sdk\cpp\IQ2\IQ2_20250520_15_00_00/vexiq2\libviq2rt.a(vex_brain.cpp.o)
                0x200114f0                vex::brain::lcd::clearScreen(vex::color const&)
 *fill*         0x20011506        0x2 
 .text._ZN3vex5brain3lcd11clearScreenEv
                0x20011508        0xc c:\Users\tooy0\AppData\Roaming\Code\User\globalStorage\vexrobotics.vexcode\sdk\cpp\IQ2\IQ2_20250520_15_00_00/vexiq2\libviq2rt.a(vex_brain.cpp.o)
                0x20011508                vex::brain::lcd::clearScreen()
 .text._ZN3vex5brain3lcd10rowToPixelEl
                0x20011514       0x24 c:\Users\tooy0\AppData\Roaming\Code\User\globalStorage\vexrobotics.vexcode\sdk\cpp\IQ2\IQ2_20250520_15_00_00/vexiq2\libviq2rt.a(vex_brain.cpp.o)
                0x20011514                vex::brain::lcd::rowToPixel(long)
 .text._ZN3vex5brain3lcd9clearLineEi
                0x20011538       0x2e c:\Users\tooy0\AppData\Roaming\Code\User\globalStorage\vexrobotics.vexcode\sdk\cpp\IQ2\IQ2_20250520_15_00_00/vexiq2\libviq2rt.a(vex_brain.cpp.o)
                0x20011538                vex::brain::lcd::clearLine(int)
 .text._ZN3vex5brain3lcd5printEPKcz
                0x20011566       0x7e c:\Users\tooy0\AppData\Roaming\Code\User\globalStorage\vexrobotics.vexcode\sdk\cpp\IQ2\IQ2_20250520_15_00_00/vexiq2\libviq2rt.a(vex_brain.cpp.o)
                0x20011566                vex::brain::lcd::print(char const*, ...)
 .text._ZN3vex5timerD2Ev
                0x200115e4        0x2 c:\Users\tooy0\AppData\Roaming\Code\User\globalStorage\vexrobotics.vexcode\sdk\cpp\IQ2\IQ2_20250520_15_00_00/vexiq2\libviq2rt.a(vex_timer.cpp.o)
                0x200115e4                vex::timer::~timer()
                0x200115e4                vex::timer::~timer()
 .text._ZN3vex5timer5clearEv
                0x200115e6       0x10 c:\Users\tooy0\AppData\Roaming\Code\User\globalStorage\vexrobotics.vexcode\sdk\cpp\IQ2\IQ2_20250520_15_00_00/vexiq2\libviq2rt.a(vex_timer.cpp.o)
                0x200115e6                vex::timer::clear()
 .text._ZN3vex5timerC2Ev
                0x200115f6        0xc c:\Users\tooy0\AppData\Roaming\Code\User\globalStorage\vexrobotics.vexcode\sdk\cpp\IQ2\IQ2_20250520_15_00_00/vexiq2\libviq2rt.a(vex_timer.cpp.o)
                0x200115f6                vex::timer::timer()
                0x200115f6                vex::timer::timer()
 .text._ZN3vex8touchled9installedEv
                0x20011602        0xe c:\Users\tooy0\AppData\Roaming\Code\User\globalStorage\vexrobotics.vexcode\sdk\cpp\IQ2\IQ2_20250520_15_00_00/vexiq2\libviq2rt.a(vex_touchled.cpp.o)
                0x20011602                vex::touchled::installed()
 .text._ZN3vex8touchledC2El
                0x20011610       0x28 c:\Users\tooy0\AppData\Roaming\Code\User\globalStorage\vexrobotics.vexcode\sdk\cpp\IQ2\IQ2_20250520_15_00_00/vexiq2\libviq2rt.a(vex_touchled.cpp.o)
                0x20011610                vex::touchled::touchled(long)
                0x20011610                vex::touchled::touchled(long)
 .text._ZN3vex8touchledD2Ev
                0x20011638       0x14 c:\Users\tooy0\AppData\Roaming\Code\User\globalStorage\vexrobotics.vexcode\sdk\cpp\IQ2\IQ2_20250520_15_00_00/vexiq2\libviq2rt.a(vex_touchled.cpp.o)
                0x20011638                vex::touchled::~touchled()
                0x20011638                vex::touchled::~touchled()
 .text._ZN3vex8touchled8pressingEv
                0x2001164c       0x10 c:\Users\tooy0\AppData\Roaming\Code\User\globalStorage\vexrobotics.vexcode\sdk\cpp\IQ2\IQ2_20250520_15_00_00/vexiq2\libviq2rt.a(vex_touchled.cpp.o)
                0x2001164c                vex::touchled::pressing()
 .text._ZN3vex8touchled5valueEv
                0x2001165c        0x8 c:\Users\tooy0\AppData\Roaming\Code\User\globalStorage\vexrobotics.vexcode\sdk\cpp\IQ2\IQ2_20250520_15_00_00/vexiq2\libviq2rt.a(vex_touchled.cpp.o)
                0x2001165c                vex::touchled::value()
 .text._ZN3vex8touchled14_setBrightnessEm
                0x20011664       0x22 c:\Users\tooy0\AppData\Roaming\Code\User\globalStorage\vexrobotics.vexcode\sdk\cpp\IQ2\IQ2_20250520_15_00_00/vexiq2\libviq2rt.a(vex_touchled.cpp.o)
                0x20011664                vex::touchled::_setBrightness(unsigned long)
 .text._ZN3vex8touchled9_setColorEm
                0x20011686       0x2c c:\Users\tooy0\AppData\Roaming\Code\User\globalStorage\vexrobotics.vexcode\sdk\cpp\IQ2\IQ2_20250520_15_00_00/vexiq2\libviq2rt.a(vex_touchled.cpp.o)
                0x20011686                vex::touchled::_setColor(unsigned long)
 .text._ZN3vex8touchled8setColorENS_5colorE
                0x200116b2       0x2e c:\Users\tooy0\AppData\Roaming\Code\User\globalStorage\vexrobotics.vexcode\sdk\cpp\IQ2\IQ2_20250520_15_00_00/vexiq2\libviq2rt.a(vex_touchled.cpp.o)
                0x200116b2                vex::touchled::setColor(vex::color)
 .text._ZN3vex8inertial11getTurnTypeEv
                0x200116e0        0x4 c:\Users\tooy0\AppData\Roaming\Code\User\globalStorage\vexrobotics.vexcode\sdk\cpp\IQ2\IQ2_20250520_15_00_00/vexiq2\libviq2rt.a(vex_imu.cpp.o)
                0x200116e0                vex::inertial::getTurnType()
 .text._ZThn20_N3vex8inertial11getTurnTypeEv
                0x200116e4        0x8 c:\Users\tooy0\AppData\Roaming\Code\User\globalStorage\vexrobotics.vexcode\sdk\cpp\IQ2\IQ2_20250520_15_00_00/vexiq2\libviq2rt.a(vex_imu.cpp.o)
                0x200116e4                non-virtual thunk to vex::inertial::getTurnType()
 .text._ZN3vex8inertial10setHeadingEdNS_13rotationUnitsE
                0x200116ec       0x48 c:\Users\tooy0\AppData\Roaming\Code\User\globalStorage\vexrobotics.vexcode\sdk\cpp\IQ2\IQ2_20250520_15_00_00/vexiq2\libviq2rt.a(vex_imu.cpp.o)
                0x200116ec                vex::inertial::setHeading(double, vex::rotationUnits)
 .text._ZThn20_N3vex8inertial10setHeadingEdNS_13rotationUnitsE
                0x20011734        0x8 c:\Users\tooy0\AppData\Roaming\Code\User\globalStorage\vexrobotics.vexcode\sdk\cpp\IQ2\IQ2_20250520_15_00_00/vexiq2\libviq2rt.a(vex_imu.cpp.o)
                0x20011734                non-virtual thunk to vex::inertial::setHeading(double, vex::rotationUnits)
 .text._ZN3vex8inertial11setRotationEdNS_13rotationUnitsE
                0x2001173c       0x48 c:\Users\tooy0\AppData\Roaming\Code\User\globalStorage\vexrobotics.vexcode\sdk\cpp\IQ2\IQ2_20250520_15_00_00/vexiq2\libviq2rt.a(vex_imu.cpp.o)
                0x2001173c                vex::inertial::setRotation(double, vex::rotationUnits)
 .text._ZThn20_N3vex8inertial11setRotationEdNS_13rotationUnitsE
                0x20011784        0x8 c:\Users\tooy0\AppData\Roaming\Code\User\globalStorage\vexrobotics.vexcode\sdk\cpp\IQ2\IQ2_20250520_15_00_00/vexiq2\libviq2rt.a(vex_imu.cpp.o)
                0x20011784                non-virtual thunk to vex::inertial::setRotation(double, vex::rotationUnits)
 .text._ZN3vex8inertialD2Ev
                0x2001178c       0x14 c:\Users\tooy0\AppData\Roaming\Code\User\globalStorage\vexrobotics.vexcode\sdk\cpp\IQ2\IQ2_20250520_15_00_00/vexiq2\libviq2rt.a(vex_imu.cpp.o)
                0x2001178c                vex::inertial::~inertial()
                0x2001178c                vex::inertial::~inertial()
 .text._ZThn20_N3vex8inertialD1Ev
                0x200117a0        0x8 c:\Users\tooy0\AppData\Roaming\Code\User\globalStorage\vexrobotics.vexcode\sdk\cpp\IQ2\IQ2_20250520_15_00_00/vexiq2\libviq2rt.a(vex_imu.cpp.o)
                0x200117a0                non-virtual thunk to vex::inertial::~inertial()
 .text._ZN3vex8inertialD0Ev
                0x200117a8       0x12 c:\Users\tooy0\AppData\Roaming\Code\User\globalStorage\vexrobotics.vexcode\sdk\cpp\IQ2\IQ2_20250520_15_00_00/vexiq2\libviq2rt.a(vex_imu.cpp.o)
                0x200117a8                vex::inertial::~inertial()
 .text._ZThn20_N3vex8inertialD0Ev
                0x200117ba        0x8 c:\Users\tooy0\AppData\Roaming\Code\User\globalStorage\vexrobotics.vexcode\sdk\cpp\IQ2\IQ2_20250520_15_00_00/vexiq2\libviq2rt.a(vex_imu.cpp.o)
                0x200117ba                non-virtual thunk to vex::inertial::~inertial()
 .text._ZN3vex8inertial9installedEv
                0x200117c2       0x10 c:\Users\tooy0\AppData\Roaming\Code\User\globalStorage\vexrobotics.vexcode\sdk\cpp\IQ2\IQ2_20250520_15_00_00/vexiq2\libviq2rt.a(vex_imu.cpp.o)
                0x200117c2                vex::inertial::installed()
 *fill*         0x200117d2        0x6 
 .text._ZN3vex8inertial5angleENS_13rotationUnitsE
                0x200117d8       0x74 c:\Users\tooy0\AppData\Roaming\Code\User\globalStorage\vexrobotics.vexcode\sdk\cpp\IQ2\IQ2_20250520_15_00_00/vexiq2\libviq2rt.a(vex_imu.cpp.o)
                0x200117d8                vex::inertial::angle(vex::rotationUnits)
 .text._ZThn20_N3vex8inertial5angleENS_13rotationUnitsE
                0x2001184c        0x8 c:\Users\tooy0\AppData\Roaming\Code\User\globalStorage\vexrobotics.vexcode\sdk\cpp\IQ2\IQ2_20250520_15_00_00/vexiq2\libviq2rt.a(vex_imu.cpp.o)
                0x2001184c                non-virtual thunk to vex::inertial::angle(vex::rotationUnits)
 .text._ZN3vex8inertial7headingENS_13rotationUnitsE
                0x20011854        0x4 c:\Users\tooy0\AppData\Roaming\Code\User\globalStorage\vexrobotics.vexcode\sdk\cpp\IQ2\IQ2_20250520_15_00_00/vexiq2\libviq2rt.a(vex_imu.cpp.o)
                0x20011854                vex::inertial::heading(vex::rotationUnits)
 .text._ZThn20_N3vex8inertial7headingENS_13rotationUnitsE
                0x20011858        0x8 c:\Users\tooy0\AppData\Roaming\Code\User\globalStorage\vexrobotics.vexcode\sdk\cpp\IQ2\IQ2_20250520_15_00_00/vexiq2\libviq2rt.a(vex_imu.cpp.o)
                0x20011858                non-virtual thunk to vex::inertial::heading(vex::rotationUnits)
 .text._ZN3vex8inertial5valueEv
                0x20011860       0x12 c:\Users\tooy0\AppData\Roaming\Code\User\globalStorage\vexrobotics.vexcode\sdk\cpp\IQ2\IQ2_20250520_15_00_00/vexiq2\libviq2rt.a(vex_imu.cpp.o)
                0x20011860                vex::inertial::value()
 *fill*         0x20011872        0x2 
 .text._ZN3vex8inertial8rotationENS_13rotationUnitsE
                0x20011874       0x38 c:\Users\tooy0\AppData\Roaming\Code\User\globalStorage\vexrobotics.vexcode\sdk\cpp\IQ2\IQ2_20250520_15_00_00/vexiq2\libviq2rt.a(vex_imu.cpp.o)
                0x20011874                vex::inertial::rotation(vex::rotationUnits)
 .text._ZThn20_N3vex8inertial8rotationENS_13rotationUnitsE
                0x200118ac        0x8 c:\Users\tooy0\AppData\Roaming\Code\User\globalStorage\vexrobotics.vexcode\sdk\cpp\IQ2\IQ2_20250520_15_00_00/vexiq2\libviq2rt.a(vex_imu.cpp.o)
                0x200118ac                non-virtual thunk to vex::inertial::rotation(vex::rotationUnits)
 .text._ZN3vex8inertial13isCalibratingEv
                0x200118b4       0x22 c:\Users\tooy0\AppData\Roaming\Code\User\globalStorage\vexrobotics.vexcode\sdk\cpp\IQ2\IQ2_20250520_15_00_00/vexiq2\libviq2rt.a(vex_imu.cpp.o)
                0x200118b4                vex::inertial::isCalibrating()
 .text._ZThn20_N3vex8inertial13isCalibratingEv
                0x200118d6        0x8 c:\Users\tooy0\AppData\Roaming\Code\User\globalStorage\vexrobotics.vexcode\sdk\cpp\IQ2\IQ2_20250520_15_00_00/vexiq2\libviq2rt.a(vex_imu.cpp.o)
                0x200118d6                non-virtual thunk to vex::inertial::isCalibrating()
 *fill*         0x200118de        0x2 
 .text._ZN3vex8inertialC2ElNS_8turnTypeE
                0x200118e0       0x30 c:\Users\tooy0\AppData\Roaming\Code\User\globalStorage\vexrobotics.vexcode\sdk\cpp\IQ2\IQ2_20250520_15_00_00/vexiq2\libviq2rt.a(vex_imu.cpp.o)
                0x200118e0                vex::inertial::inertial(long, vex::turnType)
                0x200118e0                vex::inertial::inertial(long, vex::turnType)
 .text._ZN3vex8inertialC2ENS_8turnTypeE
                0x20011910       0x18 c:\Users\tooy0\AppData\Roaming\Code\User\globalStorage\vexrobotics.vexcode\sdk\cpp\IQ2\IQ2_20250520_15_00_00/vexiq2\libviq2rt.a(vex_imu.cpp.o)
                0x20011910                vex::inertial::inertial(vex::turnType)
                0x20011910                vex::inertial::inertial(vex::turnType)
 .text._ZN3vex8inertial16startCalibrationEl
                0x20011928       0x16 c:\Users\tooy0\AppData\Roaming\Code\User\globalStorage\vexrobotics.vexcode\sdk\cpp\IQ2\IQ2_20250520_15_00_00/vexiq2\libviq2rt.a(vex_imu.cpp.o)
                0x20011928                vex::inertial::startCalibration(long)
 .text._ZN3vex8inertial9calibrateEl
                0x2001193e        0xa c:\Users\tooy0\AppData\Roaming\Code\User\globalStorage\vexrobotics.vexcode\sdk\cpp\IQ2\IQ2_20250520_15_00_00/vexiq2\libviq2rt.a(vex_imu.cpp.o)
                0x2001193e                vex::inertial::calibrate(long)
                0x20011942                non-virtual thunk to vex::inertial::calibrate(long)
 .text._ZN3vex5event9userindexEv
                0x20011948        0x4 c:\Users\tooy0\AppData\Roaming\Code\User\globalStorage\vexrobotics.vexcode\sdk\cpp\IQ2\IQ2_20250520_15_00_00/vexiq2\libviq2rt.a(vex_event.cpp.o)
                0x20011948                vex::event::userindex()
 .text._ZN3vex6device5valueEv
                0x2001194c        0x4 c:\Users\tooy0\AppData\Roaming\Code\User\globalStorage\vexrobotics.vexcode\sdk\cpp\IQ2\IQ2_20250520_15_00_00/vexiq2\libviq2rt.a(vex_device.cpp.o)
                0x2001194c                vex::device::value()
 .text._ZN3vex6deviceD2Ev
                0x20011950        0x2 c:\Users\tooy0\AppData\Roaming\Code\User\globalStorage\vexrobotics.vexcode\sdk\cpp\IQ2\IQ2_20250520_15_00_00/vexiq2\libviq2rt.a(vex_device.cpp.o)
                0x20011950                vex::device::~device()
                0x20011950                vex::device::~device()
 .text._ZN3vex6device4initEl
                0x20011952       0x22 c:\Users\tooy0\AppData\Roaming\Code\User\globalStorage\vexrobotics.vexcode\sdk\cpp\IQ2\IQ2_20250520_15_00_00/vexiq2\libviq2rt.a(vex_device.cpp.o)
                0x20011952                vex::device::init(long)
 .text._ZN3vex6deviceC2El
                0x20011974       0x14 c:\Users\tooy0\AppData\Roaming\Code\User\globalStorage\vexrobotics.vexcode\sdk\cpp\IQ2\IQ2_20250520_15_00_00/vexiq2\libviq2rt.a(vex_device.cpp.o)
                0x20011974                vex::device::device(long)
                0x20011974                vex::device::device(long)
 .text._ZN3vex6device4typeEv
                0x20011988        0x8 c:\Users\tooy0\AppData\Roaming\Code\User\globalStorage\vexrobotics.vexcode\sdk\cpp\IQ2\IQ2_20250520_15_00_00/vexiq2\libviq2rt.a(vex_device.cpp.o)
                0x20011988                vex::device::type()
 .text._ZN3vex6device9installedEv
                0x20011990        0xe c:\Users\tooy0\AppData\Roaming\Code\User\globalStorage\vexrobotics.vexcode\sdk\cpp\IQ2\IQ2_20250520_15_00_00/vexiq2\libviq2rt.a(vex_device.cpp.o)
                0x20011990                vex::device::installed()
 .text.__aeabi_atexit
                0x2001199e        0xa c:\Users\tooy0\AppData\Roaming\Code\User\globalStorage\vexrobotics.vexcode\sdk\cpp\IQ2\IQ2_20250520_15_00_00/vexiq2/gcc/libs\libc_nano.a(lib_a-aeabi_atexit.o)
                0x2001199e                __aeabi_atexit
 .text.__libc_init_array
                0x200119a8       0x48 c:\Users\tooy0\AppData\Roaming\Code\User\globalStorage\vexrobotics.vexcode\sdk\cpp\IQ2\IQ2_20250520_15_00_00/vexiq2/gcc/libs\libc_nano.a(lib_a-init.o)
                0x200119a8                __libc_init_array
 .text._free_r  0x200119f0       0x9c c:\Users\tooy0\AppData\Roaming\Code\User\globalStorage\vexrobotics.vexcode\sdk\cpp\IQ2\IQ2_20250520_15_00_00/vexiq2/gcc/libs\libc_nano.a(lib_a-nano-freer.o)
                0x200119f0                _free_r
 .text.__malloc_lock
                0x20011a8c        0x2 c:\Users\tooy0\AppData\Roaming\Code\User\globalStorage\vexrobotics.vexcode\sdk\cpp\IQ2\IQ2_20250520_15_00_00/vexiq2/gcc/libs\libc_nano.a(lib_a-mlock.o)
                0x20011a8c                __malloc_lock
 .text.__malloc_unlock
                0x20011a8e        0x2 c:\Users\tooy0\AppData\Roaming\Code\User\globalStorage\vexrobotics.vexcode\sdk\cpp\IQ2\IQ2_20250520_15_00_00/vexiq2/gcc/libs\libc_nano.a(lib_a-mlock.o)
                0x20011a8e                __malloc_unlock
 .text._ZdlPv   0x20011a90        0x4 c:\Users\tooy0\AppData\Roaming\Code\User\globalStorage\vexrobotics.vexcode\sdk\cpp\IQ2\IQ2_20250520_15_00_00/vexiq2/gcc/libs\libstdc++_nano.a(del_op.o)
                0x20011a90                operator delete(void*)
 .text.fmod     0x20011a94       0xd0 c:\Users\tooy0\AppData\Roaming\Code\User\globalStorage\vexrobotics.vexcode\sdk\cpp\IQ2\IQ2_20250520_15_00_00/vexiq2/gcc/libs\libm.a(lib_a-w_fmod.o)
                0x20011a94                fmod
 .text.__ieee754_fmod
                0x20011b64      0x248 c:\Users\tooy0\AppData\Roaming\Code\User\globalStorage\vexrobotics.vexcode\sdk\cpp\IQ2\IQ2_20250520_15_00_00/vexiq2/gcc/libs\libm.a(lib_a-e_fmod.o)
                0x20011b64                __ieee754_fmod
 .text.matherr  0x20011dac        0x4 c:\Users\tooy0\AppData\Roaming\Code\User\globalStorage\vexrobotics.vexcode\sdk\cpp\IQ2\IQ2_20250520_15_00_00/vexiq2/gcc/libs\libm.a(lib_a-s_matherr.o)
                0x20011dac                matherr
 .text.__errno  0x20011db0        0xc c:\Users\tooy0\AppData\Roaming\Code\User\globalStorage\vexrobotics.vexcode\sdk\cpp\IQ2\IQ2_20250520_15_00_00/vexiq2\libviq2rt.a(iq2_fstubs.c.o)
                0x20011db0                __errno
 .text.free     0x20011dbc       0x10 c:\Users\tooy0\AppData\Roaming\Code\User\globalStorage\vexrobotics.vexcode\sdk\cpp\IQ2\IQ2_20250520_15_00_00/vexiq2/gcc/libs\libc_nano.a(lib_a-malloc.o)
                0x20011dbc                free
 *(.gnu.linkonce.t.*)
 *(.plt)
 *(.gnu_warning)
 *(.gcc_except_table)
 *(.glue_7)
 .glue_7        0x00000000        0x0 linker stubs
 *(.glue_7t)
 .glue_7t       0x00000000        0x0 linker stubs
 *(.vfp11_veneer)
 .vfp11_veneer  0x00000000        0x0 linker stubs
 *(.ARM.extab)
 *(.gnu.linkonce.armextab.*)

.v4_bx          0x20011dcc        0x0
 .v4_bx         0x00000000        0x0 linker stubs

.iplt           0x20011dcc        0x0
 .iplt          0x00000000        0x0 build/src/main.o

.init
 *(.init)

.fini
 *(.fini)

.rodata         0x20011dd0      0x1a8
                0x20011dd0                __rodata_start = .
 *(.rodata)
 *(.rodata.*)
 .rodata.str1.1
                0x20011dd0       0x36 build/src/main.o
 .rodata.str1.1
                0x20011e06       0x22 c:\Users\tooy0\AppData\Roaming\Code\User\globalStorage\vexrobotics.vexcode\sdk\cpp\IQ2\IQ2_20250520_15_00_00/vexiq2\libviq2rt.a(iq2_startup.c.o)
 .rodata._ZN3vex3redE
                0x20011e28        0x4 c:\Users\tooy0\AppData\Roaming\Code\User\globalStorage\vexrobotics.vexcode\sdk\cpp\IQ2\IQ2_20250520_15_00_00/vexiq2\libviq2rt.a(vex_global.cpp.o)
                0x20011e28                vex::red
 .rodata._ZN3vex4msecE
                0x20011e2c        0x4 c:\Users\tooy0\AppData\Roaming\Code\User\globalStorage\vexrobotics.vexcode\sdk\cpp\IQ2\IQ2_20250520_15_00_00/vexiq2\libviq2rt.a(vex_global.cpp.o)
                0x20011e2c                vex::msec
 .rodata._ZN3vex4blueE
                0x20011e30        0x4 c:\Users\tooy0\AppData\Roaming\Code\User\globalStorage\vexrobotics.vexcode\sdk\cpp\IQ2\IQ2_20250520_15_00_00/vexiq2\libviq2rt.a(vex_global.cpp.o)
                0x20011e30                vex::blue
 .rodata._ZN3vex7degreesE
                0x20011e34        0x4 c:\Users\tooy0\AppData\Roaming\Code\User\globalStorage\vexrobotics.vexcode\sdk\cpp\IQ2\IQ2_20250520_15_00_00/vexiq2\libviq2rt.a(vex_global.cpp.o)
                0x20011e34                vex::degrees
 .rodata._ZN3vex6orangeE
                0x20011e38        0x4 c:\Users\tooy0\AppData\Roaming\Code\User\globalStorage\vexrobotics.vexcode\sdk\cpp\IQ2\IQ2_20250520_15_00_00/vexiq2\libviq2rt.a(vex_global.cpp.o)
                0x20011e38                vex::orange
 .rodata._ZN3vex6PORT12E
                0x20011e3c        0x4 c:\Users\tooy0\AppData\Roaming\Code\User\globalStorage\vexrobotics.vexcode\sdk\cpp\IQ2\IQ2_20250520_15_00_00/vexiq2\libviq2rt.a(vex_global.cpp.o)
                0x20011e3c                vex::PORT12
 .rodata.str1.1
                0x20011e40       0x14 c:\Users\tooy0\AppData\Roaming\Code\User\globalStorage\vexrobotics.vexcode\sdk\cpp\IQ2\IQ2_20250520_15_00_00/vexiq2\libviq2rt.a(vex_task.cpp.o)
 .rodata.str1.1
                0x20011e54       0x20 c:\Users\tooy0\AppData\Roaming\Code\User\globalStorage\vexrobotics.vexcode\sdk\cpp\IQ2\IQ2_20250520_15_00_00/vexiq2\libviq2rt.a(vex_brain.cpp.o)
 *fill*         0x20011e74        0x4 
 .rodata._ZTVN3vex8touchledE
                0x20011e78       0x10 c:\Users\tooy0\AppData\Roaming\Code\User\globalStorage\vexrobotics.vexcode\sdk\cpp\IQ2\IQ2_20250520_15_00_00/vexiq2\libviq2rt.a(vex_touchled.cpp.o)
                0x20011e78                vtable for vex::touchled
 .rodata._ZTVN3vex8inertialE
                0x20011e88       0x68 c:\Users\tooy0\AppData\Roaming\Code\User\globalStorage\vexrobotics.vexcode\sdk\cpp\IQ2\IQ2_20250520_15_00_00/vexiq2\libviq2rt.a(vex_imu.cpp.o)
                0x20011e88                vtable for vex::inertial
 .rodata._ZTVN3vex6deviceE
                0x20011ef0       0x10 c:\Users\tooy0\AppData\Roaming\Code\User\globalStorage\vexrobotics.vexcode\sdk\cpp\IQ2\IQ2_20250520_15_00_00/vexiq2\libviq2rt.a(vex_device.cpp.o)
                0x20011ef0                vtable for vex::device
 .rodata.__sf_fake_stderr
                0x20011f00       0x20 c:\Users\tooy0\AppData\Roaming\Code\User\globalStorage\vexrobotics.vexcode\sdk\cpp\IQ2\IQ2_20250520_15_00_00/vexiq2/gcc/libs\libc_nano.a(lib_a-findfp.o)
                0x20011f00                __sf_fake_stderr
 .rodata.__sf_fake_stdin
                0x20011f20       0x20 c:\Users\tooy0\AppData\Roaming\Code\User\globalStorage\vexrobotics.vexcode\sdk\cpp\IQ2\IQ2_20250520_15_00_00/vexiq2/gcc/libs\libc_nano.a(lib_a-findfp.o)
                0x20011f20                __sf_fake_stdin
 .rodata.__sf_fake_stdout
                0x20011f40       0x20 c:\Users\tooy0\AppData\Roaming\Code\User\globalStorage\vexrobotics.vexcode\sdk\cpp\IQ2\IQ2_20250520_15_00_00/vexiq2/gcc/libs\libc_nano.a(lib_a-findfp.o)
                0x20011f40                __sf_fake_stdout
 .rodata.fmod.str1.4
                0x20011f60        0x8 c:\Users\tooy0\AppData\Roaming\Code\User\globalStorage\vexrobotics.vexcode\sdk\cpp\IQ2\IQ2_20250520_15_00_00/vexiq2/gcc/libs\libm.a(lib_a-w_fmod.o)
                                  0x5 (size before relaxing)
 .rodata.Zero   0x20011f68       0x10 c:\Users\tooy0\AppData\Roaming\Code\User\globalStorage\vexrobotics.vexcode\sdk\cpp\IQ2\IQ2_20250520_15_00_00/vexiq2/gcc/libs\libm.a(lib_a-e_fmod.o)
 *(.gnu.linkonce.r.*)
                0x20011f78                __rodata_end = .

.rodata1        0x20011f78        0x0
                0x20011f78                __rodata1_start = .
 *(.rodata1)
 *(.rodata1.*)
                0x20011f78                __rodata1_end = .

.sdata2         0x20011f78        0x0
                0x20011f78                __sdata2_start = .
 *(.sdata2)
 *(.sdata2.*)
 *(.gnu.linkonce.s2.*)
                0x20011f78                __sdata2_end = .

.sbss2          0x20011f78        0x0
                0x20011f78                __sbss2_start = .
 *(.sbss2)
 *(.sbss2.*)
 *(.gnu.linkonce.sb2.*)
                0x20011f78                __sbss2_end = .

.data           0x20011f78       0x6d
                0x20011f78                __data_start = .
                0x20011f78                __data_load = .
 *(.data)
 *(.data.*)
 .data.Cal      0x20011f78        0x1 build/src/main.o
                0x20011f78                Cal
 *fill*         0x20011f79        0x3 
 .data.__yoff   0x20011f7c        0x4 c:\Users\tooy0\AppData\Roaming\Code\User\globalStorage\vexrobotics.vexcode\sdk\cpp\IQ2\IQ2_20250520_15_00_00/vexiq2\libviq2rt.a(iq2_apijump.c.o)
 .data._impure_ptr
                0x20011f80        0x4 c:\Users\tooy0\AppData\Roaming\Code\User\globalStorage\vexrobotics.vexcode\sdk\cpp\IQ2\IQ2_20250520_15_00_00/vexiq2/gcc/libs\libc_nano.a(lib_a-impure.o)
                0x20011f80                _impure_ptr
 .data.impure_data
                0x20011f84       0x60 c:\Users\tooy0\AppData\Roaming\Code\User\globalStorage\vexrobotics.vexcode\sdk\cpp\IQ2\IQ2_20250520_15_00_00/vexiq2/gcc/libs\libc_nano.a(lib_a-impure.o)
 .data.__fdlib_version
                0x20011fe4        0x1 c:\Users\tooy0\AppData\Roaming\Code\User\globalStorage\vexrobotics.vexcode\sdk\cpp\IQ2\IQ2_20250520_15_00_00/vexiq2/gcc/libs\libm.a(lib_a-s_lib_ver.o)
                0x20011fe4                __fdlib_version
 *(.gnu.linkonce.d.*)
 *(.jcr)
 *(.got)
 *(.got.plt)
                0x20011fe5                __data_end = .

.igot.plt       0x20011fe8        0x0
 .igot.plt      0x00000000        0x0 build/src/main.o

.data1          0x20011fe5        0x0
                0x20011fe5                __data1_start = .
                0x20011fe5                __data1_load = .
 *(.data1)
 *(.data1.*)
                0x20011fe5                __data1_end = .

.got
 *(.got)

.ctors          0x20011fe5        0x0
                0x20011fe5                __CTOR_LIST__ = .
                0x20011fe5                ___CTORS_LIST___ = .
 *crtbegin.o(.ctors)
 *(EXCLUDE_FILE(*crtend.o) .ctors)
 *(SORT(.ctors.*))
 *(.ctors)
                0x20011fe5                __CTOR_END__ = .
                0x20011fe5                ___CTORS_END___ = .

.dtors          0x20011fe5        0x0
                0x20011fe5                __DTOR_LIST__ = .
                0x20011fe5                ___DTORS_LIST___ = .
 *crtbegin.o(.dtors)
 *(EXCLUDE_FILE(*crtend.o) .dtors)
 *(SORT(.dtors.*))
 *(.dtors)
                0x20011fe5                __DTOR_END__ = .
                0x20011fe5                ___DTORS_END___ = .

.fixup          0x20011fe5        0x0
                0x20011fe5                __fixup_start = .
 *(.fixup)
                0x20011fe5                __fixup_end = .

.eh_frame
 *(.eh_frame)

.eh_framehdr    0x20011fe5        0x0
                0x20011fe5                __eh_framehdr_start = .
 *(.eh_framehdr)
                0x20011fe5                __eh_framehdr_end = .

.gcc_except_table
 *(.gcc_except_table)

.mmu_tbl        0x20014000        0x0
                0x20014000                __mmu_tbl_start = .
 *(.mmu_tbl)
                0x20014000                __mmu_tbl_end = .

.ARM.exidx      0x20011fe8        0x8
                0x20011fe8                __exidx_start = .
 *(.ARM.exidx*)
 .ARM.exidx.text._Z16printHeadingTaskv
                0x20011fe8        0x8 build/src/main.o
 .ARM.exidx.text._Z12whenStarted1v
                0x20011ff0        0x0 build/src/main.o
                                  0x8 (size before relaxing)
 .ARM.exidx.text.main
                0x20011ff0        0x0 build/src/main.o
                                  0x8 (size before relaxing)
 .ARM.exidx.text._GLOBAL__sub_I_main.cpp
                0x20011ff0        0x0 build/src/main.o
                                  0x8 (size before relaxing)
 *(.gnu.linkonce.armexidix.*.*)
                0x20011ff0                __exidx_end = .

.rel.dyn        0x20011ff0        0x0
 .rel.iplt      0x00000000        0x0 build/src/main.o

.preinit_array  0x20011ff0        0x0
                0x20011ff0                __preinit_array_start = .
 *(SORT(.preinit_array.*))
 *(.preinit_array)
                0x20011ff0                __preinit_array_end = .

.init_array     0x20011ff0        0x8
                0x20011ff0                __init_array_start = .
 *(SORT(.init_array.*))
 *(.init_array)
 .init_array    0x20011ff0        0x4 build/src/main.o
 .init_array    0x20011ff4        0x4 c:\Users\tooy0\AppData\Roaming\Code\User\globalStorage\vexrobotics.vexcode\sdk\cpp\IQ2\IQ2_20250520_15_00_00/vexiq2\libviq2rt.a(vex_color.cpp.o)
                0x20011ff8                __init_array_end = .

.fini_array     0x20011ff8        0x0
                0x20011ff8                __fini_array_start = .
 *(SORT(.fini_array.*))
 *(.fini_array)
                0x20011ff8                __fini_array_end = .

.ARM.attributes
                0x20011ff8       0x3d
                0x20011ff8                __ARM.attributes_start = .
 *(.ARM.attributes)
 .ARM.attributes
                0x20011ff8       0x49 build/src/main.o
 .ARM.attributes
                0x20012041       0x39 c:\Users\tooy0\AppData\Roaming\Code\User\globalStorage\vexrobotics.vexcode\sdk\cpp\IQ2\IQ2_20250520_15_00_00/vexiq2\libviq2rt.a(iq2_startup.c.o)
 .ARM.attributes
                0x2001207a       0x39 c:\Users\tooy0\AppData\Roaming\Code\User\globalStorage\vexrobotics.vexcode\sdk\cpp\IQ2\IQ2_20250520_15_00_00/vexiq2\libviq2rt.a(iq2_apijump.c.o)
 .ARM.attributes
                0x200120b3       0x39 c:\Users\tooy0\AppData\Roaming\Code\User\globalStorage\vexrobotics.vexcode\sdk\cpp\IQ2\IQ2_20250520_15_00_00/vexiq2\libviq2rt.a(vex_global.cpp.o)
 .ARM.attributes
                0x200120ec       0x39 c:\Users\tooy0\AppData\Roaming\Code\User\globalStorage\vexrobotics.vexcode\sdk\cpp\IQ2\IQ2_20250520_15_00_00/vexiq2\libviq2rt.a(vex_color.cpp.o)
 .ARM.attributes
                0x20012125       0x39 c:\Users\tooy0\AppData\Roaming\Code\User\globalStorage\vexrobotics.vexcode\sdk\cpp\IQ2\IQ2_20250520_15_00_00/vexiq2\libviq2rt.a(vex_task.cpp.o)
 .ARM.attributes
                0x2001215e       0x39 c:\Users\tooy0\AppData\Roaming\Code\User\globalStorage\vexrobotics.vexcode\sdk\cpp\IQ2\IQ2_20250520_15_00_00/vexiq2\libviq2rt.a(vex_thread.cpp.o)
 .ARM.attributes
                0x20012197       0x39 c:\Users\tooy0\AppData\Roaming\Code\User\globalStorage\vexrobotics.vexcode\sdk\cpp\IQ2\IQ2_20250520_15_00_00/vexiq2\libviq2rt.a(vex_brain.cpp.o)
 .ARM.attributes
                0x200121d0       0x39 c:\Users\tooy0\AppData\Roaming\Code\User\globalStorage\vexrobotics.vexcode\sdk\cpp\IQ2\IQ2_20250520_15_00_00/vexiq2\libviq2rt.a(vex_timer.cpp.o)
 .ARM.attributes
                0x20012209       0x39 c:\Users\tooy0\AppData\Roaming\Code\User\globalStorage\vexrobotics.vexcode\sdk\cpp\IQ2\IQ2_20250520_15_00_00/vexiq2\libviq2rt.a(vex_touchled.cpp.o)
 .ARM.attributes
                0x20012242       0x39 c:\Users\tooy0\AppData\Roaming\Code\User\globalStorage\vexrobotics.vexcode\sdk\cpp\IQ2\IQ2_20250520_15_00_00/vexiq2\libviq2rt.a(vex_imu.cpp.o)
 .ARM.attributes
                0x2001227b       0x39 c:\Users\tooy0\AppData\Roaming\Code\User\globalStorage\vexrobotics.vexcode\sdk\cpp\IQ2\IQ2_20250520_15_00_00/vexiq2\libviq2rt.a(vex_event.cpp.o)
 .ARM.attributes
                0x200122b4       0x39 c:\Users\tooy0\AppData\Roaming\Code\User\globalStorage\vexrobotics.vexcode\sdk\cpp\IQ2\IQ2_20250520_15_00_00/vexiq2\libviq2rt.a(vex_device.cpp.o)
 .ARM.attributes
                0x200122ed       0x34 c:\Users\tooy0\AppData\Roaming\Code\User\globalStorage\vexrobotics.vexcode\sdk\cpp\IQ2\IQ2_20250520_15_00_00/vexiq2/gcc/libs\libc_nano.a(lib_a-aeabi_atexit.o)
 .ARM.attributes
                0x20012321       0x34 c:\Users\tooy0\AppData\Roaming\Code\User\globalStorage\vexrobotics.vexcode\sdk\cpp\IQ2\IQ2_20250520_15_00_00/vexiq2/gcc/libs\libc_nano.a(lib_a-findfp.o)
 .ARM.attributes
                0x20012355       0x34 c:\Users\tooy0\AppData\Roaming\Code\User\globalStorage\vexrobotics.vexcode\sdk\cpp\IQ2\IQ2_20250520_15_00_00/vexiq2/gcc/libs\libc_nano.a(lib_a-impure.o)
 .ARM.attributes
                0x20012389       0x34 c:\Users\tooy0\AppData\Roaming\Code\User\globalStorage\vexrobotics.vexcode\sdk\cpp\IQ2\IQ2_20250520_15_00_00/vexiq2/gcc/libs\libc_nano.a(lib_a-init.o)
 .ARM.attributes
                0x200123bd       0x34 c:\Users\tooy0\AppData\Roaming\Code\User\globalStorage\vexrobotics.vexcode\sdk\cpp\IQ2\IQ2_20250520_15_00_00/vexiq2/gcc/libs\libc_nano.a(lib_a-nano-freer.o)
 .ARM.attributes
                0x200123f1       0x34 c:\Users\tooy0\AppData\Roaming\Code\User\globalStorage\vexrobotics.vexcode\sdk\cpp\IQ2\IQ2_20250520_15_00_00/vexiq2/gcc/libs\libc_nano.a(lib_a-nano-mallocr.o)
 .ARM.attributes
                0x20012425       0x34 c:\Users\tooy0\AppData\Roaming\Code\User\globalStorage\vexrobotics.vexcode\sdk\cpp\IQ2\IQ2_20250520_15_00_00/vexiq2/gcc/libs\libc_nano.a(lib_a-mlock.o)
 .ARM.attributes
                0x20012459       0x34 c:\Users\tooy0\AppData\Roaming\Code\User\globalStorage\vexrobotics.vexcode\sdk\cpp\IQ2\IQ2_20250520_15_00_00/vexiq2/gcc/libs\libstdc++_nano.a(del_op.o)
 .ARM.attributes
                0x2001248d       0x34 c:\Users\tooy0\AppData\Roaming\Code\User\globalStorage\vexrobotics.vexcode\sdk\cpp\IQ2\IQ2_20250520_15_00_00/vexiq2/gcc/libs\libm.a(lib_a-w_fmod.o)
 .ARM.attributes
                0x200124c1       0x34 c:\Users\tooy0\AppData\Roaming\Code\User\globalStorage\vexrobotics.vexcode\sdk\cpp\IQ2\IQ2_20250520_15_00_00/vexiq2/gcc/libs\libm.a(lib_a-e_fmod.o)
 .ARM.attributes
                0x200124f5       0x34 c:\Users\tooy0\AppData\Roaming\Code\User\globalStorage\vexrobotics.vexcode\sdk\cpp\IQ2\IQ2_20250520_15_00_00/vexiq2/gcc/libs\libm.a(lib_a-s_lib_ver.o)
 .ARM.attributes
                0x20012529       0x34 c:\Users\tooy0\AppData\Roaming\Code\User\globalStorage\vexrobotics.vexcode\sdk\cpp\IQ2\IQ2_20250520_15_00_00/vexiq2/gcc/libs\libm.a(lib_a-s_matherr.o)
 .ARM.attributes
                0x2001255d       0x22 c:\Users\tooy0\AppData\Roaming\Code\User\globalStorage\vexrobotics.vexcode\sdk\cpp\IQ2\IQ2_20250520_15_00_00/vexiq2/gcc/libs\libgcc.a(_arm_addsubdf3.o)
 .ARM.attributes
                0x2001257f       0x22 c:\Users\tooy0\AppData\Roaming\Code\User\globalStorage\vexrobotics.vexcode\sdk\cpp\IQ2\IQ2_20250520_15_00_00/vexiq2/gcc/libs\libgcc.a(_arm_muldivdf3.o)
 .ARM.attributes
                0x200125a1       0x22 c:\Users\tooy0\AppData\Roaming\Code\User\globalStorage\vexrobotics.vexcode\sdk\cpp\IQ2\IQ2_20250520_15_00_00/vexiq2/gcc/libs\libgcc.a(_arm_cmpdf2.o)
 .ARM.attributes
                0x200125c3       0x22 c:\Users\tooy0\AppData\Roaming\Code\User\globalStorage\vexrobotics.vexcode\sdk\cpp\IQ2\IQ2_20250520_15_00_00/vexiq2/gcc/libs\libgcc.a(_arm_unorddf2.o)
 .ARM.attributes
                0x200125e5       0x22 c:\Users\tooy0\AppData\Roaming\Code\User\globalStorage\vexrobotics.vexcode\sdk\cpp\IQ2\IQ2_20250520_15_00_00/vexiq2/gcc/libs\libgcc.a(_arm_fixdfsi.o)
 .ARM.attributes
                0x20012607       0x39 c:\Users\tooy0\AppData\Roaming\Code\User\globalStorage\vexrobotics.vexcode\sdk\cpp\IQ2\IQ2_20250520_15_00_00/vexiq2\libviq2rt.a(iq2_fstubs.c.o)
 .ARM.attributes
                0x20012640       0x34 c:\Users\tooy0\AppData\Roaming\Code\User\globalStorage\vexrobotics.vexcode\sdk\cpp\IQ2\IQ2_20250520_15_00_00/vexiq2/gcc/libs\libc_nano.a(lib_a-malloc.o)
                0x20012674                __ARM.attributes_end = .

.sdata          0x20011ff8        0x0
                0x20011ff8                __sdata_start = .
 *(.sdata)
 *(.sdata.*)
 *(.gnu.linkonce.s.*)
                0x20011ff8                __sdata_end = .

.sbss           0x20011ff8        0x0
                0x20011ff8                __sbss_start = .
 *(.sbss)
 *(.sbss.*)
 *(.gnu.linkonce.sb.*)
                0x20011ff8                __sbss_end = .

.tdata          0x20011ff8        0x0
                0x20011ff8                __tdata_start = .
 *(.tdata)
 *(.tdata.*)
 *(.gnu.linkonce.td.*)
                0x20011ff8                __tdata_end = .

.tbss           0x20011ff8        0x0
                0x20011ff8                __tbss_start = .
 *(.tbss)
 *(.tbss.*)
 *(.gnu.linkonce.tb.*)
                0x20011ff8                __tbss_end = .

.bss            0x20011ff8      0x1b4
                0x20011ff8                __bss_start = .
 *(.bss)
 *(.bss.*)
 .bss.Brain     0x20011ff8       0xc4 build/src/main.o
                0x20011ff8                Brain
 *fill*         0x200120bc        0x4 
 .bss.BrainInertial
                0x200120c0       0x38 build/src/main.o
                0x200120c0                BrainInertial
 .bss.TouchLED12
                0x200120f8       0x1c build/src/main.o
                0x200120f8                TouchLED12
 .bss.__vex_critical_section
                0x20012114        0x1 c:\Users\tooy0\AppData\Roaming\Code\User\globalStorage\vexrobotics.vexcode\sdk\cpp\IQ2\IQ2_20250520_15_00_00/vexiq2\libviq2rt.a(iq2_startup.c.o)
                0x20012114                __vex_critical_section
 *fill*         0x20012115        0x3 
 .bss.__dso_handle
                0x20012118        0x4 c:\Users\tooy0\AppData\Roaming\Code\User\globalStorage\vexrobotics.vexcode\sdk\cpp\IQ2\IQ2_20250520_15_00_00/vexiq2\libviq2rt.a(iq2_startup.c.o)
                0x20012118                __dso_handle
 .bss._ZN3vex5color6orangeE
                0x2001211c        0x8 c:\Users\tooy0\AppData\Roaming\Code\User\globalStorage\vexrobotics.vexcode\sdk\cpp\IQ2\IQ2_20250520_15_00_00/vexiq2\libviq2rt.a(vex_color.cpp.o)
                0x2001211c                vex::color::orange
 .bss._ZN3vex5color13yellow_orangeE
                0x20012124        0x8 c:\Users\tooy0\AppData\Roaming\Code\User\globalStorage\vexrobotics.vexcode\sdk\cpp\IQ2\IQ2_20250520_15_00_00/vexiq2\libviq2rt.a(vex_color.cpp.o)
                0x20012124                vex::color::yellow_orange
 .bss._ZN3vex5color6violetE
                0x2001212c        0x8 c:\Users\tooy0\AppData\Roaming\Code\User\globalStorage\vexrobotics.vexcode\sdk\cpp\IQ2\IQ2_20250520_15_00_00/vexiq2\libviq2rt.a(vex_color.cpp.o)
                0x2001212c                vex::color::violet
 .bss._ZN3vex5color12yellow_greenE
                0x20012134        0x8 c:\Users\tooy0\AppData\Roaming\Code\User\globalStorage\vexrobotics.vexcode\sdk\cpp\IQ2\IQ2_20250520_15_00_00/vexiq2\libviq2rt.a(vex_color.cpp.o)
                0x20012134                vex::color::yellow_green
 .bss._ZN3vex5color5blackE
                0x2001213c        0x8 c:\Users\tooy0\AppData\Roaming\Code\User\globalStorage\vexrobotics.vexcode\sdk\cpp\IQ2\IQ2_20250520_15_00_00/vexiq2\libviq2rt.a(vex_color.cpp.o)
                0x2001213c                vex::color::black
 .bss._ZN3vex5color6yellowE
                0x20012144        0x8 c:\Users\tooy0\AppData\Roaming\Code\User\globalStorage\vexrobotics.vexcode\sdk\cpp\IQ2\IQ2_20250520_15_00_00/vexiq2\libviq2rt.a(vex_color.cpp.o)
                0x20012144                vex::color::yellow
 .bss._ZN3vex5color5greenE
                0x2001214c        0x8 c:\Users\tooy0\AppData\Roaming\Code\User\globalStorage\vexrobotics.vexcode\sdk\cpp\IQ2\IQ2_20250520_15_00_00/vexiq2\libviq2rt.a(vex_color.cpp.o)
                0x2001214c                vex::color::green
 .bss._ZN3vex5color6purpleE
                0x20012154        0x8 c:\Users\tooy0\AppData\Roaming\Code\User\globalStorage\vexrobotics.vexcode\sdk\cpp\IQ2\IQ2_20250520_15_00_00/vexiq2\libviq2rt.a(vex_color.cpp.o)
                0x20012154                vex::color::purple
 .bss._ZN3vex5color4cyanE
                0x2001215c        0x8 c:\Users\tooy0\AppData\Roaming\Code\User\globalStorage\vexrobotics.vexcode\sdk\cpp\IQ2\IQ2_20250520_15_00_00/vexiq2\libviq2rt.a(vex_color.cpp.o)
                0x2001215c                vex::color::cyan
 .bss._ZN3vex5color10red_violetE
                0x20012164        0x8 c:\Users\tooy0\AppData\Roaming\Code\User\globalStorage\vexrobotics.vexcode\sdk\cpp\IQ2\IQ2_20250520_15_00_00/vexiq2\libviq2rt.a(vex_color.cpp.o)
                0x20012164                vex::color::red_violet
 .bss._ZN3vex5color4blueE
                0x2001216c        0x8 c:\Users\tooy0\AppData\Roaming\Code\User\globalStorage\vexrobotics.vexcode\sdk\cpp\IQ2\IQ2_20250520_15_00_00/vexiq2\libviq2rt.a(vex_color.cpp.o)
                0x2001216c                vex::color::blue
 .bss._ZN3vex5color3redE
                0x20012174        0x8 c:\Users\tooy0\AppData\Roaming\Code\User\globalStorage\vexrobotics.vexcode\sdk\cpp\IQ2\IQ2_20250520_15_00_00/vexiq2\libviq2rt.a(vex_color.cpp.o)
                0x20012174                vex::color::red
 .bss._ZN3vex5color11blue_violetE
                0x2001217c        0x8 c:\Users\tooy0\AppData\Roaming\Code\User\globalStorage\vexrobotics.vexcode\sdk\cpp\IQ2\IQ2_20250520_15_00_00/vexiq2\libviq2rt.a(vex_color.cpp.o)
                0x2001217c                vex::color::blue_violet
 .bss._ZN3vex5color10blue_greenE
                0x20012184        0x8 c:\Users\tooy0\AppData\Roaming\Code\User\globalStorage\vexrobotics.vexcode\sdk\cpp\IQ2\IQ2_20250520_15_00_00/vexiq2\libviq2rt.a(vex_color.cpp.o)
                0x20012184                vex::color::blue_green
 .bss._ZN3vex5color11transparentE
                0x2001218c        0x8 c:\Users\tooy0\AppData\Roaming\Code\User\globalStorage\vexrobotics.vexcode\sdk\cpp\IQ2\IQ2_20250520_15_00_00/vexiq2\libviq2rt.a(vex_color.cpp.o)
                0x2001218c                vex::color::transparent
 .bss._ZN3vex5color5whiteE
                0x20012194        0x8 c:\Users\tooy0\AppData\Roaming\Code\User\globalStorage\vexrobotics.vexcode\sdk\cpp\IQ2\IQ2_20250520_15_00_00/vexiq2\libviq2rt.a(vex_color.cpp.o)
                0x20012194                vex::color::white
 .bss._ZN3vex5color10red_orangeE
                0x2001219c        0x8 c:\Users\tooy0\AppData\Roaming\Code\User\globalStorage\vexrobotics.vexcode\sdk\cpp\IQ2\IQ2_20250520_15_00_00/vexiq2\libviq2rt.a(vex_color.cpp.o)
                0x2001219c                vex::color::red_orange
 .bss._ZN3vex4task8_labelIdE
                0x200121a4        0x4 c:\Users\tooy0\AppData\Roaming\Code\User\globalStorage\vexrobotics.vexcode\sdk\cpp\IQ2\IQ2_20250520_15_00_00/vexiq2\libviq2rt.a(vex_task.cpp.o)
                0x200121a4                vex::task::_labelId
 .bss.__malloc_free_list
                0x200121a8        0x4 c:\Users\tooy0\AppData\Roaming\Code\User\globalStorage\vexrobotics.vexcode\sdk\cpp\IQ2\IQ2_20250520_15_00_00/vexiq2/gcc/libs\libc_nano.a(lib_a-nano-mallocr.o)
                0x200121a8                __malloc_free_list
 *(.gnu.linkonce.b.*)
 *(COMMON)
                0x200121ac                __bss_end = .
                0x20011ff8                _SDA_BASE_ = (__sdata_start + ((__sbss_end - __sdata_start) / 0x2))
                0x20011f78                _SDA2_BASE_ = (__sdata2_start + ((__sbss2_end - __sdata2_start) / 0x2))

.heap           0x200121ac     0x1004
                0x200121b0                . = ALIGN (0x10)
 *fill*         0x200121ac        0x4 
                0x200121b0                _heap = .
                0x200121b0                HeapBase = .
                0x200121b0                _heap_start = .
                0x200131b0                . = (. + _HEAP_SIZE)
 *fill*         0x200121b0     0x1000 
                0x200131b0                _heap_end = .
                0x200131b0                HeapLimit = .

.stack          0x200131b0       0x20
                0x200131b0                . = ALIGN (0x10)
                0x200131b0                _stack_end = .
                0x200131d0                . = (. + _STACK_SIZE)
 *fill*         0x200131b0       0x20 
                0x200131d0                . = ALIGN (0x10)
                0x200131d0                _stack = .
                0x200131d0                __stack = _stack
                0x200131d0                _end = .
LOAD build/src/main.o
START GROUP
LOAD c:\Users\tooy0\AppData\Roaming\Code\User\globalStorage\vexrobotics.vexcode\sdk\cpp\IQ2\IQ2_20250520_15_00_00/vexiq2\libviq2rt.a
LOAD c:\Users\tooy0\AppData\Roaming\Code\User\globalStorage\vexrobotics.vexcode\sdk\cpp\IQ2\IQ2_20250520_15_00_00/vexiq2/gcc/libs\libc_nano.a
LOAD c:\Users\tooy0\AppData\Roaming\Code\User\globalStorage\vexrobotics.vexcode\sdk\cpp\IQ2\IQ2_20250520_15_00_00/vexiq2/gcc/libs\libstdc++_nano.a
LOAD c:\Users\tooy0\AppData\Roaming\Code\User\globalStorage\vexrobotics.vexcode\sdk\cpp\IQ2\IQ2_20250520_15_00_00/vexiq2/gcc/libs\libm.a
LOAD c:\Users\tooy0\AppData\Roaming\Code\User\globalStorage\vexrobotics.vexcode\sdk\cpp\IQ2\IQ2_20250520_15_00_00/vexiq2/gcc/libs\libgcc.a
END GROUP
OUTPUT(build/Calibrate.elf elf32-littlearm)

.comment        0x00000000       0x9d
 .comment       0x00000000       0x2d build/src/main.o
                                 0x2e (size before relaxing)
 .comment       0x0000002d       0x70 c:\Users\tooy0\AppData\Roaming\Code\User\globalStorage\vexrobotics.vexcode\sdk\cpp\IQ2\IQ2_20250520_15_00_00/vexiq2\libviq2rt.a(iq2_startup.c.o)
                                 0x71 (size before relaxing)
 .comment       0x00000000       0x71 c:\Users\tooy0\AppData\Roaming\Code\User\globalStorage\vexrobotics.vexcode\sdk\cpp\IQ2\IQ2_20250520_15_00_00/vexiq2\libviq2rt.a(iq2_apijump.c.o)
 .comment       0x00000000       0x71 c:\Users\tooy0\AppData\Roaming\Code\User\globalStorage\vexrobotics.vexcode\sdk\cpp\IQ2\IQ2_20250520_15_00_00/vexiq2\libviq2rt.a(vex_global.cpp.o)
 .comment       0x00000000       0x71 c:\Users\tooy0\AppData\Roaming\Code\User\globalStorage\vexrobotics.vexcode\sdk\cpp\IQ2\IQ2_20250520_15_00_00/vexiq2\libviq2rt.a(vex_color.cpp.o)
 .comment       0x00000000       0x71 c:\Users\tooy0\AppData\Roaming\Code\User\globalStorage\vexrobotics.vexcode\sdk\cpp\IQ2\IQ2_20250520_15_00_00/vexiq2\libviq2rt.a(vex_task.cpp.o)
 .comment       0x00000000       0x71 c:\Users\tooy0\AppData\Roaming\Code\User\globalStorage\vexrobotics.vexcode\sdk\cpp\IQ2\IQ2_20250520_15_00_00/vexiq2\libviq2rt.a(vex_thread.cpp.o)
 .comment       0x00000000       0x71 c:\Users\tooy0\AppData\Roaming\Code\User\globalStorage\vexrobotics.vexcode\sdk\cpp\IQ2\IQ2_20250520_15_00_00/vexiq2\libviq2rt.a(vex_brain.cpp.o)
 .comment       0x00000000       0x71 c:\Users\tooy0\AppData\Roaming\Code\User\globalStorage\vexrobotics.vexcode\sdk\cpp\IQ2\IQ2_20250520_15_00_00/vexiq2\libviq2rt.a(vex_timer.cpp.o)
 .comment       0x00000000       0x71 c:\Users\tooy0\AppData\Roaming\Code\User\globalStorage\vexrobotics.vexcode\sdk\cpp\IQ2\IQ2_20250520_15_00_00/vexiq2\libviq2rt.a(vex_touchled.cpp.o)
 .comment       0x00000000       0x71 c:\Users\tooy0\AppData\Roaming\Code\User\globalStorage\vexrobotics.vexcode\sdk\cpp\IQ2\IQ2_20250520_15_00_00/vexiq2\libviq2rt.a(vex_imu.cpp.o)
 .comment       0x00000000       0x71 c:\Users\tooy0\AppData\Roaming\Code\User\globalStorage\vexrobotics.vexcode\sdk\cpp\IQ2\IQ2_20250520_15_00_00/vexiq2\libviq2rt.a(vex_event.cpp.o)
 .comment       0x00000000       0x71 c:\Users\tooy0\AppData\Roaming\Code\User\globalStorage\vexrobotics.vexcode\sdk\cpp\IQ2\IQ2_20250520_15_00_00/vexiq2\libviq2rt.a(vex_device.cpp.o)
 .comment       0x00000000       0x71 c:\Users\tooy0\AppData\Roaming\Code\User\globalStorage\vexrobotics.vexcode\sdk\cpp\IQ2\IQ2_20250520_15_00_00/vexiq2\libviq2rt.a(iq2_fstubs.c.o)

.note.GNU-stack
                0x00000000        0x0
 .note.GNU-stack
                0x00000000        0x0 build/src/main.o

.debug_frame    0x00000000      0x4f0
 .debug_frame   0x00000000       0x20 c:\Users\tooy0\AppData\Roaming\Code\User\globalStorage\vexrobotics.vexcode\sdk\cpp\IQ2\IQ2_20250520_15_00_00/vexiq2/gcc/libs\libc_nano.a(lib_a-aeabi_atexit.o)
 .debug_frame   0x00000020      0x11c c:\Users\tooy0\AppData\Roaming\Code\User\globalStorage\vexrobotics.vexcode\sdk\cpp\IQ2\IQ2_20250520_15_00_00/vexiq2/gcc/libs\libc_nano.a(lib_a-findfp.o)
 .debug_frame   0x0000013c       0x2c c:\Users\tooy0\AppData\Roaming\Code\User\globalStorage\vexrobotics.vexcode\sdk\cpp\IQ2\IQ2_20250520_15_00_00/vexiq2/gcc/libs\libc_nano.a(lib_a-init.o)
 .debug_frame   0x00000168       0x38 c:\Users\tooy0\AppData\Roaming\Code\User\globalStorage\vexrobotics.vexcode\sdk\cpp\IQ2\IQ2_20250520_15_00_00/vexiq2/gcc/libs\libc_nano.a(lib_a-nano-freer.o)
 .debug_frame   0x000001a0       0x2c c:\Users\tooy0\AppData\Roaming\Code\User\globalStorage\vexrobotics.vexcode\sdk\cpp\IQ2\IQ2_20250520_15_00_00/vexiq2/gcc/libs\libc_nano.a(lib_a-nano-mallocr.o)
 .debug_frame   0x000001cc       0x30 c:\Users\tooy0\AppData\Roaming\Code\User\globalStorage\vexrobotics.vexcode\sdk\cpp\IQ2\IQ2_20250520_15_00_00/vexiq2/gcc/libs\libc_nano.a(lib_a-mlock.o)
 .debug_frame   0x000001fc       0x20 c:\Users\tooy0\AppData\Roaming\Code\User\globalStorage\vexrobotics.vexcode\sdk\cpp\IQ2\IQ2_20250520_15_00_00/vexiq2/gcc/libs\libstdc++_nano.a(del_op.o)
 .debug_frame   0x0000021c       0x4c c:\Users\tooy0\AppData\Roaming\Code\User\globalStorage\vexrobotics.vexcode\sdk\cpp\IQ2\IQ2_20250520_15_00_00/vexiq2/gcc/libs\libm.a(lib_a-w_fmod.o)
 .debug_frame   0x00000268       0x34 c:\Users\tooy0\AppData\Roaming\Code\User\globalStorage\vexrobotics.vexcode\sdk\cpp\IQ2\IQ2_20250520_15_00_00/vexiq2/gcc/libs\libm.a(lib_a-e_fmod.o)
 .debug_frame   0x0000029c       0x20 c:\Users\tooy0\AppData\Roaming\Code\User\globalStorage\vexrobotics.vexcode\sdk\cpp\IQ2\IQ2_20250520_15_00_00/vexiq2/gcc/libs\libm.a(lib_a-s_matherr.o)
 .debug_frame   0x000002bc       0xac c:\Users\tooy0\AppData\Roaming\Code\User\globalStorage\vexrobotics.vexcode\sdk\cpp\IQ2\IQ2_20250520_15_00_00/vexiq2/gcc/libs\libgcc.a(_arm_addsubdf3.o)
 .debug_frame   0x00000368       0x50 c:\Users\tooy0\AppData\Roaming\Code\User\globalStorage\vexrobotics.vexcode\sdk\cpp\IQ2\IQ2_20250520_15_00_00/vexiq2/gcc/libs\libgcc.a(_arm_muldivdf3.o)
 .debug_frame   0x000003b8       0xc4 c:\Users\tooy0\AppData\Roaming\Code\User\globalStorage\vexrobotics.vexcode\sdk\cpp\IQ2\IQ2_20250520_15_00_00/vexiq2/gcc/libs\libgcc.a(_arm_cmpdf2.o)
 .debug_frame   0x0000047c       0x20 c:\Users\tooy0\AppData\Roaming\Code\User\globalStorage\vexrobotics.vexcode\sdk\cpp\IQ2\IQ2_20250520_15_00_00/vexiq2/gcc/libs\libgcc.a(_arm_unorddf2.o)
 .debug_frame   0x0000049c       0x24 c:\Users\tooy0\AppData\Roaming\Code\User\globalStorage\vexrobotics.vexcode\sdk\cpp\IQ2\IQ2_20250520_15_00_00/vexiq2/gcc/libs\libgcc.a(_arm_fixdfsi.o)
 .debug_frame   0x000004c0       0x30 c:\Users\tooy0\AppData\Roaming\Code\User\globalStorage\vexrobotics.vexcode\sdk\cpp\IQ2\IQ2_20250520_15_00_00/vexiq2/gcc/libs\libc_nano.a(lib_a-malloc.o)
